Archive member included because of file (symbol)

./out/lib/ext_drivers.a(cr_startup_lpc43xx.o)
                              (ResetISR)
./out/lib/ext_drivers.a(sysinit.o)
                              ./out/lib/ext_drivers.a(cr_startup_lpc43xx.o) (SystemInit)
./out/lib/ext_drivers.a(fpu_init.o)
                              ./out/lib/ext_drivers.a(sysinit.o) (fpuInit)
./out/lib/ext_drivers.a(sysinit_18xx_43xx.o)
                              ./out/lib/ext_drivers.a(sysinit.o) (Chip_SystemInit)
./out/lib/ext_drivers.a(clock_18xx_43xx.o)
                              ./out/lib/ext_drivers.a(sysinit_18xx_43xx.o) (Chip_Clock_EnableCrystal)
./out/lib/rtos.a(StartOS.o)   ./out/obj/main.o (StartOS)
./out/lib/rtos.a(Os_Internal.o)
                              ./out/lib/rtos.a(StartOS.o) (RunningTask)
./out/lib/rtos.a(Schedule.o)  ./out/lib/rtos.a(StartOS.o) (Schedule_Int)
./out/lib/rtos.a(ActivateTask.o)
                              ./out/lib/rtos.a(StartOS.o) (ActivateTask)
./out/lib/rtos.a(Os.o)        ./out/lib/rtos.a(StartOS.o) (SuspendAllInterrupts_Counter)
./out/lib/rtos.a(TerminateTask.o)
                              ./out/obj/main.o (TerminateTask)
./out/lib/rtos.a(ShutdownOS.o)
                              ./out/obj/main.o (ShutdownOS)
./out/lib/rtos.a(SetRelAlarm.o)
                              ./out/obj/main.o (SetRelAlarm)
./out/lib/rtos.a(StartOs_Arch.o)
                              ./out/lib/rtos.a(StartOS.o) (StartOs_Arch)
./out/lib/rtos.a(Os_Internal_Arch.o)
                              ./out/lib/rtos.a(Schedule.o) (Osek_NewTaskPtr_Arch)
./out/lib/rtos.a(Os_Cfg.o)    ./out/lib/rtos.a(Schedule.o) (Osek_ErrorApi)
./out/lib/rtos.a(Os_Internal_Cfg.o)
                              ./out/lib/rtos.a(Os_Internal.o) (TasksConst)
./out/lib/rtos.a(Os_Internal_Arch_Cfg.o)
                              ./out/lib/ext_drivers.a(cr_startup_lpc43xx.o) (g_pfnVectors)
./out/lib/rtos.a(SetEvent.o)  ./out/lib/rtos.a(Os_Internal.o) (SetEvent)
./out/lib/rtos.a(StartOs_Arch_SysTick.o)
                              ./out/lib/rtos.a(StartOs_Arch.o) (StartOs_Arch_SysTick)
./out/lib/rtos.a(PendSV.o)    ./out/lib/rtos.a(Os_Internal_Arch_Cfg.o) (PendSV_Handler)
./out/lib/ext_drivers.a(chip_18xx_43xx.o)
                              ./out/lib/rtos.a(StartOs_Arch_SysTick.o) (SystemCoreClock)
c:/ciaa/cygwin/usr/arm-none-eabi/bin/../lib/gcc/arm-none-eabi/4.8.4/../../../../arm-none-eabi/lib/armv7e-m/softfp\libc.a(lib_a-memset.o)
                              ./out/lib/ext_drivers.a(clock_18xx_43xx.o) (memset)

Allocating common symbols
Common symbol       size              file

ReadyList0          0x1               ./out/lib/rtos.a(Os_Internal_Cfg.o)
Osek_ErrorRet       0x4               ./out/lib/rtos.a(Os_Cfg.o)
ApplicationMode     0x1               ./out/lib/rtos.a(Os_Internal_Cfg.o)
StackTaskInitTask   0x200             ./out/lib/rtos.a(Os_Internal_Cfg.o)
ReadyVar            0x4               ./out/lib/rtos.a(Os_Internal_Cfg.o)
AlarmsVar           0xc               ./out/lib/rtos.a(Os_Internal_Cfg.o)
DisableAllInterrupts_Counter
                    0x1               ./out/lib/rtos.a(Os.o)
Osek_OldTaskPtr_Arch
                    0x4               ./out/lib/rtos.a(Os_Internal_Arch.o)
ReadyList1          0x1               ./out/lib/rtos.a(Os_Internal_Cfg.o)
SystemCoreClock     0x4               ./out/lib/ext_drivers.a(chip_18xx_43xx.o)
ContextTaskInitTask
                    0x4               ./out/lib/rtos.a(Os_Internal_Cfg.o)
ErrorHookRunning    0x1               ./out/lib/rtos.a(Os_Internal_Cfg.o)
Osek_ErrorApi       0x4               ./out/lib/rtos.a(Os_Cfg.o)
RunningTask         0x1               ./out/lib/rtos.a(Os_Internal.o)
Osek_ErrorParam3    0x4               ./out/lib/rtos.a(Os_Cfg.o)
CountersVar         0x4               ./out/lib/rtos.a(Os_Internal_Cfg.o)
Osek_NewTaskPtr_Arch
                    0x4               ./out/lib/rtos.a(Os_Internal_Arch.o)
SuspendAllInterrupts_Counter
                    0x1               ./out/lib/rtos.a(Os.o)
TasksVar            0x28              ./out/lib/rtos.a(Os_Internal_Cfg.o)
ContextTaskPeriodicTask
                    0x4               ./out/lib/rtos.a(Os_Internal_Cfg.o)
Osek_ErrorParam1    0x4               ./out/lib/rtos.a(Os_Cfg.o)
Osek_ErrorParam2    0x4               ./out/lib/rtos.a(Os_Cfg.o)
SuspendOSInterrupts_Counter
                    0x1               ./out/lib/rtos.a(Os.o)
StackTaskPeriodicTask
                    0x200             ./out/lib/rtos.a(Os_Internal_Cfg.o)
ActualContext       0x1               ./out/lib/rtos.a(Os_Internal.o)

Discarded input sections

 .group         0x00000000        0x8 ./out/obj/HW_buttons.o
 .group         0x00000000        0x8 ./out/obj/HW_buttons.o
 .group         0x00000000        0x8 ./out/obj/HW_buttons.o
 .group         0x00000000        0x8 ./out/obj/HW_buttons.o
 .group         0x00000000        0x8 ./out/obj/HW_buttons.o
[...]
Memory Configuration

Name             Origin             Length             Attributes
MFlashA512       0x1a000000         0x00080000         xr
MFlashB512       0x1b000000         0x00080000         xr
RamLoc32         0x10000000         0x00008000         xrw
RamLoc40         0x10080000         0x0000a000         xrw
RamAHB32         0x20000000         0x00008000         xrw
RamAHB16         0x20008000         0x00004000         xrw
RamAHB_ETB16     0x2000c000         0x00004000         xrw
*default*        0x00000000         0xffffffff

Linker script and memory map

LOAD ./out/obj/HW_buttons.o
LOAD ./out/obj/main.o
LOAD ./out/obj/DRIVER_GPIO.o
LOAD ./out/obj/HW_leds.o
LOAD ./out/obj/crp.o
START GROUP
LOAD ./out/lib/ext_drivers.a
LOAD ./out/lib/rtos.a
LOAD ./out/lib/ext_base.a
END GROUP
START GROUP
LOAD c:/ciaa/cygwin/usr/arm-none-eabi/bin/../lib/gcc/arm-none-eabi/4.8.4/armv7e-m/softfp\libgcc.a
LOAD c:/ciaa/cygwin/usr/arm-none-eabi/bin/../lib/gcc/arm-none-eabi/4.8.4/../../../../arm-none-eabi/lib/armv7e-m/softfp\libc.a
LOAD c:/ciaa/cygwin/usr/arm-none-eabi/bin/../lib/gcc/arm-none-eabi/4.8.4/../../../../arm-none-eabi/lib/armv7e-m/softfp\libm.a
END GROUP
                0x1a080000                __top_MFlashA512 = 0x1a080000
                0x1b080000                __top_MFlashB512 = 0x1b080000
                0x10008000                __top_RamLoc32 = 0x10008000
                0x1008a000                __top_RamLoc40 = 0x1008a000
                0x20008000                __top_RamAHB32 = 0x20008000
                0x2000c000                __top_RamAHB16 = 0x2000c000
                0x20010000                __top_RamAHB_ETB16 = 0x20010000

.text_Flash2    0x1b000000        0x0
 FILL mask 0xff
 *(.text_Flash2*)
 *(.text_MFlashB512*)
 *(.text.$Flash2*)
 *(.text.$MFlashB512*)
 *(.rodata.$Flash2*)
 *(.rodata.$MFlashB512*)

.text           0x1a000000     0x2844
 FILL mask 0xff
                0x1a000000                __vectors_start__ = ABSOLUTE (.)
 *(.isr_vector)
 .isr_vector    0x1a000000      0x114 ./out/lib/rtos.a(Os_Internal_Arch_Cfg.o)
                0x1a000000                g_pfnVectors
                0x1a000114                . = ALIGN (0x4)
                0x1a000114                __section_table_start = .
                0x1a000114                __data_section_table = .
                0x1a000114        0x4 LONG 0x1a002844 LOADADDR (.data)
                0x1a000118        0x4 LONG 0x10000000 ADDR (.data)
                0x1a00011c        0x4 LONG 0x38 SIZEOF (.data)
                0x1a000120        0x4 LONG 0x1a002844 LOADADDR (.data_RAM2)
                0x1a000124        0x4 LONG 0x10080000 ADDR (.data_RAM2)
                0x1a000128        0x4 LONG 0x0 SIZEOF (.data_RAM2)
                0x1a00012c        0x4 LONG 0x1a002844 LOADADDR (.data_RAM3)
                0x1a000130        0x4 LONG 0x20000000 ADDR (.data_RAM3)
                0x1a000134        0x4 LONG 0x0 SIZEOF (.data_RAM3)
                0x1a000138        0x4 LONG 0x1a002844 LOADADDR (.data_RAM4)
                0x1a00013c        0x4 LONG 0x20008000 ADDR (.data_RAM4)
                0x1a000140        0x4 LONG 0x0 SIZEOF (.data_RAM4)
                0x1a000144        0x4 LONG 0x1a002844 LOADADDR (.data_RAM5)
                0x1a000148        0x4 LONG 0x2000c000 ADDR (.data_RAM5)
                0x1a00014c        0x4 LONG 0x0 SIZEOF (.data_RAM5)
                0x1a000150                __data_section_table_end = .
                0x1a000150                __bss_section_table = .
                0x1a000150        0x4 LONG 0x10000038 ADDR (.bss)
                0x1a000154        0x4 LONG 0x498 SIZEOF (.bss)
                0x1a000158        0x4 LONG 0x10080000 ADDR (.bss_RAM2)
                0x1a00015c        0x4 LONG 0x0 SIZEOF (.bss_RAM2)
                0x1a000160        0x4 LONG 0x20000000 ADDR (.bss_RAM3)
                0x1a000164        0x4 LONG 0x0 SIZEOF (.bss_RAM3)
                0x1a000168        0x4 LONG 0x20008000 ADDR (.bss_RAM4)
                0x1a00016c        0x4 LONG 0x0 SIZEOF (.bss_RAM4)
                0x1a000170        0x4 LONG 0x2000c000 ADDR (.bss_RAM5)
                0x1a000174        0x4 LONG 0x0 SIZEOF (.bss_RAM5)
                0x1a000178                __bss_section_table_end = .
                0x1a000178                __section_table_end = .
 *(.after_vectors*)
 .after_vectors
                0x1a000178       0x7c ./out/lib/ext_drivers.a(cr_startup_lpc43xx.o)
                0x1a000178                data_init
                0x1a0001bc                bss_init
 .after_vectors
                0x1a0001f4       0x38 ./out/lib/rtos.a(Os_Internal_Arch_Cfg.o)
                0x1a0001f4                NMI_Handler
                0x1a0001fc                HardFault_Handler
                0x1a000204                MemManage_Handler
                0x1a00020c                BusFault_Handler
                0x1a000214                UsageFault_Handler
                0x1a00021c                SVC_Handler
                0x1a000224                DebugMon_Handler
                0x000002fc                . = 0x2fc
 *fill*         0x1a00022c       0xd0 ff
                0x1a0002fc                PROVIDE (__CRP_WORD_START__, .)
 *(.crp)
 .crp           0x1a0002fc        0x4 ./out/obj/crp.o
                0x1a0002fc                CRP_WORD
                0x1a000300                PROVIDE (__CRP_WORD_END__, .)
                0x00000001                ASSERT (! ((__CRP_WORD_START__ == __CRP_WORD_END__)), Linker CRP Enabled, but no CRP_WORD provided within application)
 *(.text*)
 .text.buttonConstructor
                0x1a000300       0x38 ./out/obj/HW_buttons.o
                0x1a000300                buttonConstructor
 .text.buttonInitWithoutPullUp
                0x1a000338       0x34 ./out/obj/HW_buttons.o
                0x1a000338                buttonInitWithoutPullUp
 .text.buttonUpdate
                0x1a00036c       0x64 ./out/obj/HW_buttons.o
                0x1a00036c                buttonUpdate
 .text.buttonGetTime
                0x1a0003d0       0x18 ./out/obj/HW_buttons.o
                0x1a0003d0                buttonGetTime
 .text.buttonGetState
                0x1a0003e8       0x18 ./out/obj/HW_buttons.o
                0x1a0003e8                buttonGetState
 .text.main     0x1a000400       0x10 ./out/obj/main.o
                0x1a000400                main
 .text.ErrorHook
                0x1a000410        0xc ./out/obj/main.o
                0x1a000410                ErrorHook
 .text.OSEK_TASK_InitTask
                0x1a00041c       0x18 ./out/obj/main.o
                0x1a00041c                OSEK_TASK_InitTask
 .text.OSEK_TASK_PeriodicTask
                0x1a000434       0x98 ./out/obj/main.o
                0x1a000434                OSEK_TASK_PeriodicTask
 .text.Chip_SCU_PinMuxSet
                0x1a0004cc       0x30 ./out/obj/DRIVER_GPIO.o
 .text.Chip_GPIO_SetPinState
                0x1a0004fc       0x28 ./out/obj/DRIVER_GPIO.o
 .text.Chip_GPIO_ReadPortBit
                0x1a000524       0x34 ./out/obj/DRIVER_GPIO.o
 .text.Chip_GPIO_SetPinDIROutput
                0x1a000558       0x3c ./out/obj/DRIVER_GPIO.o
 .text.Chip_GPIO_SetPinDIRInput
                0x1a000594       0x40 ./out/obj/DRIVER_GPIO.o
 .text.GPIO_setAsInput
                0x1a0005d4       0x28 ./out/obj/DRIVER_GPIO.o
                0x1a0005d4                GPIO_setAsInput
 .text.GPIO_setAsOutput
                0x1a0005fc       0x28 ./out/obj/DRIVER_GPIO.o
                0x1a0005fc                GPIO_setAsOutput
 .text.GPIO_setON
                0x1a000624       0x28 ./out/obj/DRIVER_GPIO.o
                0x1a000624                GPIO_setON
 .text.GPIO_SetOFF
                0x1a00064c       0x28 ./out/obj/DRIVER_GPIO.o
                0x1a00064c                GPIO_SetOFF
 .text.GPIO_pinConfiguration
                0x1a000674       0x2c ./out/obj/DRIVER_GPIO.o
                0x1a000674                GPIO_pinConfiguration
 .text.GPIO_getValue
                0x1a0006a0       0x2c ./out/obj/DRIVER_GPIO.o
                0x1a0006a0                GPIO_getValue
 .text.led_SetON
                0x1a0006cc       0x30 ./out/obj/HW_leds.o
                0x1a0006cc                led_SetON
 .text.led_SetOFF
                0x1a0006fc       0x30 ./out/obj/HW_leds.o
                0x1a0006fc                led_SetOFF
 .text.led_Init
                0x1a00072c       0x80 ./out/obj/HW_leds.o
                0x1a00072c                led_Init
 .text.ResetISR
                0x1a0007ac       0xe4 ./out/lib/ext_drivers.a(cr_startup_lpc43xx.o)
                0x1a0007ac                ResetISR
 .text.SystemInit
                0x1a000890       0x1c ./out/lib/ext_drivers.a(sysinit.o)
                0x1a000890                SystemInit
 .text.fpuInit  0x1a0008ac       0x74 ./out/lib/ext_drivers.a(fpu_init.o)
                0x1a0008ac                fpuInit
 .text.Chip_Clock_DisableMainPLL
                0x1a000920       0x1c ./out/lib/ext_drivers.a(sysinit_18xx_43xx.o)
 .text.Chip_Clock_SetupMainPLL
                0x1a00093c       0x40 ./out/lib/ext_drivers.a(sysinit_18xx_43xx.o)
 .text.Chip_Clock_MainPLLLocked
                0x1a00097c       0x24 ./out/lib/ext_drivers.a(sysinit_18xx_43xx.o)
 .text.Chip_SetupCoreClock
                0x1a0009a0      0x15c ./out/lib/ext_drivers.a(sysinit_18xx_43xx.o)
                0x1a0009a0                Chip_SetupCoreClock
 .text.Chip_SetupIrcClocking
                0x1a000afc       0x14 ./out/lib/ext_drivers.a(sysinit_18xx_43xx.o)
                0x1a000afc                Chip_SetupIrcClocking
 .text.Chip_SystemInit
                0x1a000b10        0xc ./out/lib/ext_drivers.a(sysinit_18xx_43xx.o)
                0x1a000b10                Chip_SystemInit
 .text.ABS      0x1a000b1c       0x24 ./out/lib/ext_drivers.a(clock_18xx_43xx.o)
 .text.pll_calc_divs
                0x1a000b40      0x11c ./out/lib/ext_drivers.a(clock_18xx_43xx.o)
 .text.pll_get_frac
                0x1a000c5c      0x178 ./out/lib/ext_drivers.a(clock_18xx_43xx.o)
 .text.Chip_Clock_GetDivRate
                0x1a000dd4       0x40 ./out/lib/ext_drivers.a(clock_18xx_43xx.o)
 .text.Chip_Clock_FindBaseClock
                0x1a000e14       0x88 ./out/lib/ext_drivers.a(clock_18xx_43xx.o)
 .text.Chip_Clock_EnableCrystal
                0x1a000e9c       0x6c ./out/lib/ext_drivers.a(clock_18xx_43xx.o)
                0x1a000e9c                Chip_Clock_EnableCrystal
 .text.Chip_Clock_CalcMainPLLValue
                0x1a000f08       0xd4 ./out/lib/ext_drivers.a(clock_18xx_43xx.o)
                0x1a000f08                Chip_Clock_CalcMainPLLValue
 .text.Chip_Clock_GetMainPLLHz
                0x1a000fdc       0xc0 ./out/lib/ext_drivers.a(clock_18xx_43xx.o)
                0x1a000fdc                Chip_Clock_GetMainPLLHz
 .text.Chip_Clock_GetDividerSource
                0x1a00109c       0x40 ./out/lib/ext_drivers.a(clock_18xx_43xx.o)
                0x1a00109c                Chip_Clock_GetDividerSource
 .text.Chip_Clock_GetDividerDivisor
                0x1a0010dc       0x38 ./out/lib/ext_drivers.a(clock_18xx_43xx.o)
                0x1a0010dc                Chip_Clock_GetDividerDivisor
 .text.Chip_Clock_GetClockInputHz
                0x1a001114      0x140 ./out/lib/ext_drivers.a(clock_18xx_43xx.o)
                0x1a001114                Chip_Clock_GetClockInputHz
 .text.Chip_Clock_GetBaseClocktHz
                0x1a001254       0x24 ./out/lib/ext_drivers.a(clock_18xx_43xx.o)
                0x1a001254                Chip_Clock_GetBaseClocktHz
 .text.Chip_Clock_SetBaseClock
                0x1a001278       0x8c ./out/lib/ext_drivers.a(clock_18xx_43xx.o)
                0x1a001278                Chip_Clock_SetBaseClock
 .text.Chip_Clock_GetBaseClock
                0x1a001304       0x4c ./out/lib/ext_drivers.a(clock_18xx_43xx.o)
                0x1a001304                Chip_Clock_GetBaseClock
 .text.Chip_Clock_GetRate
                0x1a001350       0x88 ./out/lib/ext_drivers.a(clock_18xx_43xx.o)
                0x1a001350                Chip_Clock_GetRate
 .text.StartOS  0x1a0013d8       0xc8 ./out/lib/rtos.a(StartOS.o)
                0x1a0013d8                StartOS
 .text.AddReady
                0x1a0014a0       0xb0 ./out/lib/rtos.a(Os_Internal.o)
                0x1a0014a0                AddReady
 .text.RemoveTask
                0x1a001550       0x98 ./out/lib/rtos.a(Os_Internal.o)
                0x1a001550                RemoveTask
 .text.GetNextTask
                0x1a0015e8       0xe8 ./out/lib/rtos.a(Os_Internal.o)
                0x1a0015e8                GetNextTask
 .text.OSEK_ISR_NoHandler
                0x1a0016d0        0x8 ./out/lib/rtos.a(Os_Internal.o)
                0x1a0016d0                OSEK_ISR_NoHandler
 .text.IncrementAlarm
                0x1a0016d8      0x228 ./out/lib/rtos.a(Os_Internal.o)
                0x1a0016d8                IncrementAlarm
 .text.IncrementCounter
                0x1a001900       0xe8 ./out/lib/rtos.a(Os_Internal.o)
                0x1a001900                IncrementCounter
 .text.Schedule_Int
                0x1a0019e8      0x2bc ./out/lib/rtos.a(Schedule.o)
                0x1a0019e8                Schedule_Int
 .text.ActivateTask
                0x1a001ca4      0x190 ./out/lib/rtos.a(ActivateTask.o)
                0x1a001ca4                ActivateTask
 .text.TerminateTask
                0x1a001e34      0x158 ./out/lib/rtos.a(TerminateTask.o)
                0x1a001e34                TerminateTask
 .text.ShutdownOS
                0x1a001f8c        0xc ./out/lib/rtos.a(ShutdownOS.o)
                0x1a001f8c                ShutdownOS
 .text.SetRelAlarm
                0x1a001f98      0x194 ./out/lib/rtos.a(SetRelAlarm.o)
                0x1a001f98                SetRelAlarm
 .text.StartOs_Arch_Cpu
                0x1a00212c       0x10 ./out/lib/rtos.a(StartOs_Arch.o)
                0x1a00212c                StartOs_Arch_Cpu
 .text.StartOs_Arch
                0x1a00213c       0x2c ./out/lib/rtos.a(StartOs_Arch.o)
                0x1a00213c                StartOs_Arch
 .text.ReturnHook_Arch
                0x1a002168        0x8 ./out/lib/rtos.a(Os_Internal_Arch.o)
                0x1a002168                ReturnHook_Arch
 .text.CheckTerminatingTask_Arch
                0x1a002170       0x24 ./out/lib/rtos.a(Os_Internal_Arch.o)
                0x1a002170                CheckTerminatingTask_Arch
 .text.InitStack_Arch
                0x1a002194       0xc4 ./out/lib/rtos.a(Os_Internal_Arch.o)
                0x1a002194                InitStack_Arch
 .text.SysTick_Handler
                0x1a002258       0x68 ./out/lib/rtos.a(Os_Internal_Arch.o)
                0x1a002258                SysTick_Handler
 .text.Enable_User_ISRs
                0x1a0022c0        0xc ./out/lib/rtos.a(Os_Internal_Arch_Cfg.o)
                0x1a0022c0                Enable_User_ISRs
 .text.SetEvent
                0x1a0022cc      0x228 ./out/lib/rtos.a(SetEvent.o)
                0x1a0022cc                SetEvent
 .text.NVIC_SetPriority
                0x1a0024f4       0x54 ./out/lib/rtos.a(StartOs_Arch_SysTick.o)
 .text.SysTick_Config
                0x1a002548       0x44 ./out/lib/rtos.a(StartOs_Arch_SysTick.o)
 .text.StartOs_Arch_SysTick
                0x1a00258c       0x48 ./out/lib/rtos.a(StartOs_Arch_SysTick.o)
                0x1a00258c                StartOs_Arch_SysTick
 .text          0x1a0025d4       0x7c ./out/lib/rtos.a(PendSV.o)
                0x1a0025d4                PendSV_Handler
 .text.SystemCoreClockUpdate
                0x1a002650       0x18 ./out/lib/ext_drivers.a(chip_18xx_43xx.o)
                0x1a002650                SystemCoreClockUpdate
 .text.memset   0x1a002668       0x94 c:/ciaa/cygwin/usr/arm-none-eabi/bin/../lib/gcc/arm-none-eabi/4.8.4/../../../../arm-none-eabi/lib/armv7e-m/softfp\libc.a(lib_a-memset.o)
                0x1a002668                memset
 *(.rodata .rodata.* .constdata .constdata.*)
 .rodata.ExtRateIn
                0x1a0026fc        0x4 ./out/lib/ext_drivers.a(sysinit.o)
                0x1a0026fc                ExtRateIn
 .rodata.OscRateIn
                0x1a002700        0x4 ./out/lib/ext_drivers.a(sysinit.o)
                0x1a002700                OscRateIn
 .rodata.InitClkStates
                0x1a002704       0x48 ./out/lib/ext_drivers.a(sysinit_18xx_43xx.o)
 .rodata.periph_to_base
                0x1a00274c       0x6c ./out/lib/ext_drivers.a(clock_18xx_43xx.o)
 .rodata        0x1a0027b8        0xc ./out/lib/ext_drivers.a(clock_18xx_43xx.o)
 .rodata.OSEK_ALARMLIST_HardwareCounter
                0x1a0027c4        0x4 ./out/lib/rtos.a(Os_Internal_Cfg.o)
                0x1a0027c4                OSEK_ALARMLIST_HardwareCounter
 .rodata.TasksConst
                0x1a0027c8       0x38 ./out/lib/rtos.a(Os_Internal_Cfg.o)
                0x1a0027c8                TasksConst
 .rodata.TasksAppModeAppMode1
                0x1a002800        0x4 ./out/lib/rtos.a(Os_Internal_Cfg.o)
                0x1a002800                TasksAppModeAppMode1
 .rodata.AutoStart
                0x1a002804        0x8 ./out/lib/rtos.a(Os_Internal_Cfg.o)
                0x1a002804                AutoStart
 .rodata.ReadyConst
                0x1a00280c       0x10 ./out/lib/rtos.a(Os_Internal_Cfg.o)
                0x1a00280c                ReadyConst
 .rodata.AlarmsConst
                0x1a00281c       0x14 ./out/lib/rtos.a(Os_Internal_Cfg.o)
                0x1a00281c                AlarmsConst
 .rodata.CountersConst
                0x1a002830       0x14 ./out/lib/rtos.a(Os_Internal_Cfg.o)
                0x1a002830                CountersConst
                0x1a002844                . = ALIGN (0x4)

.glue_7         0x1a002844        0x0
 .glue_7        0x00000000        0x0 linker stubs

.glue_7t        0x1a002844        0x0
 .glue_7t       0x00000000        0x0 linker stubs

.vfp11_veneer   0x1a002844        0x0
 .vfp11_veneer  0x00000000        0x0 linker stubs

.v4_bx          0x1a002844        0x0
 .v4_bx         0x00000000        0x0 linker stubs

.iplt           0x1a002844        0x0
 .iplt          0x00000000        0x0 ./out/obj/HW_buttons.o

.rel.dyn        0x1a002844        0x0
 .rel.iplt      0x00000000        0x0 ./out/obj/HW_buttons.o

.ARM.extab
 *(.ARM.extab* .gnu.linkonce.armextab.*)
                0x1a002844                __exidx_start = .

.ARM.exidx
 *(.ARM.exidx* .gnu.linkonce.armexidx.*)
                0x1a002844                __exidx_end = .
                0x1a002844                _etext = .

.data_RAM2      0x10080000        0x0 load address 0x1a002844
 FILL mask 0xff
 *(.ramfunc.$RAM2)
 *(.ramfunc.$RamLoc40)
 *(.data.$RAM2*)
 *(.data.$RamLoc40*)
                0x10080000                . = ALIGN (0x4)

.data_RAM3      0x20000000        0x0 load address 0x1a002844
 FILL mask 0xff
 *(.ramfunc.$RAM3)
 *(.ramfunc.$RamAHB32)
 *(.data.$RAM3*)
 *(.data.$RamAHB32*)
                0x20000000                . = ALIGN (0x4)

.data_RAM4      0x20008000        0x0 load address 0x1a002844
 FILL mask 0xff
 *(.ramfunc.$RAM4)
 *(.ramfunc.$RamAHB16)
 *(.data.$RAM4*)
 *(.data.$RamAHB16*)
                0x20008000                . = ALIGN (0x4)

.data_RAM5      0x2000c000        0x0 load address 0x1a002844
 FILL mask 0xff
 *(.ramfunc.$RAM5)
 *(.ramfunc.$RamAHB_ETB16)
 *(.data.$RAM5*)
 *(.data.$RamAHB_ETB16*)
                0x2000c000                . = ALIGN (0x4)

.uninit_RESERVED
                0x10000000        0x0
 *(.bss.$RESERVED*)
                0x10000000                . = ALIGN (0x4)
                0x10000000                _end_uninit_RESERVED = .

.data           0x10000000       0x38 load address 0x1a002844
 FILL mask 0xff
                0x10000000                _data = .
 *(vtable)
 *(.ramfunc*)
 *(.data*)
 .data.leds     0x10000000       0x30 ./out/obj/HW_leds.o
 .data.TerminatingTask
                0x10000030        0x1 ./out/lib/rtos.a(Os_Internal_Arch.o)
                0x10000030                TerminatingTask
 .data.WaitingTask
                0x10000031        0x1 ./out/lib/rtos.a(Os_Internal_Arch.o)
                0x10000031                WaitingTask
 *fill*         0x10000032        0x2 
 .data.CounterIncrement.4316
                0x10000034        0x4 ./out/lib/rtos.a(Os_Internal_Arch.o)
                0x10000038                . = ALIGN (0x4)
                0x10000038                _edata = .

.igot.plt       0x10000038        0x0 load address 0x1a00287c
 .igot.plt      0x00000000        0x0 ./out/obj/HW_buttons.o

.bss_RAM2       0x10080000        0x0
 *(.bss.$RAM2*)
 *(.bss.$RamLoc40*)
                0x10080000                . = ALIGN (0x4)

.bss_RAM3       0x20000000        0x0
 *(.bss.$RAM3*)
 *(.bss.$RamAHB32*)
                0x20000000                . = ALIGN (0x4)

.bss_RAM4       0x20008000        0x0
 *(.bss.$RAM4*)
 *(.bss.$RamAHB16*)
                0x20008000                . = ALIGN (0x4)

.bss_RAM5       0x2000c000        0x0
 *(.bss.$RAM5*)
 *(.bss.$RamAHB_ETB16*)
                0x2000c000                . = ALIGN (0x4)

.bss            0x10000038      0x498
                0x10000038                _bss = .
 *(.bss*)
 .bss.flagInit.9374
                0x10000038        0x1 ./out/obj/main.o
 *fill*         0x10000039        0x3 
 .bss.button1.9377
                0x1000003c        0xc ./out/obj/main.o
 .bss.timeButton.9375
                0x10000048        0x4 ./out/obj/main.o
 .bss.timePress.9376
                0x1000004c        0x4 ./out/obj/main.o
 .bss.audio_usb_pll_freq
                0x10000050        0x8 ./out/lib/ext_drivers.a(clock_18xx_43xx.o)
 *(COMMON)
 COMMON         0x10000058        0x2 ./out/lib/rtos.a(Os_Internal.o)
                0x10000058                RunningTask
                0x10000059                ActualContext
 COMMON         0x1000005a        0x3 ./out/lib/rtos.a(Os.o)
                0x1000005a                DisableAllInterrupts_Counter
                0x1000005b                SuspendAllInterrupts_Counter
                0x1000005c                SuspendOSInterrupts_Counter
 *fill*         0x1000005d        0x3 
 COMMON         0x10000060        0x8 ./out/lib/rtos.a(Os_Internal_Arch.o)
                0x10000060                Osek_OldTaskPtr_Arch
                0x10000064                Osek_NewTaskPtr_Arch
 COMMON         0x10000068       0x14 ./out/lib/rtos.a(Os_Cfg.o)
                0x10000068                Osek_ErrorRet
                0x1000006c                Osek_ErrorApi
                0x10000070                Osek_ErrorParam3
                0x10000074                Osek_ErrorParam1
                0x10000078                Osek_ErrorParam2
 COMMON         0x1000007c      0x450 ./out/lib/rtos.a(Os_Internal_Cfg.o)
                0x1000007c                ReadyList0
                0x1000007d                ApplicationMode
                0x10000080                StackTaskInitTask
                0x10000280                ReadyVar
                0x10000284                AlarmsVar
                0x10000290                ReadyList1
                0x10000294                ContextTaskInitTask
                0x10000298                ErrorHookRunning
                0x1000029c                CountersVar
                0x100002a0                TasksVar
                0x100002c8                ContextTaskPeriodicTask
                0x100002cc                StackTaskPeriodicTask
 COMMON         0x100004cc        0x4 ./out/lib/ext_drivers.a(chip_18xx_43xx.o)
                0x100004cc                SystemCoreClock
                0x100004d0                . = ALIGN (0x4)
                0x100004d0                _ebss = .
                0x100004d0                PROVIDE (end, .)

.noinit_RAM2    0x10080000        0x0
 *(.noinit.$RAM2*)
 *(.noinit.$RamLoc40*)
                0x10080000                . = ALIGN (0x4)

.noinit_RAM3    0x20000000        0x0
 *(.noinit.$RAM3*)
 *(.noinit.$RamAHB32*)
                0x20000000                . = ALIGN (0x4)

.noinit_RAM4    0x20008000        0x0
 *(.noinit.$RAM4*)
 *(.noinit.$RamAHB16*)
                0x20008000                . = ALIGN (0x4)

.noinit_RAM5    0x2000c000        0x0
 *(.noinit.$RAM5*)
 *(.noinit.$RamAHB_ETB16*)
                0x2000c000                . = ALIGN (0x4)

.noinit         0x100004d0        0x0
                0x100004d0                _noinit = .
 *(.noinit*)
                0x100004d0                . = ALIGN (0x4)
                0x100004d0                _end_noinit = .
                0x100004d0                PROVIDE (_pvHeapStart, .)
                0x10008000                PROVIDE (_vStackTop, (__top_RamLoc32 - 0x0))
OUTPUT(./out/bin/1_3.axf elf32-littlearm)

.debug_info     0x00000000     0x7a5a
 .debug_info    0x00000000      0x2c4 ./out/obj/HW_buttons.o
 .debug_info    0x000002c4      0x67b ./out/obj/main.o
 .debug_info    0x0000093f      0x6a0 ./out/obj/DRIVER_GPIO.o
 .debug_info    0x00000fdf      0x660 ./out/obj/HW_leds.o
 .debug_info    0x0000163f       0x3f ./out/obj/crp.o
 .debug_info    0x0000167e      0x1c3 ./out/lib/ext_drivers.a(cr_startup_lpc43xx.o)
 .debug_info    0x00001841      0x5c0 ./out/lib/ext_drivers.a(sysinit.o)
 .debug_info    0x00001e01      0x145 ./out/lib/ext_drivers.a(fpu_init.o)
 .debug_info    0x00001f46      0x902 ./out/lib/ext_drivers.a(sysinit_18xx_43xx.o)
 .debug_info    0x00002848     0x158f ./out/lib/ext_drivers.a(clock_18xx_43xx.o)
 .debug_info    0x00003dd7      0x225 ./out/lib/rtos.a(StartOS.o)
 .debug_info    0x00003ffc      0x7aa ./out/lib/rtos.a(Os_Internal.o)
 .debug_info    0x000047a6      0x375 ./out/lib/rtos.a(Schedule.o)
 .debug_info    0x00004b1b      0x2f2 ./out/lib/rtos.a(ActivateTask.o)
 .debug_info    0x00004e0d       0x99 ./out/lib/rtos.a(Os.o)
 .debug_info    0x00004ea6      0x214 ./out/lib/rtos.a(TerminateTask.o)
 .debug_info    0x000050ba       0x8d ./out/lib/rtos.a(ShutdownOS.o)
 .debug_info    0x00005147      0x351 ./out/lib/rtos.a(SetRelAlarm.o)
 .debug_info    0x00005498       0x9e ./out/lib/rtos.a(StartOs_Arch.o)
 .debug_info    0x00005536      0x315 ./out/lib/rtos.a(Os_Internal_Arch.o)
 .debug_info    0x0000584b       0xaf ./out/lib/rtos.a(Os_Cfg.o)
 .debug_info    0x000058fa      0x768 ./out/lib/rtos.a(Os_Internal_Cfg.o)
 .debug_info    0x00006062      0x646 ./out/lib/rtos.a(Os_Internal_Arch_Cfg.o)
 .debug_info    0x000066a8      0x317 ./out/lib/rtos.a(SetEvent.o)
 .debug_info    0x000069bf      0x601 ./out/lib/rtos.a(StartOs_Arch_SysTick.o)
 .debug_info    0x00006fc0       0x5f ./out/lib/rtos.a(PendSV.o)
 .debug_info    0x0000701f      0xa3b ./out/lib/ext_drivers.a(chip_18xx_43xx.o)

.debug_abbrev   0x00000000     0x19b8
 .debug_abbrev  0x00000000       0xe7 ./out/obj/HW_buttons.o
 .debug_abbrev  0x000000e7      0x101 ./out/obj/main.o
 .debug_abbrev  0x000001e8      0x179 ./out/obj/DRIVER_GPIO.o
 .debug_abbrev  0x00000361      0x104 ./out/obj/HW_leds.o
 .debug_abbrev  0x00000465       0x36 ./out/obj/crp.o
 .debug_abbrev  0x0000049b       0xc0 ./out/lib/ext_drivers.a(cr_startup_lpc43xx.o)
 .debug_abbrev  0x0000055b       0xc1 ./out/lib/ext_drivers.a(sysinit.o)
 .debug_abbrev  0x0000061c       0x84 ./out/lib/ext_drivers.a(fpu_init.o)
 .debug_abbrev  0x000006a0      0x181 ./out/lib/ext_drivers.a(sysinit_18xx_43xx.o)
 .debug_abbrev  0x00000821      0x2c0 ./out/lib/ext_drivers.a(clock_18xx_43xx.o)
 .debug_abbrev  0x00000ae1      0x102 ./out/lib/rtos.a(StartOS.o)
 .debug_abbrev  0x00000be3      0x1c6 ./out/lib/rtos.a(Os_Internal.o)
 .debug_abbrev  0x00000da9      0x11c ./out/lib/rtos.a(Schedule.o)
 .debug_abbrev  0x00000ec5       0xfd ./out/lib/rtos.a(ActivateTask.o)
 .debug_abbrev  0x00000fc2       0x47 ./out/lib/rtos.a(Os.o)
 .debug_abbrev  0x00001009       0xd7 ./out/lib/rtos.a(TerminateTask.o)
 .debug_abbrev  0x000010e0       0x61 ./out/lib/rtos.a(ShutdownOS.o)
 .debug_abbrev  0x00001141       0xfe ./out/lib/rtos.a(SetRelAlarm.o)
 .debug_abbrev  0x0000123f       0x79 ./out/lib/rtos.a(StartOs_Arch.o)
 .debug_abbrev  0x000012b8      0x15d ./out/lib/rtos.a(Os_Internal_Arch.o)
 .debug_abbrev  0x00001415       0x3a ./out/lib/rtos.a(Os_Cfg.o)
 .debug_abbrev  0x0000144f       0xf0 ./out/lib/rtos.a(Os_Internal_Cfg.o)
 .debug_abbrev  0x0000153f       0xc9 ./out/lib/rtos.a(Os_Internal_Arch_Cfg.o)
 .debug_abbrev  0x00001608       0xfd ./out/lib/rtos.a(SetEvent.o)
 .debug_abbrev  0x00001705      0x157 ./out/lib/rtos.a(StartOs_Arch_SysTick.o)
 .debug_abbrev  0x0000185c       0x14 ./out/lib/rtos.a(PendSV.o)
 .debug_abbrev  0x00001870      0x148 ./out/lib/ext_drivers.a(chip_18xx_43xx.o)

.debug_aranges  0x00000000      0x630
 .debug_aranges
                0x00000000       0x58 ./out/obj/HW_buttons.o
 .debug_aranges
                0x00000058       0x38 ./out/obj/main.o
 .debug_aranges
                0x00000090       0x88 ./out/obj/DRIVER_GPIO.o
 .debug_aranges
                0x00000118       0x40 ./out/obj/HW_leds.o
 .debug_aranges
                0x00000158       0x18 ./out/obj/crp.o
 .debug_aranges
                0x00000170       0x30 ./out/lib/ext_drivers.a(cr_startup_lpc43xx.o)
 .debug_aranges
                0x000001a0       0x20 ./out/lib/ext_drivers.a(sysinit.o)
 .debug_aranges
                0x000001c0       0x20 ./out/lib/ext_drivers.a(fpu_init.o)
 .debug_aranges
                0x000001e0       0x50 ./out/lib/ext_drivers.a(sysinit_18xx_43xx.o)
 .debug_aranges
                0x00000230      0x138 ./out/lib/ext_drivers.a(clock_18xx_43xx.o)
 .debug_aranges
                0x00000368       0x20 ./out/lib/rtos.a(StartOS.o)
 .debug_aranges
                0x00000388       0x48 ./out/lib/rtos.a(Os_Internal.o)
 .debug_aranges
                0x000003d0       0x20 ./out/lib/rtos.a(Schedule.o)
 .debug_aranges
                0x000003f0       0x20 ./out/lib/rtos.a(ActivateTask.o)
 .debug_aranges
                0x00000410       0x18 ./out/lib/rtos.a(Os.o)
 .debug_aranges
                0x00000428       0x20 ./out/lib/rtos.a(TerminateTask.o)
 .debug_aranges
                0x00000448       0x20 ./out/lib/rtos.a(ShutdownOS.o)
 .debug_aranges
                0x00000468       0x20 ./out/lib/rtos.a(SetRelAlarm.o)
 .debug_aranges
                0x00000488       0x28 ./out/lib/rtos.a(StartOs_Arch.o)
 .debug_aranges
                0x000004b0       0x38 ./out/lib/rtos.a(Os_Internal_Arch.o)
 .debug_aranges
                0x000004e8       0x18 ./out/lib/rtos.a(Os_Cfg.o)
 .debug_aranges
                0x00000500       0x18 ./out/lib/rtos.a(Os_Internal_Cfg.o)
 .debug_aranges
                0x00000518       0x68 ./out/lib/rtos.a(Os_Internal_Arch_Cfg.o)
 .debug_aranges
                0x00000580       0x20 ./out/lib/rtos.a(SetEvent.o)
 .debug_aranges
                0x000005a0       0x30 ./out/lib/rtos.a(StartOs_Arch_SysTick.o)
 .debug_aranges
                0x000005d0       0x20 ./out/lib/rtos.a(PendSV.o)
 .debug_aranges
                0x000005f0       0x40 ./out/lib/ext_drivers.a(chip_18xx_43xx.o)

.debug_ranges   0x00000000      0x450
 .debug_ranges  0x00000000       0x48 ./out/obj/HW_buttons.o
 .debug_ranges  0x00000048       0x28 ./out/obj/main.o
 .debug_ranges  0x00000070       0x78 ./out/obj/DRIVER_GPIO.o
 .debug_ranges  0x000000e8       0x30 ./out/obj/HW_leds.o
 .debug_ranges  0x00000118       0x20 ./out/lib/ext_drivers.a(cr_startup_lpc43xx.o)
 .debug_ranges  0x00000138       0x10 ./out/lib/ext_drivers.a(sysinit.o)
 .debug_ranges  0x00000148       0x10 ./out/lib/ext_drivers.a(fpu_init.o)
 .debug_ranges  0x00000158       0x40 ./out/lib/ext_drivers.a(sysinit_18xx_43xx.o)
 .debug_ranges  0x00000198      0x128 ./out/lib/ext_drivers.a(clock_18xx_43xx.o)
 .debug_ranges  0x000002c0       0x10 ./out/lib/rtos.a(StartOS.o)
 .debug_ranges  0x000002d0       0x38 ./out/lib/rtos.a(Os_Internal.o)
 .debug_ranges  0x00000308       0x10 ./out/lib/rtos.a(Schedule.o)
 .debug_ranges  0x00000318       0x10 ./out/lib/rtos.a(ActivateTask.o)
 .debug_ranges  0x00000328       0x10 ./out/lib/rtos.a(TerminateTask.o)
 .debug_ranges  0x00000338       0x10 ./out/lib/rtos.a(ShutdownOS.o)
 .debug_ranges  0x00000348       0x10 ./out/lib/rtos.a(SetRelAlarm.o)
 .debug_ranges  0x00000358       0x18 ./out/lib/rtos.a(StartOs_Arch.o)
 .debug_ranges  0x00000370       0x28 ./out/lib/rtos.a(Os_Internal_Arch.o)
 .debug_ranges  0x00000398       0x58 ./out/lib/rtos.a(Os_Internal_Arch_Cfg.o)
 .debug_ranges  0x000003f0       0x10 ./out/lib/rtos.a(SetEvent.o)
 .debug_ranges  0x00000400       0x20 ./out/lib/rtos.a(StartOs_Arch_SysTick.o)
 .debug_ranges  0x00000420       0x30 ./out/lib/ext_drivers.a(chip_18xx_43xx.o)

.debug_macro    0x00000000     0x6edc
 .debug_macro   0x00000000      0x2f9 ./out/obj/HW_buttons.o
 .debug_macro   0x000002f9      0x868 ./out/obj/HW_buttons.o
 .debug_macro   0x00000b61       0x10 ./out/obj/HW_buttons.o
 .debug_macro   0x00000b71       0x16 ./out/obj/HW_buttons.o
 .debug_macro   0x00000b87       0x44 ./out/obj/HW_buttons.o
 .debug_macro   0x00000bcb      0x209 ./out/obj/HW_buttons.o
 .debug_macro   0x00000dd4       0x22 ./out/obj/HW_buttons.o
 .debug_macro   0x00000df6       0x75 ./out/obj/HW_buttons.o
 .debug_macro   0x00000e6b       0x28 ./out/obj/HW_buttons.o
 .debug_macro   0x00000e93       0x3b ./out/obj/HW_buttons.o
 .debug_macro   0x00000ece       0x2d ./out/obj/HW_buttons.o
 .debug_macro   0x00000efb       0x42 ./out/obj/HW_buttons.o
 .debug_macro   0x00000f3d      0xd39 ./out/obj/HW_buttons.o
 .debug_macro   0x00001c76      0x2bc ./out/obj/HW_buttons.o
 .debug_macro   0x00001f32      0x112 ./out/obj/HW_buttons.o
 .debug_macro   0x00002044       0x11 ./out/obj/HW_buttons.o
 .debug_macro   0x00002055       0x2a ./out/obj/HW_buttons.o
 .debug_macro   0x0000207f       0x16 ./out/obj/HW_buttons.o
 .debug_macro   0x00002095      0x2e6 ./out/obj/HW_buttons.o
 .debug_macro   0x0000237b       0x82 ./out/obj/HW_buttons.o
 .debug_macro   0x000023fd      0x13d ./out/obj/HW_buttons.o
 .debug_macro   0x0000253a      0x198 ./out/obj/HW_buttons.o
 .debug_macro   0x000026d2       0x34 ./out/obj/HW_buttons.o
 .debug_macro   0x00002706       0x58 ./out/obj/HW_buttons.o
 .debug_macro   0x0000275e      0x236 ./out/obj/HW_buttons.o
 .debug_macro   0x00002994      0x572 ./out/obj/HW_buttons.o
 .debug_macro   0x00002f06       0x16 ./out/obj/HW_buttons.o
 .debug_macro   0x00002f1c      0x18a ./out/obj/HW_buttons.o
 .debug_macro   0x000030a6       0x88 ./out/obj/HW_buttons.o
 .debug_macro   0x0000312e      0x1b9 ./out/obj/HW_buttons.o
 .debug_macro   0x000032e7      0x1da ./out/obj/HW_buttons.o
 .debug_macro   0x000034c1       0x40 ./out/obj/HW_buttons.o
 .debug_macro   0x00003501       0x1c ./out/obj/HW_buttons.o
 .debug_macro   0x0000351d       0x2e ./out/obj/HW_buttons.o
 .debug_macro   0x0000354b       0x2e ./out/obj/HW_buttons.o
 .debug_macro   0x00003579       0x22 ./out/obj/HW_buttons.o
 .debug_macro   0x0000359b      0x201 ./out/obj/HW_buttons.o
 .debug_macro   0x0000379c       0xe0 ./out/obj/HW_buttons.o
 .debug_macro   0x0000387c      0x34c ./out/obj/HW_buttons.o
 .debug_macro   0x00003bc8       0xdc ./out/obj/HW_buttons.o
 .debug_macro   0x00003ca4       0xc4 ./out/obj/HW_buttons.o
 .debug_macro   0x00003d68       0x94 ./out/obj/HW_buttons.o
 .debug_macro   0x00003dfc       0xb8 ./out/obj/HW_buttons.o
 .debug_macro   0x00003eb4       0x4c ./out/obj/HW_buttons.o
 .debug_macro   0x00003f00       0x16 ./out/obj/HW_buttons.o
 .debug_macro   0x00003f16      0x328 ./out/obj/HW_buttons.o
 .debug_macro   0x0000423e       0x3a ./out/obj/HW_buttons.o
 .debug_macro   0x00004278       0xd0 ./out/obj/HW_buttons.o
 .debug_macro   0x00004348       0x18 ./out/obj/HW_buttons.o
 .debug_macro   0x00004360       0x22 ./out/obj/HW_buttons.o
 .debug_macro   0x00004382       0x40 ./out/obj/HW_buttons.o
 .debug_macro   0x000043c2       0x22 ./out/obj/HW_buttons.o
 .debug_macro   0x000043e4      0x36f ./out/obj/main.o
 .debug_macro   0x00004753       0x10 ./out/obj/main.o
 .debug_macro   0x00004763       0x22 ./out/obj/main.o
 .debug_macro   0x00004785       0x3b ./out/obj/main.o
 .debug_macro   0x000047c0       0x6b ./out/obj/main.o
 .debug_macro   0x0000482b       0x12 ./out/obj/main.o
 .debug_macro   0x0000483d       0x6b ./out/obj/main.o
 .debug_macro   0x000048a8       0x28 ./out/obj/main.o
 .debug_macro   0x000048d0      0x155 ./out/obj/main.o
 .debug_macro   0x00004a25       0x62 ./out/obj/main.o
 .debug_macro   0x00004a87       0xb8 ./out/obj/main.o
 .debug_macro   0x00004b3f       0x28 ./out/obj/main.o
 .debug_macro   0x00004b67      0x2ea ./out/obj/DRIVER_GPIO.o
 .debug_macro   0x00004e51      0x2fd ./out/obj/HW_leds.o
 .debug_macro   0x0000514e       0x17 ./out/obj/crp.o
 .debug_macro   0x00005165       0x23 ./out/lib/ext_drivers.a(cr_startup_lpc43xx.o)
 .debug_macro   0x00005188      0x2e0 ./out/lib/ext_drivers.a(sysinit.o)
 .debug_macro   0x00005468       0xc6 ./out/lib/ext_drivers.a(fpu_init.o)
 .debug_macro   0x0000552e      0x2e0 ./out/lib/ext_drivers.a(sysinit_18xx_43xx.o)
 .debug_macro   0x0000580e      0x2e6 ./out/lib/ext_drivers.a(clock_18xx_43xx.o)
 .debug_macro   0x00005af4       0x9d ./out/lib/rtos.a(StartOS.o)
 .debug_macro   0x00005b91       0x82 ./out/lib/rtos.a(StartOS.o)
 .debug_macro   0x00005c13       0x9c ./out/lib/rtos.a(StartOS.o)
 .debug_macro   0x00005caf       0x84 ./out/lib/rtos.a(StartOS.o)
 .debug_macro   0x00005d33       0x90 ./out/lib/rtos.a(StartOS.o)
 .debug_macro   0x00005dc3       0x9d ./out/lib/rtos.a(Os_Internal.o)
 .debug_macro   0x00005e60       0x9d ./out/lib/rtos.a(Schedule.o)
 .debug_macro   0x00005efd       0x9d ./out/lib/rtos.a(ActivateTask.o)
 .debug_macro   0x00005f9a       0x9d ./out/lib/rtos.a(Os.o)
 .debug_macro   0x00006037       0x9d ./out/lib/rtos.a(TerminateTask.o)
 .debug_macro   0x000060d4       0x9d ./out/lib/rtos.a(ShutdownOS.o)
 .debug_macro   0x00006171       0x9d ./out/lib/rtos.a(SetRelAlarm.o)
 .debug_macro   0x0000620e       0xa1 ./out/lib/rtos.a(StartOs_Arch.o)
 .debug_macro   0x000062af       0x9d ./out/lib/rtos.a(Os_Internal_Arch.o)
 .debug_macro   0x0000634c       0x9d ./out/lib/rtos.a(Os_Cfg.o)
 .debug_macro   0x000063e9       0x9d ./out/lib/rtos.a(Os_Internal_Cfg.o)
 .debug_macro   0x00006486      0x378 ./out/lib/rtos.a(Os_Internal_Arch_Cfg.o)
 .debug_macro   0x000067fe       0x6e ./out/lib/rtos.a(Os_Internal_Arch_Cfg.o)
 .debug_macro   0x0000686c       0x9d ./out/lib/rtos.a(SetEvent.o)
 .debug_macro   0x00006909      0x2f3 ./out/lib/rtos.a(StartOs_Arch_SysTick.o)
 .debug_macro   0x00006bfc      0x2e0 ./out/lib/ext_drivers.a(chip_18xx_43xx.o)

.debug_line     0x00000000     0x675d
 .debug_line    0x00000000      0x700 ./out/obj/HW_buttons.o
 .debug_line    0x00000700      0x783 ./out/obj/main.o
 .debug_line    0x00000e83      0x775 ./out/obj/DRIVER_GPIO.o
 .debug_line    0x000015f8      0x6dd ./out/obj/HW_leds.o
 .debug_line    0x00001cd5       0x4a ./out/obj/crp.o
 .debug_line    0x00001d1f       0xe9 ./out/lib/ext_drivers.a(cr_startup_lpc43xx.o)
 .debug_line    0x00001e08      0x655 ./out/lib/ext_drivers.a(sysinit.o)
 .debug_line    0x0000245d      0x26d ./out/lib/ext_drivers.a(fpu_init.o)
 .debug_line    0x000026ca      0x72f ./out/lib/ext_drivers.a(sysinit_18xx_43xx.o)
 .debug_line    0x00002df9      0xaaf ./out/lib/ext_drivers.a(clock_18xx_43xx.o)
 .debug_line    0x000038a8      0x1df ./out/lib/rtos.a(StartOS.o)
 .debug_line    0x00003a87      0x2a9 ./out/lib/rtos.a(Os_Internal.o)
 .debug_line    0x00003d30      0x22c ./out/lib/rtos.a(Schedule.o)
 .debug_line    0x00003f5c      0x1d6 ./out/lib/rtos.a(ActivateTask.o)
 .debug_line    0x00004132      0x18e ./out/lib/rtos.a(Os.o)
 .debug_line    0x000042c0      0x1d5 ./out/lib/rtos.a(TerminateTask.o)
 .debug_line    0x00004495      0x1ad ./out/lib/rtos.a(ShutdownOS.o)
 .debug_line    0x00004642      0x1d6 ./out/lib/rtos.a(SetRelAlarm.o)
 .debug_line    0x00004818      0x1f2 ./out/lib/rtos.a(StartOs_Arch.o)
 .debug_line    0x00004a0a      0x206 ./out/lib/rtos.a(Os_Internal_Arch.o)
 .debug_line    0x00004c10      0x18d ./out/lib/rtos.a(Os_Cfg.o)
 .debug_line    0x00004d9d      0x196 ./out/lib/rtos.a(Os_Internal_Cfg.o)
 .debug_line    0x00004f33      0x7ff ./out/lib/rtos.a(Os_Internal_Arch_Cfg.o)
 .debug_line    0x00005732      0x205 ./out/lib/rtos.a(SetEvent.o)
 .debug_line    0x00005937      0x6ee ./out/lib/rtos.a(StartOs_Arch_SysTick.o)
 .debug_line    0x00006025       0x7b ./out/lib/rtos.a(PendSV.o)
 .debug_line    0x000060a0      0x6bd ./out/lib/ext_drivers.a(chip_18xx_43xx.o)

.debug_str      0x00000000    0x18935
 .debug_str     0x00000000    0x14286 ./out/obj/HW_buttons.o
                              0x1444d (size before relaxing)
 .debug_str     0x00014286     0x1977 ./out/obj/main.o
                              0x15cf0 (size before relaxing)
 .debug_str     0x00015bfd      0x1cd ./out/obj/DRIVER_GPIO.o
                              0x144c4 (size before relaxing)
 .debug_str     0x00015dca       0x71 ./out/obj/HW_leds.o
                              0x14f41 (size before relaxing)
 .debug_str     0x00015e3b       0x49 ./out/obj/crp.o
                               0x2446 (size before relaxing)
 .debug_str     0x00015e84      0x173 ./out/lib/ext_drivers.a(cr_startup_lpc43xx.o)
                               0x257b (size before relaxing)
 .debug_str     0x00015ff7       0x45 ./out/lib/ext_drivers.a(sysinit.o)
                              0x14d2a (size before relaxing)
 .debug_str     0x0001603c       0xd5 ./out/lib/ext_drivers.a(fpu_init.o)
                               0x8bc0 (size before relaxing)
 .debug_str     0x00016111      0x30d ./out/lib/ext_drivers.a(sysinit_18xx_43xx.o)
                              0x14ff0 (size before relaxing)
 .debug_str     0x0001641e      0x62c ./out/lib/ext_drivers.a(clock_18xx_43xx.o)
                              0x155ae (size before relaxing)
 .debug_str     0x00016a4a     0x10ea ./out/lib/rtos.a(StartOS.o)
                               0x429e (size before relaxing)
 .debug_str     0x00017b34      0x474 ./out/lib/rtos.a(Os_Internal.o)
                               0x4679 (size before relaxing)
 .debug_str     0x00017fa8       0xc7 ./out/lib/rtos.a(Schedule.o)
                               0x43ef (size before relaxing)
 .debug_str     0x0001806f       0x3e ./out/lib/rtos.a(ActivateTask.o)
                               0x4377 (size before relaxing)
 .debug_str     0x000180ad       0x4f ./out/lib/rtos.a(Os.o)
                               0x418d (size before relaxing)
 .debug_str     0x000180fc       0x2f ./out/lib/rtos.a(TerminateTask.o)
                               0x42c6 (size before relaxing)
 .debug_str     0x0001812b       0x2f ./out/lib/rtos.a(ShutdownOS.o)
                               0x4146 (size before relaxing)
 .debug_str     0x0001815a       0x4d ./out/lib/rtos.a(SetRelAlarm.o)
                               0x43b9 (size before relaxing)
 .debug_str     0x000181a7       0x47 ./out/lib/rtos.a(StartOs_Arch.o)
                               0x4160 (size before relaxing)
 .debug_str     0x000181ee       0x93 ./out/lib/rtos.a(Os_Internal_Arch.o)
                               0x43d9 (size before relaxing)
 .debug_str     0x00018281       0x15 ./out/lib/rtos.a(Os_Cfg.o)
                               0x4170 (size before relaxing)
 .debug_str     0x00018296       0xdb ./out/lib/rtos.a(Os_Internal_Cfg.o)
                               0x4668 (size before relaxing)
 .debug_str     0x00018371       0xdc ./out/lib/rtos.a(Os_Internal_Arch_Cfg.o)
                              0x16a40 (size before relaxing)
 .debug_str     0x0001844d       0x25 ./out/lib/rtos.a(SetEvent.o)
                               0x4393 (size before relaxing)
 .debug_str     0x00018472      0x430 ./out/lib/rtos.a(StartOs_Arch_SysTick.o)
                              0x1486e (size before relaxing)
 .debug_str     0x000188a2       0x93 ./out/lib/ext_drivers.a(chip_18xx_43xx.o)
                              0x15021 (size before relaxing)

.comment        0x00000000       0x70
 .comment       0x00000000       0x70 ./out/obj/HW_buttons.o
                                 0x71 (size before relaxing)
 .comment       0x00000000       0x71 ./out/obj/main.o
 .comment       0x00000000       0x71 ./out/obj/DRIVER_GPIO.o
 .comment       0x00000000       0x71 ./out/obj/HW_leds.o
 .comment       0x00000000       0x71 ./out/obj/crp.o
 .comment       0x00000000       0x71 ./out/lib/ext_drivers.a(cr_startup_lpc43xx.o)
 .comment       0x00000000       0x71 ./out/lib/ext_drivers.a(sysinit.o)
 .comment       0x00000000       0x71 ./out/lib/ext_drivers.a(fpu_init.o)
 .comment       0x00000000       0x71 ./out/lib/ext_drivers.a(sysinit_18xx_43xx.o)
 .comment       0x00000000       0x71 ./out/lib/ext_drivers.a(clock_18xx_43xx.o)
 .comment       0x00000000       0x71 ./out/lib/rtos.a(StartOS.o)
 .comment       0x00000000       0x71 ./out/lib/rtos.a(Os_Internal.o)
 .comment       0x00000000       0x71 ./out/lib/rtos.a(Schedule.o)
 .comment       0x00000000       0x71 ./out/lib/rtos.a(ActivateTask.o)
 .comment       0x00000000       0x71 ./out/lib/rtos.a(Os.o)
 .comment       0x00000000       0x71 ./out/lib/rtos.a(TerminateTask.o)
 .comment       0x00000000       0x71 ./out/lib/rtos.a(ShutdownOS.o)
 .comment       0x00000000       0x71 ./out/lib/rtos.a(SetRelAlarm.o)
 .comment       0x00000000       0x71 ./out/lib/rtos.a(StartOs_Arch.o)
 .comment       0x00000000       0x71 ./out/lib/rtos.a(Os_Internal_Arch.o)
 .comment       0x00000000       0x71 ./out/lib/rtos.a(Os_Cfg.o)
 .comment       0x00000000       0x71 ./out/lib/rtos.a(Os_Internal_Cfg.o)
 .comment       0x00000000       0x71 ./out/lib/rtos.a(Os_Internal_Arch_Cfg.o)
 .comment       0x00000000       0x71 ./out/lib/rtos.a(SetEvent.o)
 .comment       0x00000000       0x71 ./out/lib/rtos.a(StartOs_Arch_SysTick.o)
 .comment       0x00000000       0x71 ./out/lib/ext_drivers.a(chip_18xx_43xx.o)

.ARM.attributes
                0x00000000       0x35
 .ARM.attributes
                0x00000000       0x37 ./out/obj/HW_buttons.o
 .ARM.attributes
                0x00000037       0x37 ./out/obj/main.o
 .ARM.attributes
                0x0000006e       0x37 ./out/obj/DRIVER_GPIO.o
 .ARM.attributes
                0x000000a5       0x37 ./out/obj/HW_leds.o
 .ARM.attributes
                0x000000dc       0x37 ./out/obj/crp.o
 .ARM.attributes
                0x00000113       0x37 ./out/lib/ext_drivers.a(cr_startup_lpc43xx.o)
 .ARM.attributes
                0x0000014a       0x37 ./out/lib/ext_drivers.a(sysinit.o)
 .ARM.attributes
                0x00000181       0x37 ./out/lib/ext_drivers.a(fpu_init.o)
 .ARM.attributes
                0x000001b8       0x37 ./out/lib/ext_drivers.a(sysinit_18xx_43xx.o)
 .ARM.attributes
                0x000001ef       0x37 ./out/lib/ext_drivers.a(clock_18xx_43xx.o)
 .ARM.attributes
                0x00000226       0x37 ./out/lib/rtos.a(StartOS.o)
 .ARM.attributes
                0x0000025d       0x37 ./out/lib/rtos.a(Os_Internal.o)
 .ARM.attributes
                0x00000294       0x37 ./out/lib/rtos.a(Schedule.o)
 .ARM.attributes
                0x000002cb       0x37 ./out/lib/rtos.a(ActivateTask.o)
 .ARM.attributes
                0x00000302       0x37 ./out/lib/rtos.a(Os.o)
 .ARM.attributes
                0x00000339       0x37 ./out/lib/rtos.a(TerminateTask.o)
 .ARM.attributes
                0x00000370       0x37 ./out/lib/rtos.a(ShutdownOS.o)
 .ARM.attributes
                0x000003a7       0x37 ./out/lib/rtos.a(SetRelAlarm.o)
 .ARM.attributes
                0x000003de       0x37 ./out/lib/rtos.a(StartOs_Arch.o)
 .ARM.attributes
                0x00000415       0x37 ./out/lib/rtos.a(Os_Internal_Arch.o)
 .ARM.attributes
                0x0000044c       0x37 ./out/lib/rtos.a(Os_Cfg.o)
 .ARM.attributes
                0x00000483       0x37 ./out/lib/rtos.a(Os_Internal_Cfg.o)
 .ARM.attributes
                0x000004ba       0x37 ./out/lib/rtos.a(Os_Internal_Arch_Cfg.o)
 .ARM.attributes
                0x000004f1       0x37 ./out/lib/rtos.a(SetEvent.o)
 .ARM.attributes
                0x00000528       0x37 ./out/lib/rtos.a(StartOs_Arch_SysTick.o)
 .ARM.attributes
                0x0000055f       0x25 ./out/lib/rtos.a(PendSV.o)
 .ARM.attributes
                0x00000584       0x37 ./out/lib/ext_drivers.a(chip_18xx_43xx.o)
 .ARM.attributes
                0x000005bb       0x32 c:/ciaa/cygwin/usr/arm-none-eabi/bin/../lib/gcc/arm-none-eabi/4.8.4/../../../../arm-none-eabi/lib/armv7e-m/softfp\libc.a(lib_a-memset.o)

.debug_frame    0x00000000      0xe88
 .debug_frame   0x00000000       0xf8 ./out/obj/HW_buttons.o
 .debug_frame   0x000000f8       0x80 ./out/obj/main.o
 .debug_frame   0x00000178      0x1b8 ./out/obj/DRIVER_GPIO.o
 .debug_frame   0x00000330       0xa8 ./out/obj/HW_leds.o
 .debug_frame   0x000003d8       0x68 ./out/lib/ext_drivers.a(cr_startup_lpc43xx.o)
 .debug_frame   0x00000440       0x30 ./out/lib/ext_drivers.a(sysinit.o)
 .debug_frame   0x00000470       0x2c ./out/lib/ext_drivers.a(fpu_init.o)
 .debug_frame   0x0000049c       0xd0 ./out/lib/ext_drivers.a(sysinit_18xx_43xx.o)
 .debug_frame   0x0000056c      0x41c ./out/lib/ext_drivers.a(clock_18xx_43xx.o)
 .debug_frame   0x00000988       0x30 ./out/lib/rtos.a(StartOS.o)
 .debug_frame   0x000009b8       0xbc ./out/lib/rtos.a(Os_Internal.o)
 .debug_frame   0x00000a74       0x30 ./out/lib/rtos.a(Schedule.o)
 .debug_frame   0x00000aa4       0x30 ./out/lib/rtos.a(ActivateTask.o)
 .debug_frame   0x00000ad4       0x30 ./out/lib/rtos.a(TerminateTask.o)
 .debug_frame   0x00000b04       0x2c ./out/lib/rtos.a(ShutdownOS.o)
 .debug_frame   0x00000b30       0x30 ./out/lib/rtos.a(SetRelAlarm.o)
 .debug_frame   0x00000b60       0x4c ./out/lib/rtos.a(StartOs_Arch.o)
 .debug_frame   0x00000bac       0x80 ./out/lib/rtos.a(Os_Internal_Arch.o)
 .debug_frame   0x00000c2c      0x100 ./out/lib/rtos.a(Os_Internal_Arch_Cfg.o)
 .debug_frame   0x00000d2c       0x30 ./out/lib/rtos.a(SetEvent.o)
 .debug_frame   0x00000d5c       0x68 ./out/lib/rtos.a(StartOs_Arch_SysTick.o)
 .debug_frame   0x00000dc4       0x98 ./out/lib/ext_drivers.a(chip_18xx_43xx.o)
 .debug_frame   0x00000e5c       0x2c c:/ciaa/cygwin/usr/arm-none-eabi/bin/../lib/gcc/arm-none-eabi/4.8.4/../../../../arm-none-eabi/lib/armv7e-m/softfp\libc.a(lib_a-memset.o)
