Archive member included because of file (symbol)

./out/lib/rtos.a(SetEvent.o)  ./out/obj/main.o (SetEvent)
./out/lib/rtos.a(StartOS.o)   ./out/obj/main.o (StartOS)
./out/lib/rtos.a(Os_Internal.o)
                              ./out/lib/rtos.a(StartOS.o) (RunningTask)
./out/lib/rtos.a(GetAlarm.o)  ./out/obj/main.o (GetAlarm)
./out/lib/rtos.a(Schedule.o)  ./out/lib/rtos.a(StartOS.o) (Schedule_Int)
./out/lib/rtos.a(ClearEvent.o)
                              ./out/obj/main.o (ClearEvent)
./out/lib/rtos.a(ActivateTask.o)
                              ./out/lib/rtos.a(StartOS.o) (ActivateTask)
./out/lib/rtos.a(Os.o)        ./out/lib/rtos.a(SetEvent.o) (SuspendAllInterrupts_Counter)
./out/lib/rtos.a(TerminateTask.o)
                              ./out/obj/main.o (TerminateTask)
./out/lib/rtos.a(CancelAlarm.o)
                              ./out/obj/main.o (CancelAlarm)
./out/lib/rtos.a(ShutdownOS.o)
                              ./out/obj/main.o (ShutdownOS)
./out/lib/rtos.a(SetRelAlarm.o)
                              ./out/obj/main.o (SetRelAlarm)
./out/lib/rtos.a(WaitEvent.o)
                              ./out/obj/main.o (WaitEvent)
./out/lib/rtos.a(StartOs_Arch.o)
                              ./out/lib/rtos.a(StartOS.o) (StartOs_Arch)
./out/lib/rtos.a(Os_Internal_Arch.o)
                              ./out/lib/rtos.a(Schedule.o) (Osek_NewTaskPtr_Arch)
./out/lib/rtos.a(Os_Cfg.o)    ./out/lib/rtos.a(SetEvent.o) (Osek_ErrorApi)
./out/lib/rtos.a(Os_Internal_Cfg.o)
                              ./out/lib/rtos.a(SetEvent.o) (TasksConst)
./out/lib/rtos.a(Os_Internal_Arch_Cfg.o)
                              ./out/lib/rtos.a(StartOs_Arch.o) (Enable_User_ISRs)
./out/lib/rtos.a(StartOs_Arch_SysTick.o)
                              ./out/lib/rtos.a(StartOs_Arch.o) (StartOs_Arch_SysTick)
./out/lib/rtos.a(PendSV.o)    ./out/lib/rtos.a(Os_Internal_Arch_Cfg.o) (PendSV_Handler)
./out/lib/ciaa_driver.a(ciaaIO.o)
                              ./out/obj/main.o (ciaaIOInit)
./out/lib/ext_drivers.a(gpio_18xx_43xx.o)
                              ./out/lib/ciaa_driver.a(ciaaIO.o) (Chip_GPIO_Init)
./out/lib/ext_drivers.a(chip_18xx_43xx.o)
                              ./out/lib/rtos.a(StartOs_Arch_SysTick.o) (SystemCoreClock)
./out/lib/ext_drivers.a(clock_18xx_43xx.o)
                              ./out/lib/ext_drivers.a(chip_18xx_43xx.o) (Chip_Clock_GetClockInputHz)
./out/lib/ext_drivers.a(sysinit.o)
                              ./out/lib/ext_drivers.a(clock_18xx_43xx.o) (ExtRateIn)
./out/lib/ext_drivers.a(cr_startup_lpc43xx.o)
                              (ResetISR)
./out/lib/ext_drivers.a(fpu_init.o)
                              ./out/lib/ext_drivers.a(sysinit.o) (fpuInit)
./out/lib/ext_drivers.a(adc_18xx_43xx.o)
                              ./out/lib/rtos.a(Os_Internal_Arch_Cfg.o) (Chip_ADC_Int_SetChannelCmd)
./out/lib/ext_drivers.a(sysinit_18xx_43xx.o)
                              ./out/lib/ext_drivers.a(sysinit.o) (Chip_SystemInit)
./out/lib/ext_drivers.a(sct_18xx_43xx.o)
                              ./out/lib/rtos.a(Os_Internal_Arch_Cfg.o) (Chip_SCT_Init)
./out/lib/ext_drivers.a(ccan_18xx_43xx.o)
                              ./out/lib/rtos.a(Os_Internal_Arch_Cfg.o) (Chip_CCAN_TransferMsgObject)
c:/ciaa/cygwin/usr/arm-none-eabi/bin/../lib/gcc/arm-none-eabi/4.8.4/../../../../arm-none-eabi/lib/armv7e-m/softfp\libc.a(lib_a-memset.o)
                              ./out/lib/ext_drivers.a(clock_18xx_43xx.o) (memset)

Allocating common symbols
Common symbol       size              file

ReadyList0          0x1               ./out/lib/rtos.a(Os_Internal_Cfg.o)
StackTaskButtonTask
                    0x200             ./out/lib/rtos.a(Os_Internal_Cfg.o)
Osek_ErrorRet       0x4               ./out/lib/rtos.a(Os_Cfg.o)
ApplicationMode     0x1               ./out/lib/rtos.a(Os_Internal_Cfg.o)
StackTaskInitTask   0x200             ./out/lib/rtos.a(Os_Internal_Cfg.o)
ReadyVar            0x4               ./out/lib/rtos.a(Os_Internal_Cfg.o)
AlarmsVar           0x18              ./out/lib/rtos.a(Os_Internal_Cfg.o)
DisableAllInterrupts_Counter
                    0x1               ./out/lib/rtos.a(Os.o)
Osek_OldTaskPtr_Arch
                    0x4               ./out/lib/rtos.a(Os_Internal_Arch.o)
ReadyList1          0x2               ./out/lib/rtos.a(Os_Internal_Cfg.o)
SystemCoreClock     0x4               ./out/lib/ext_drivers.a(chip_18xx_43xx.o)
ContextTaskInitTask
                    0x4               ./out/lib/rtos.a(Os_Internal_Cfg.o)
ErrorHookRunning    0x1               ./out/lib/rtos.a(Os_Internal_Cfg.o)
StackTaskLedTask    0x200             ./out/lib/rtos.a(Os_Internal_Cfg.o)
ContextTaskButtonTask
                    0x4               ./out/lib/rtos.a(Os_Internal_Cfg.o)
Osek_ErrorApi       0x4               ./out/lib/rtos.a(Os_Cfg.o)
RunningTask         0x1               ./out/lib/rtos.a(Os_Internal.o)
[...]
Memory Configuration

Name             Origin             Length             Attributes
MFlashA512       0x1a000000         0x00080000         xr
MFlashB512       0x1b000000         0x00080000         xr
RamLoc32         0x10000000         0x00008000         xrw
RamLoc40         0x10080000         0x0000a000         xrw
RamAHB32         0x20000000         0x00008000         xrw
RamAHB16         0x20008000         0x00004000         xrw
RamAHB_ETB16     0x2000c000         0x00004000         xrw
*default*        0x00000000         0xffffffff

Linker script and memory map

LOAD ./out/obj/HW_buttons.o
LOAD ./out/obj/main.o
LOAD ./out/obj/DRIVER_GPIO.o
LOAD ./out/obj/HW_leds.o
LOAD ./out/obj/crp.o
START GROUP
LOAD ./out/lib/rtos.a
LOAD ./out/lib/ciaa_driver.a
LOAD ./out/lib/ext_drivers.a
LOAD ./out/lib/ext_base.a
END GROUP
START GROUP
LOAD c:/ciaa/cygwin/usr/arm-none-eabi/bin/../lib/gcc/arm-none-eabi/4.8.4/armv7e-m/softfp\libgcc.a
LOAD c:/ciaa/cygwin/usr/arm-none-eabi/bin/../lib/gcc/arm-none-eabi/4.8.4/../../../../arm-none-eabi/lib/armv7e-m/softfp\libc.a
LOAD c:/ciaa/cygwin/usr/arm-none-eabi/bin/../lib/gcc/arm-none-eabi/4.8.4/../../../../arm-none-eabi/lib/armv7e-m/softfp\libm.a
END GROUP
                0x1a080000                __top_MFlashA512 = 0x1a080000
                0x1b080000                __top_MFlashB512 = 0x1b080000
                0x10008000                __top_RamLoc32 = 0x10008000
                0x1008a000                __top_RamLoc40 = 0x1008a000
                0x20008000                __top_RamAHB32 = 0x20008000
                0x2000c000                __top_RamAHB16 = 0x2000c000
                0x20010000                __top_RamAHB_ETB16 = 0x20010000

.text_Flash2    0x1b000000        0x0
 FILL mask 0xff
 *(.text_Flash2*)
 *(.text_MFlashB512*)
 *(.text.$Flash2*)
 *(.text.$MFlashB512*)
 *(.rodata.$Flash2*)
 *(.rodata.$MFlashB512*)

.text           0x1a000000     0x2f2c
 FILL mask 0xff
                0x1a000000                __vectors_start__ = ABSOLUTE (.)
 *(.isr_vector)
 .isr_vector    0x1a000000      0x114 ./out/lib/rtos.a(Os_Internal_Arch_Cfg.o)
                0x1a000000                g_pfnVectors
                0x1a000114                . = ALIGN (0x4)
                0x1a000114                __section_table_start = .
                0x1a000114                __data_section_table = .
                0x1a000114        0x4 LONG 0x1a002f2c LOADADDR (.data)
                0x1a000118        0x4 LONG 0x10000000 ADDR (.data)
                0x1a00011c        0x4 LONG 0x38 SIZEOF (.data)
                0x1a000120        0x4 LONG 0x1a002f2c LOADADDR (.data_RAM2)
                0x1a000124        0x4 LONG 0x10080000 ADDR (.data_RAM2)
                0x1a000128        0x4 LONG 0x0 SIZEOF (.data_RAM2)
                0x1a00012c        0x4 LONG 0x1a002f2c LOADADDR (.data_RAM3)
                0x1a000130        0x4 LONG 0x20000000 ADDR (.data_RAM3)
                0x1a000134        0x4 LONG 0x0 SIZEOF (.data_RAM3)
                0x1a000138        0x4 LONG 0x1a002f2c LOADADDR (.data_RAM4)
                0x1a00013c        0x4 LONG 0x20008000 ADDR (.data_RAM4)
                0x1a000140        0x4 LONG 0x0 SIZEOF (.data_RAM4)
                0x1a000144        0x4 LONG 0x1a002f2c LOADADDR (.data_RAM5)
                0x1a000148        0x4 LONG 0x2000c000 ADDR (.data_RAM5)
                0x1a00014c        0x4 LONG 0x0 SIZEOF (.data_RAM5)
                0x1a000150                __data_section_table_end = .
                0x1a000150                __bss_section_table = .
                0x1a000150        0x4 LONG 0x10000038 ADDR (.bss)
                0x1a000154        0x4 LONG 0x6b8 SIZEOF (.bss)
                0x1a000158        0x4 LONG 0x10080000 ADDR (.bss_RAM2)
                0x1a00015c        0x4 LONG 0x0 SIZEOF (.bss_RAM2)
                0x1a000160        0x4 LONG 0x20000000 ADDR (.bss_RAM3)
                0x1a000164        0x4 LONG 0x0 SIZEOF (.bss_RAM3)
                0x1a000168        0x4 LONG 0x20008000 ADDR (.bss_RAM4)
                0x1a00016c        0x4 LONG 0x0 SIZEOF (.bss_RAM4)
                0x1a000170        0x4 LONG 0x2000c000 ADDR (.bss_RAM5)
                0x1a000174        0x4 LONG 0x0 SIZEOF (.bss_RAM5)
                0x1a000178                __bss_section_table_end = .
                0x1a000178                __section_table_end = .
 *(.after_vectors*)
 .after_vectors
                0x1a000178       0x38 ./out/lib/rtos.a(Os_Internal_Arch_Cfg.o)
                0x1a000178                NMI_Handler
                0x1a000180                HardFault_Handler
                0x1a000188                MemManage_Handler
                0x1a000190                BusFault_Handler
                0x1a000198                UsageFault_Handler
                0x1a0001a0                SVC_Handler
                0x1a0001a8                DebugMon_Handler
 .after_vectors
                0x1a0001b0       0x7c ./out/lib/ext_drivers.a(cr_startup_lpc43xx.o)
                0x1a0001b0                data_init
                0x1a0001f4                bss_init
                0x000002fc                . = 0x2fc
 *fill*         0x1a00022c       0xd0 ff
                0x1a0002fc                PROVIDE (__CRP_WORD_START__, .)
 *(.crp)
 .crp           0x1a0002fc        0x4 ./out/obj/crp.o
                0x1a0002fc                CRP_WORD
                0x1a000300                PROVIDE (__CRP_WORD_END__, .)
                0x00000001                ASSERT (! ((__CRP_WORD_START__ == __CRP_WORD_END__)), Linker CRP Enabled, but no CRP_WORD provided within application)
 *(.text*)
 .text.buttonConstructor
                0x1a000300       0x40 ./out/obj/HW_buttons.o
                0x1a000300                buttonConstructor
 .text.buttonInitWithoutPullUp
                0x1a000340       0x34 ./out/obj/HW_buttons.o
                0x1a000340                buttonInitWithoutPullUp
 .text.buttonUpdate
                0x1a000374      0x114 ./out/obj/HW_buttons.o
                0x1a000374                buttonUpdate
 .text.buttonGetState
                0x1a000488       0x18 ./out/obj/HW_buttons.o
                0x1a000488                buttonGetState
 .text.buttonGetLastState
                0x1a0004a0       0x18 ./out/obj/HW_buttons.o
                0x1a0004a0                buttonGetLastState
 .text.main     0x1a0004b8       0x10 ./out/obj/main.o
                0x1a0004b8                main
 .text.ErrorHook
                0x1a0004c8        0xc ./out/obj/main.o
                0x1a0004c8                ErrorHook
 .text.OSEK_TASK_InitTask
                0x1a0004d4       0x44 ./out/obj/main.o
                0x1a0004d4                OSEK_TASK_InitTask
 .text.OSEK_TASK_ButtonTask
                0x1a000518       0x44 ./out/obj/main.o
                0x1a000518                OSEK_TASK_ButtonTask
 .text.OSEK_TASK_LedTask
                0x1a00055c       0x64 ./out/obj/main.o
                0x1a00055c                OSEK_TASK_LedTask
 .text.Chip_SCU_PinMuxSet
                0x1a0005c0       0x30 ./out/obj/DRIVER_GPIO.o
 .text.Chip_GPIO_SetPinState
                0x1a0005f0       0x28 ./out/obj/DRIVER_GPIO.o
 .text.Chip_GPIO_ReadPortBit
                0x1a000618       0x34 ./out/obj/DRIVER_GPIO.o
 .text.Chip_GPIO_SetPinDIROutput
                0x1a00064c       0x3c ./out/obj/DRIVER_GPIO.o
 .text.Chip_GPIO_SetPinDIRInput
                0x1a000688       0x40 ./out/obj/DRIVER_GPIO.o
 .text.GPIO_setAsInput
                0x1a0006c8       0x28 ./out/obj/DRIVER_GPIO.o
                0x1a0006c8                GPIO_setAsInput
 .text.GPIO_setAsOutput
                0x1a0006f0       0x28 ./out/obj/DRIVER_GPIO.o
                0x1a0006f0                GPIO_setAsOutput
 .text.GPIO_setON
                0x1a000718       0x28 ./out/obj/DRIVER_GPIO.o
                0x1a000718                GPIO_setON
 .text.GPIO_SetOFF
                0x1a000740       0x28 ./out/obj/DRIVER_GPIO.o
                0x1a000740                GPIO_SetOFF
 .text.GPIO_pinConfiguration
                0x1a000768       0x2c ./out/obj/DRIVER_GPIO.o
                0x1a000768                GPIO_pinConfiguration
 .text.GPIO_getValue
                0x1a000794       0x2c ./out/obj/DRIVER_GPIO.o
                0x1a000794                GPIO_getValue
 .text.led_SetON
                0x1a0007c0       0x30 ./out/obj/HW_leds.o
                0x1a0007c0                led_SetON
 .text.led_SetOFF
                0x1a0007f0       0x30 ./out/obj/HW_leds.o
                0x1a0007f0                led_SetOFF
 .text.led_Init
                0x1a000820       0x80 ./out/obj/HW_leds.o
                0x1a000820                led_Init
 .text.SetEvent
                0x1a0008a0      0x228 ./out/lib/rtos.a(SetEvent.o)
                0x1a0008a0                SetEvent
 .text.StartOS  0x1a000ac8       0xc8 ./out/lib/rtos.a(StartOS.o)
                0x1a000ac8                StartOS
 .text.AddReady
                0x1a000b90       0xb0 ./out/lib/rtos.a(Os_Internal.o)
                0x1a000b90                AddReady
 .text.RemoveTask
                0x1a000c40       0x98 ./out/lib/rtos.a(Os_Internal.o)
                0x1a000c40                RemoveTask
 .text.GetNextTask
                0x1a000cd8       0x68 ./out/lib/rtos.a(Os_Internal.o)
                0x1a000cd8                GetNextTask
 .text.OSEK_ISR_NoHandler
                0x1a000d40        0x8 ./out/lib/rtos.a(Os_Internal.o)
                0x1a000d40                OSEK_ISR_NoHandler
 .text.IncrementAlarm
                0x1a000d48      0x228 ./out/lib/rtos.a(Os_Internal.o)
                0x1a000d48                IncrementAlarm
 .text.IncrementCounter
                0x1a000f70       0xe8 ./out/lib/rtos.a(Os_Internal.o)
                0x1a000f70                IncrementCounter
 .text.GetAlarm
                0x1a001058       0xa4 ./out/lib/rtos.a(GetAlarm.o)
                0x1a001058                GetAlarm
 .text.Schedule_Int
                0x1a0010fc      0x2bc ./out/lib/rtos.a(Schedule.o)
                0x1a0010fc                Schedule_Int
 .text.ClearEvent
                0x1a0013b8      0x11c ./out/lib/rtos.a(ClearEvent.o)
                0x1a0013b8                ClearEvent
 .text.ActivateTask
                0x1a0014d4      0x190 ./out/lib/rtos.a(ActivateTask.o)
                0x1a0014d4                ActivateTask
 .text.TerminateTask
                0x1a001664      0x138 ./out/lib/rtos.a(TerminateTask.o)
                0x1a001664                TerminateTask
 .text.CancelAlarm
                0x1a00179c       0x94 ./out/lib/rtos.a(CancelAlarm.o)
                0x1a00179c                CancelAlarm
 .text.ShutdownOS
                0x1a001830        0xc ./out/lib/rtos.a(ShutdownOS.o)
                0x1a001830                ShutdownOS
 .text.SetRelAlarm
                0x1a00183c      0x194 ./out/lib/rtos.a(SetRelAlarm.o)
                0x1a00183c                SetRelAlarm
 .text.WaitEvent
                0x1a0019d0      0x22c ./out/lib/rtos.a(WaitEvent.o)
                0x1a0019d0                WaitEvent
 .text.StartOs_Arch_Cpu
                0x1a001bfc       0x10 ./out/lib/rtos.a(StartOs_Arch.o)
                0x1a001bfc                StartOs_Arch_Cpu
 .text.StartOs_Arch
                0x1a001c0c       0x2c ./out/lib/rtos.a(StartOs_Arch.o)
                0x1a001c0c                StartOs_Arch
 .text.ReturnHook_Arch
                0x1a001c38        0x8 ./out/lib/rtos.a(Os_Internal_Arch.o)
                0x1a001c38                ReturnHook_Arch
 .text.CheckTerminatingTask_Arch
                0x1a001c40       0x24 ./out/lib/rtos.a(Os_Internal_Arch.o)
                0x1a001c40                CheckTerminatingTask_Arch
 .text.InitStack_Arch
                0x1a001c64       0xc4 ./out/lib/rtos.a(Os_Internal_Arch.o)
                0x1a001c64                InitStack_Arch
 .text.SysTick_Handler
                0x1a001d28       0x68 ./out/lib/rtos.a(Os_Internal_Arch.o)
                0x1a001d28                SysTick_Handler
 .text.Enable_User_ISRs
                0x1a001d90        0xc ./out/lib/rtos.a(Os_Internal_Arch_Cfg.o)
                0x1a001d90                Enable_User_ISRs
 .text.NVIC_SetPriority
                0x1a001d9c       0x54 ./out/lib/rtos.a(StartOs_Arch_SysTick.o)
 .text.SysTick_Config
                0x1a001df0       0x44 ./out/lib/rtos.a(StartOs_Arch_SysTick.o)
 .text.StartOs_Arch_SysTick
                0x1a001e34       0x48 ./out/lib/rtos.a(StartOs_Arch_SysTick.o)
                0x1a001e34                StartOs_Arch_SysTick
 .text          0x1a001e7c       0x7c ./out/lib/rtos.a(PendSV.o)
                0x1a001e7c                PendSV_Handler
 .text.Chip_SCU_PinMuxSet
                0x1a001ef8       0x30 ./out/lib/ciaa_driver.a(ciaaIO.o)
 .text.Chip_SCU_PinMux
                0x1a001f28       0x2c ./out/lib/ciaa_driver.a(ciaaIO.o)
 .text.Chip_GPIO_ClearValue
                0x1a001f54       0x28 ./out/lib/ciaa_driver.a(ciaaIO.o)
 .text.ciaaIOInit
                0x1a001f7c       0xf0 ./out/lib/ciaa_driver.a(ciaaIO.o)
                0x1a001f7c                ciaaIOInit
 .text.Chip_GPIO_Init
                0x1a00206c       0x14 ./out/lib/ext_drivers.a(gpio_18xx_43xx.o)
                0x1a00206c                Chip_GPIO_Init
 .text.Chip_GPIO_SetDir
                0x1a002080       0x5c ./out/lib/ext_drivers.a(gpio_18xx_43xx.o)
                0x1a002080                Chip_GPIO_SetDir
 .text.SystemCoreClockUpdate
                0x1a0020dc       0x18 ./out/lib/ext_drivers.a(chip_18xx_43xx.o)
                0x1a0020dc                SystemCoreClockUpdate
 .text.ABS      0x1a0020f4       0x24 ./out/lib/ext_drivers.a(clock_18xx_43xx.o)
 .text.pll_calc_divs
                0x1a002118      0x11c ./out/lib/ext_drivers.a(clock_18xx_43xx.o)
 .text.pll_get_frac
                0x1a002234      0x178 ./out/lib/ext_drivers.a(clock_18xx_43xx.o)
 .text.Chip_Clock_GetDivRate
                0x1a0023ac       0x40 ./out/lib/ext_drivers.a(clock_18xx_43xx.o)
 .text.Chip_Clock_FindBaseClock
                0x1a0023ec       0x88 ./out/lib/ext_drivers.a(clock_18xx_43xx.o)
 .text.Chip_Clock_EnableCrystal
                0x1a002474       0x6c ./out/lib/ext_drivers.a(clock_18xx_43xx.o)
                0x1a002474                Chip_Clock_EnableCrystal
 .text.Chip_Clock_CalcMainPLLValue
                0x1a0024e0       0xd4 ./out/lib/ext_drivers.a(clock_18xx_43xx.o)
                0x1a0024e0                Chip_Clock_CalcMainPLLValue
 .text.Chip_Clock_GetMainPLLHz
                0x1a0025b4       0xc0 ./out/lib/ext_drivers.a(clock_18xx_43xx.o)
                0x1a0025b4                Chip_Clock_GetMainPLLHz
 .text.Chip_Clock_GetDividerSource
                0x1a002674       0x40 ./out/lib/ext_drivers.a(clock_18xx_43xx.o)
                0x1a002674                Chip_Clock_GetDividerSource
 .text.Chip_Clock_GetDividerDivisor
                0x1a0026b4       0x38 ./out/lib/ext_drivers.a(clock_18xx_43xx.o)
                0x1a0026b4                Chip_Clock_GetDividerDivisor
 .text.Chip_Clock_GetClockInputHz
                0x1a0026ec      0x140 ./out/lib/ext_drivers.a(clock_18xx_43xx.o)
                0x1a0026ec                Chip_Clock_GetClockInputHz
 .text.Chip_Clock_GetBaseClocktHz
                0x1a00282c       0x24 ./out/lib/ext_drivers.a(clock_18xx_43xx.o)
                0x1a00282c                Chip_Clock_GetBaseClocktHz
 .text.Chip_Clock_SetBaseClock
                0x1a002850       0x8c ./out/lib/ext_drivers.a(clock_18xx_43xx.o)
                0x1a002850                Chip_Clock_SetBaseClock
 .text.Chip_Clock_GetBaseClock
                0x1a0028dc       0x4c ./out/lib/ext_drivers.a(clock_18xx_43xx.o)
                0x1a0028dc                Chip_Clock_GetBaseClock
 .text.Chip_Clock_GetRate
                0x1a002928       0x88 ./out/lib/ext_drivers.a(clock_18xx_43xx.o)
                0x1a002928                Chip_Clock_GetRate
 .text.SystemInit
                0x1a0029b0       0x1c ./out/lib/ext_drivers.a(sysinit.o)
                0x1a0029b0                SystemInit
 .text.ResetISR
                0x1a0029cc       0xe4 ./out/lib/ext_drivers.a(cr_startup_lpc43xx.o)
                0x1a0029cc                ResetISR
 .text.fpuInit  0x1a002ab0       0x74 ./out/lib/ext_drivers.a(fpu_init.o)
                0x1a002ab0                fpuInit
 .text.Chip_Clock_DisableMainPLL
                0x1a002b24       0x1c ./out/lib/ext_drivers.a(sysinit_18xx_43xx.o)
 .text.Chip_Clock_SetupMainPLL
                0x1a002b40       0x40 ./out/lib/ext_drivers.a(sysinit_18xx_43xx.o)
 .text.Chip_Clock_MainPLLLocked
                0x1a002b80       0x24 ./out/lib/ext_drivers.a(sysinit_18xx_43xx.o)
 .text.Chip_SetupCoreClock
                0x1a002ba4      0x15c ./out/lib/ext_drivers.a(sysinit_18xx_43xx.o)
                0x1a002ba4                Chip_SetupCoreClock
 .text.Chip_SetupIrcClocking
                0x1a002d00       0x14 ./out/lib/ext_drivers.a(sysinit_18xx_43xx.o)
                0x1a002d00                Chip_SetupIrcClocking
 .text.Chip_SystemInit
                0x1a002d14        0xc ./out/lib/ext_drivers.a(sysinit_18xx_43xx.o)
                0x1a002d14                Chip_SystemInit
 .text.memset   0x1a002d20       0x94 c:/ciaa/cygwin/usr/arm-none-eabi/bin/../lib/gcc/arm-none-eabi/4.8.4/../../../../arm-none-eabi/lib/armv7e-m/softfp\libc.a(lib_a-memset.o)
                0x1a002d20                memset
 *(.rodata .rodata.* .constdata .constdata.*)
 .rodata.OSEK_ALARMLIST_HardwareCounter
                0x1a002db4        0x4 ./out/lib/rtos.a(Os_Internal_Cfg.o)
                0x1a002db4                OSEK_ALARMLIST_HardwareCounter
 .rodata.TasksConst
                0x1a002db8       0x54 ./out/lib/rtos.a(Os_Internal_Cfg.o)
                0x1a002db8                TasksConst
 .rodata.TasksAppModeAppMode1
                0x1a002e0c        0x4 ./out/lib/rtos.a(Os_Internal_Cfg.o)
                0x1a002e0c                TasksAppModeAppMode1
 .rodata.AutoStart
                0x1a002e10        0x8 ./out/lib/rtos.a(Os_Internal_Cfg.o)
                0x1a002e10                AutoStart
 .rodata.ReadyConst
                0x1a002e18       0x10 ./out/lib/rtos.a(Os_Internal_Cfg.o)
                0x1a002e18                ReadyConst
 .rodata.AlarmsConst
                0x1a002e28       0x28 ./out/lib/rtos.a(Os_Internal_Cfg.o)
                0x1a002e28                AlarmsConst
 .rodata.CountersConst
                0x1a002e50       0x14 ./out/lib/rtos.a(Os_Internal_Cfg.o)
                0x1a002e50                CountersConst
 .rodata.periph_to_base
                0x1a002e64       0x6c ./out/lib/ext_drivers.a(clock_18xx_43xx.o)
 .rodata        0x1a002ed0        0xc ./out/lib/ext_drivers.a(clock_18xx_43xx.o)
 .rodata.ExtRateIn
                0x1a002edc        0x4 ./out/lib/ext_drivers.a(sysinit.o)
                0x1a002edc                ExtRateIn
 .rodata.OscRateIn
                0x1a002ee0        0x4 ./out/lib/ext_drivers.a(sysinit.o)
                0x1a002ee0                OscRateIn
 .rodata.InitClkStates
                0x1a002ee4       0x48 ./out/lib/ext_drivers.a(sysinit_18xx_43xx.o)
                0x1a002f2c                . = ALIGN (0x4)

.glue_7         0x1a002f2c        0x0
 .glue_7        0x00000000        0x0 linker stubs

.glue_7t        0x1a002f2c        0x0
 .glue_7t       0x00000000        0x0 linker stubs

.vfp11_veneer   0x1a002f2c        0x0
 .vfp11_veneer  0x00000000        0x0 linker stubs

.v4_bx          0x1a002f2c        0x0
 .v4_bx         0x00000000        0x0 linker stubs

.iplt           0x1a002f2c        0x0
 .iplt          0x00000000        0x0 ./out/obj/HW_buttons.o

.rel.dyn        0x1a002f2c        0x0
 .rel.iplt      0x00000000        0x0 ./out/obj/HW_buttons.o

.ARM.extab
 *(.ARM.extab* .gnu.linkonce.armextab.*)
                0x1a002f2c                __exidx_start = .

.ARM.exidx
 *(.ARM.exidx* .gnu.linkonce.armexidx.*)
                0x1a002f2c                __exidx_end = .
                0x1a002f2c                _etext = .

.data_RAM2      0x10080000        0x0 load address 0x1a002f2c
 FILL mask 0xff
 *(.ramfunc.$RAM2)
 *(.ramfunc.$RamLoc40)
 *(.data.$RAM2*)
 *(.data.$RamLoc40*)
                0x10080000                . = ALIGN (0x4)

.data_RAM3      0x20000000        0x0 load address 0x1a002f2c
 FILL mask 0xff
 *(.ramfunc.$RAM3)
 *(.ramfunc.$RamAHB32)
 *(.data.$RAM3*)
 *(.data.$RamAHB32*)
                0x20000000                . = ALIGN (0x4)

.data_RAM4      0x20008000        0x0 load address 0x1a002f2c
 FILL mask 0xff
 *(.ramfunc.$RAM4)
 *(.ramfunc.$RamAHB16)
 *(.data.$RAM4*)
 *(.data.$RamAHB16*)
                0x20008000                . = ALIGN (0x4)

.data_RAM5      0x2000c000        0x0 load address 0x1a002f2c
 FILL mask 0xff
 *(.ramfunc.$RAM5)
 *(.ramfunc.$RamAHB_ETB16)
 *(.data.$RAM5*)
 *(.data.$RamAHB_ETB16*)
                0x2000c000                . = ALIGN (0x4)

.uninit_RESERVED
                0x10000000        0x0
 *(.bss.$RESERVED*)
                0x10000000                . = ALIGN (0x4)
                0x10000000                _end_uninit_RESERVED = .

.data           0x10000000       0x38 load address 0x1a002f2c
 FILL mask 0xff
                0x10000000                _data = .
 *(vtable)
 *(.ramfunc*)
 *(.data*)
 .data.leds     0x10000000       0x30 ./out/obj/HW_leds.o
 .data.TerminatingTask
                0x10000030        0x1 ./out/lib/rtos.a(Os_Internal_Arch.o)
                0x10000030                TerminatingTask
 .data.WaitingTask
                0x10000031        0x1 ./out/lib/rtos.a(Os_Internal_Arch.o)
                0x10000031                WaitingTask
 *fill*         0x10000032        0x2 
 .data.CounterIncrement.4318
                0x10000034        0x4 ./out/lib/rtos.a(Os_Internal_Arch.o)
                0x10000038                . = ALIGN (0x4)
                0x10000038                _edata = .

.igot.plt       0x10000038        0x0 load address 0x1a002f64
 .igot.plt      0x00000000        0x0 ./out/obj/HW_buttons.o

.bss_RAM2       0x10080000        0x0
 *(.bss.$RAM2*)
 *(.bss.$RamLoc40*)
                0x10080000                . = ALIGN (0x4)

.bss_RAM3       0x20000000        0x0
 *(.bss.$RAM3*)
 *(.bss.$RamAHB32*)
                0x20000000                . = ALIGN (0x4)

.bss_RAM4       0x20008000        0x0
 *(.bss.$RAM4*)
 *(.bss.$RamAHB16*)
                0x20008000                . = ALIGN (0x4)

.bss_RAM5       0x2000c000        0x0
 *(.bss.$RAM5*)
 *(.bss.$RamAHB_ETB16*)
                0x2000c000                . = ALIGN (0x4)

.bss            0x10000038      0x6b8
                0x10000038                _bss = .
 *(.bss*)
 .bss.button1   0x10000038       0x10 ./out/obj/main.o
 .bss.audio_usb_pll_freq
                0x10000048        0x8 ./out/lib/ext_drivers.a(clock_18xx_43xx.o)
 *(COMMON)
 COMMON         0x10000050        0x2 ./out/lib/rtos.a(Os_Internal.o)
                0x10000050                RunningTask
                0x10000051                ActualContext
 COMMON         0x10000052        0x3 ./out/lib/rtos.a(Os.o)
                0x10000052                DisableAllInterrupts_Counter
                0x10000053                SuspendAllInterrupts_Counter
                0x10000054                SuspendOSInterrupts_Counter
 *fill*         0x10000055        0x3 
 COMMON         0x10000058        0x8 ./out/lib/rtos.a(Os_Internal_Arch.o)
                0x10000058                Osek_OldTaskPtr_Arch
                0x1000005c                Osek_NewTaskPtr_Arch
 COMMON         0x10000060       0x14 ./out/lib/rtos.a(Os_Cfg.o)
                0x10000060                Osek_ErrorRet
                0x10000064                Osek_ErrorApi
                0x10000068                Osek_ErrorParam3
                0x1000006c                Osek_ErrorParam1
                0x10000070                Osek_ErrorParam2
 COMMON         0x10000074      0x678 ./out/lib/rtos.a(Os_Internal_Cfg.o)
                0x10000074                ReadyList0
                0x10000078                StackTaskButtonTask
                0x10000278                ApplicationMode
                0x1000027c                StackTaskInitTask
                0x1000047c                ReadyVar
                0x10000480                AlarmsVar
                0x10000498                ReadyList1
                0x1000049c                ContextTaskInitTask
                0x100004a0                ErrorHookRunning
                0x100004a4                StackTaskLedTask
                0x100006a4                ContextTaskButtonTask
                0x100006a8                CountersVar
                0x100006ac                TasksVar
                0x100006e8                ContextTaskLedTask
 COMMON         0x100006ec        0x4 ./out/lib/ext_drivers.a(chip_18xx_43xx.o)
                0x100006ec                SystemCoreClock
                0x100006f0                . = ALIGN (0x4)
                0x100006f0                _ebss = .
                0x100006f0                PROVIDE (end, .)

.noinit_RAM2    0x10080000        0x0
 *(.noinit.$RAM2*)
 *(.noinit.$RamLoc40*)
                0x10080000                . = ALIGN (0x4)

.noinit_RAM3    0x20000000        0x0
 *(.noinit.$RAM3*)
 *(.noinit.$RamAHB32*)
                0x20000000                . = ALIGN (0x4)

.noinit_RAM4    0x20008000        0x0
 *(.noinit.$RAM4*)
 *(.noinit.$RamAHB16*)
                0x20008000                . = ALIGN (0x4)

.noinit_RAM5    0x2000c000        0x0
 *(.noinit.$RAM5*)
 *(.noinit.$RamAHB_ETB16*)
                0x2000c000                . = ALIGN (0x4)

.noinit         0x100006f0        0x0
                0x100006f0                _noinit = .
 *(.noinit*)
                0x100006f0                . = ALIGN (0x4)
                0x100006f0                _end_noinit = .
                0x100006f0                PROVIDE (_pvHeapStart, .)
                0x10008000                PROVIDE (_vStackTop, (__top_RamLoc32 - 0x0))
OUTPUT(./out/bin/2_1.axf elf32-littlearm)

.debug_info     0x00000000    0x103c7
 .debug_info    0x00000000      0x314 ./out/obj/HW_buttons.o
 .debug_info    0x00000314      0x687 ./out/obj/main.o
 .debug_info    0x0000099b      0x6a0 ./out/obj/DRIVER_GPIO.o
 .debug_info    0x0000103b      0x660 ./out/obj/HW_leds.o
 .debug_info    0x0000169b       0x3f ./out/obj/crp.o
 .debug_info    0x000016da      0x317 ./out/lib/rtos.a(SetEvent.o)
 .debug_info    0x000019f1      0x225 ./out/lib/rtos.a(StartOS.o)
 .debug_info    0x00001c16      0x78e ./out/lib/rtos.a(Os_Internal.o)
 .debug_info    0x000023a4      0x1aa ./out/lib/rtos.a(GetAlarm.o)
 .debug_info    0x0000254e      0x375 ./out/lib/rtos.a(Schedule.o)
 .debug_info    0x000028c3      0x31f ./out/lib/rtos.a(ClearEvent.o)
 .debug_info    0x00002be2      0x2f2 ./out/lib/rtos.a(ActivateTask.o)
 .debug_info    0x00002ed4       0x99 ./out/lib/rtos.a(Os.o)
 .debug_info    0x00002f6d      0x214 ./out/lib/rtos.a(TerminateTask.o)
 .debug_info    0x00003181      0x173 ./out/lib/rtos.a(CancelAlarm.o)
 .debug_info    0x000032f4       0x8d ./out/lib/rtos.a(ShutdownOS.o)
 .debug_info    0x00003381      0x351 ./out/lib/rtos.a(SetRelAlarm.o)
 .debug_info    0x000036d2      0x35d ./out/lib/rtos.a(WaitEvent.o)
 .debug_info    0x00003a2f       0x9e ./out/lib/rtos.a(StartOs_Arch.o)
 .debug_info    0x00003acd      0x315 ./out/lib/rtos.a(Os_Internal_Arch.o)
 .debug_info    0x00003de2       0xaf ./out/lib/rtos.a(Os_Cfg.o)
 .debug_info    0x00003e91      0x78f ./out/lib/rtos.a(Os_Internal_Cfg.o)
 .debug_info    0x00004620     0x76c5 ./out/lib/rtos.a(Os_Internal_Arch_Cfg.o)
 .debug_info    0x0000bce5      0x601 ./out/lib/rtos.a(StartOs_Arch_SysTick.o)
 .debug_info    0x0000c2e6       0x5f ./out/lib/rtos.a(PendSV.o)
 .debug_info    0x0000c345      0xaa2 ./out/lib/ciaa_driver.a(ciaaIO.o)
 .debug_info    0x0000cde7      0x44c ./out/lib/ext_drivers.a(gpio_18xx_43xx.o)
 .debug_info    0x0000d233      0xa3b ./out/lib/ext_drivers.a(chip_18xx_43xx.o)
 .debug_info    0x0000dc6e     0x158f ./out/lib/ext_drivers.a(clock_18xx_43xx.o)
 .debug_info    0x0000f1fd      0x5c0 ./out/lib/ext_drivers.a(sysinit.o)
 .debug_info    0x0000f7bd      0x1c3 ./out/lib/ext_drivers.a(cr_startup_lpc43xx.o)
 .debug_info    0x0000f980      0x145 ./out/lib/ext_drivers.a(fpu_init.o)
 .debug_info    0x0000fac5      0x902 ./out/lib/ext_drivers.a(sysinit_18xx_43xx.o)

.debug_abbrev   0x00000000     0x22f8
 .debug_abbrev  0x00000000       0xe7 ./out/obj/HW_buttons.o
 .debug_abbrev  0x000000e7      0x10c ./out/obj/main.o
 .debug_abbrev  0x000001f3      0x179 ./out/obj/DRIVER_GPIO.o
 .debug_abbrev  0x0000036c      0x104 ./out/obj/HW_leds.o
 .debug_abbrev  0x00000470       0x36 ./out/obj/crp.o
 .debug_abbrev  0x000004a6       0xfd ./out/lib/rtos.a(SetEvent.o)
 .debug_abbrev  0x000005a3      0x102 ./out/lib/rtos.a(StartOS.o)
 .debug_abbrev  0x000006a5      0x1c6 ./out/lib/rtos.a(Os_Internal.o)
 .debug_abbrev  0x0000086b       0xda ./out/lib/rtos.a(GetAlarm.o)
 .debug_abbrev  0x00000945      0x11c ./out/lib/rtos.a(Schedule.o)
 .debug_abbrev  0x00000a61       0xfd ./out/lib/rtos.a(ClearEvent.o)
 .debug_abbrev  0x00000b5e       0xfd ./out/lib/rtos.a(ActivateTask.o)
 .debug_abbrev  0x00000c5b       0x47 ./out/lib/rtos.a(Os.o)
 .debug_abbrev  0x00000ca2       0xd7 ./out/lib/rtos.a(TerminateTask.o)
 .debug_abbrev  0x00000d79       0xd1 ./out/lib/rtos.a(CancelAlarm.o)
 .debug_abbrev  0x00000e4a       0x61 ./out/lib/rtos.a(ShutdownOS.o)
 .debug_abbrev  0x00000eab       0xfe ./out/lib/rtos.a(SetRelAlarm.o)
 .debug_abbrev  0x00000fa9      0x11c ./out/lib/rtos.a(WaitEvent.o)
 .debug_abbrev  0x000010c5       0x79 ./out/lib/rtos.a(StartOs_Arch.o)
 .debug_abbrev  0x0000113e      0x15d ./out/lib/rtos.a(Os_Internal_Arch.o)
 .debug_abbrev  0x0000129b       0x3a ./out/lib/rtos.a(Os_Cfg.o)
 .debug_abbrev  0x000012d5      0x101 ./out/lib/rtos.a(Os_Internal_Cfg.o)
 .debug_abbrev  0x000013d6      0x32c ./out/lib/rtos.a(Os_Internal_Arch_Cfg.o)
 .debug_abbrev  0x00001702      0x157 ./out/lib/rtos.a(StartOs_Arch_SysTick.o)
 .debug_abbrev  0x00001859       0x14 ./out/lib/rtos.a(PendSV.o)
 .debug_abbrev  0x0000186d      0x1ec ./out/lib/ciaa_driver.a(ciaaIO.o)
 .debug_abbrev  0x00001a59      0x111 ./out/lib/ext_drivers.a(gpio_18xx_43xx.o)
 .debug_abbrev  0x00001b6a      0x148 ./out/lib/ext_drivers.a(chip_18xx_43xx.o)
 .debug_abbrev  0x00001cb2      0x2c0 ./out/lib/ext_drivers.a(clock_18xx_43xx.o)
 .debug_abbrev  0x00001f72       0xc1 ./out/lib/ext_drivers.a(sysinit.o)
 .debug_abbrev  0x00002033       0xc0 ./out/lib/ext_drivers.a(cr_startup_lpc43xx.o)
 .debug_abbrev  0x000020f3       0x84 ./out/lib/ext_drivers.a(fpu_init.o)
 .debug_abbrev  0x00002177      0x181 ./out/lib/ext_drivers.a(sysinit_18xx_43xx.o)

.debug_aranges  0x00000000     0x12c0
 .debug_aranges
                0x00000000       0x60 ./out/obj/HW_buttons.o
 .debug_aranges
                0x00000060       0x40 ./out/obj/main.o
 .debug_aranges
                0x000000a0       0x88 ./out/obj/DRIVER_GPIO.o
 .debug_aranges
                0x00000128       0x40 ./out/obj/HW_leds.o
 .debug_aranges
                0x00000168       0x18 ./out/obj/crp.o
 .debug_aranges
                0x00000180       0x20 ./out/lib/rtos.a(SetEvent.o)
 .debug_aranges
                0x000001a0       0x20 ./out/lib/rtos.a(StartOS.o)
 .debug_aranges
                0x000001c0       0x48 ./out/lib/rtos.a(Os_Internal.o)
 .debug_aranges
                0x00000208       0x20 ./out/lib/rtos.a(GetAlarm.o)
 .debug_aranges
                0x00000228       0x20 ./out/lib/rtos.a(Schedule.o)
 .debug_aranges
                0x00000248       0x20 ./out/lib/rtos.a(ClearEvent.o)
 .debug_aranges
                0x00000268       0x20 ./out/lib/rtos.a(ActivateTask.o)
 .debug_aranges
                0x00000288       0x18 ./out/lib/rtos.a(Os.o)
 .debug_aranges
                0x000002a0       0x20 ./out/lib/rtos.a(TerminateTask.o)
 .debug_aranges
                0x000002c0       0x20 ./out/lib/rtos.a(CancelAlarm.o)
 .debug_aranges
                0x000002e0       0x20 ./out/lib/rtos.a(ShutdownOS.o)
 .debug_aranges
                0x00000300       0x20 ./out/lib/rtos.a(SetRelAlarm.o)
 .debug_aranges
                0x00000320       0x20 ./out/lib/rtos.a(WaitEvent.o)
 .debug_aranges
                0x00000340       0x28 ./out/lib/rtos.a(StartOs_Arch.o)
 .debug_aranges
                0x00000368       0x38 ./out/lib/rtos.a(Os_Internal_Arch.o)
 .debug_aranges
                0x000003a0       0x18 ./out/lib/rtos.a(Os_Cfg.o)
 .debug_aranges
                0x000003b8       0x18 ./out/lib/rtos.a(Os_Internal_Cfg.o)
 .debug_aranges
                0x000003d0      0xb98 ./out/lib/rtos.a(Os_Internal_Arch_Cfg.o)
 .debug_aranges
                0x00000f68       0x30 ./out/lib/rtos.a(StartOs_Arch_SysTick.o)
 .debug_aranges
                0x00000f98       0x20 ./out/lib/rtos.a(PendSV.o)
 .debug_aranges
                0x00000fb8       0x68 ./out/lib/ciaa_driver.a(ciaaIO.o)
 .debug_aranges
                0x00001020       0x68 ./out/lib/ext_drivers.a(gpio_18xx_43xx.o)
 .debug_aranges
                0x00001088       0x40 ./out/lib/ext_drivers.a(chip_18xx_43xx.o)
 .debug_aranges
                0x000010c8      0x138 ./out/lib/ext_drivers.a(clock_18xx_43xx.o)
 .debug_aranges
                0x00001200       0x20 ./out/lib/ext_drivers.a(sysinit.o)
 .debug_aranges
                0x00001220       0x30 ./out/lib/ext_drivers.a(cr_startup_lpc43xx.o)
 .debug_aranges
                0x00001250       0x20 ./out/lib/ext_drivers.a(fpu_init.o)
 .debug_aranges
                0x00001270       0x50 ./out/lib/ext_drivers.a(sysinit_18xx_43xx.o)

.debug_ranges   0x00000000     0x1080
 .debug_ranges  0x00000000       0x50 ./out/obj/HW_buttons.o
 .debug_ranges  0x00000050       0x30 ./out/obj/main.o
 .debug_ranges  0x00000080       0x78 ./out/obj/DRIVER_GPIO.o
 .debug_ranges  0x000000f8       0x30 ./out/obj/HW_leds.o
 .debug_ranges  0x00000128       0x10 ./out/lib/rtos.a(SetEvent.o)
 .debug_ranges  0x00000138       0x10 ./out/lib/rtos.a(StartOS.o)
 .debug_ranges  0x00000148       0x38 ./out/lib/rtos.a(Os_Internal.o)
 .debug_ranges  0x00000180       0x10 ./out/lib/rtos.a(GetAlarm.o)
 .debug_ranges  0x00000190       0x10 ./out/lib/rtos.a(Schedule.o)
 .debug_ranges  0x000001a0       0x10 ./out/lib/rtos.a(ClearEvent.o)
 .debug_ranges  0x000001b0       0x10 ./out/lib/rtos.a(ActivateTask.o)
 .debug_ranges  0x000001c0       0x10 ./out/lib/rtos.a(TerminateTask.o)
 .debug_ranges  0x000001d0       0x10 ./out/lib/rtos.a(CancelAlarm.o)
 .debug_ranges  0x000001e0       0x10 ./out/lib/rtos.a(ShutdownOS.o)
 .debug_ranges  0x000001f0       0x10 ./out/lib/rtos.a(SetRelAlarm.o)
 .debug_ranges  0x00000200       0x10 ./out/lib/rtos.a(WaitEvent.o)
 .debug_ranges  0x00000210       0x18 ./out/lib/rtos.a(StartOs_Arch.o)
 .debug_ranges  0x00000228       0x28 ./out/lib/rtos.a(Os_Internal_Arch.o)
 .debug_ranges  0x00000250      0xb88 ./out/lib/rtos.a(Os_Internal_Arch_Cfg.o)
 .debug_ranges  0x00000dd8       0x20 ./out/lib/rtos.a(StartOs_Arch_SysTick.o)
 .debug_ranges  0x00000df8       0x58 ./out/lib/ciaa_driver.a(ciaaIO.o)
 .debug_ranges  0x00000e50       0x58 ./out/lib/ext_drivers.a(gpio_18xx_43xx.o)
 .debug_ranges  0x00000ea8       0x30 ./out/lib/ext_drivers.a(chip_18xx_43xx.o)
 .debug_ranges  0x00000ed8      0x128 ./out/lib/ext_drivers.a(clock_18xx_43xx.o)
 .debug_ranges  0x00001000       0x10 ./out/lib/ext_drivers.a(sysinit.o)
 .debug_ranges  0x00001010       0x20 ./out/lib/ext_drivers.a(cr_startup_lpc43xx.o)
 .debug_ranges  0x00001030       0x10 ./out/lib/ext_drivers.a(fpu_init.o)
 .debug_ranges  0x00001040       0x40 ./out/lib/ext_drivers.a(sysinit_18xx_43xx.o)

.debug_macro    0x00000000     0x76b3
 .debug_macro   0x00000000      0x2f9 ./out/obj/HW_buttons.o
 .debug_macro   0x000002f9      0x868 ./out/obj/HW_buttons.o
 .debug_macro   0x00000b61       0x10 ./out/obj/HW_buttons.o
 .debug_macro   0x00000b71       0x16 ./out/obj/HW_buttons.o
 .debug_macro   0x00000b87       0x44 ./out/obj/HW_buttons.o
 .debug_macro   0x00000bcb      0x209 ./out/obj/HW_buttons.o
 .debug_macro   0x00000dd4       0x22 ./out/obj/HW_buttons.o
 .debug_macro   0x00000df6       0x67 ./out/obj/HW_buttons.o
 .debug_macro   0x00000e5d       0x28 ./out/obj/HW_buttons.o
 .debug_macro   0x00000e85       0x3b ./out/obj/HW_buttons.o
 .debug_macro   0x00000ec0       0x2d ./out/obj/HW_buttons.o
 .debug_macro   0x00000eed       0x42 ./out/obj/HW_buttons.o
 .debug_macro   0x00000f2f      0xd39 ./out/obj/HW_buttons.o
 .debug_macro   0x00001c68      0x2bc ./out/obj/HW_buttons.o
 .debug_macro   0x00001f24      0x112 ./out/obj/HW_buttons.o
 .debug_macro   0x00002036       0x11 ./out/obj/HW_buttons.o
 .debug_macro   0x00002047       0x2a ./out/obj/HW_buttons.o
 .debug_macro   0x00002071       0x16 ./out/obj/HW_buttons.o
 .debug_macro   0x00002087      0x2e6 ./out/obj/HW_buttons.o
 .debug_macro   0x0000236d       0x82 ./out/obj/HW_buttons.o
 .debug_macro   0x000023ef      0x13d ./out/obj/HW_buttons.o
 .debug_macro   0x0000252c      0x198 ./out/obj/HW_buttons.o
 .debug_macro   0x000026c4       0x34 ./out/obj/HW_buttons.o
 .debug_macro   0x000026f8       0x58 ./out/obj/HW_buttons.o
 .debug_macro   0x00002750      0x236 ./out/obj/HW_buttons.o
 .debug_macro   0x00002986      0x572 ./out/obj/HW_buttons.o
 .debug_macro   0x00002ef8       0x16 ./out/obj/HW_buttons.o
 .debug_macro   0x00002f0e      0x18a ./out/obj/HW_buttons.o
 .debug_macro   0x00003098       0x88 ./out/obj/HW_buttons.o
 .debug_macro   0x00003120      0x1b9 ./out/obj/HW_buttons.o
 .debug_macro   0x000032d9      0x1da ./out/obj/HW_buttons.o
 .debug_macro   0x000034b3       0x40 ./out/obj/HW_buttons.o
 .debug_macro   0x000034f3       0x1c ./out/obj/HW_buttons.o
 .debug_macro   0x0000350f       0x2e ./out/obj/HW_buttons.o
 .debug_macro   0x0000353d       0x2e ./out/obj/HW_buttons.o
 .debug_macro   0x0000356b       0x22 ./out/obj/HW_buttons.o
 .debug_macro   0x0000358d      0x201 ./out/obj/HW_buttons.o
 .debug_macro   0x0000378e       0xe0 ./out/obj/HW_buttons.o
 .debug_macro   0x0000386e      0x34c ./out/obj/HW_buttons.o
 .debug_macro   0x00003bba       0xdc ./out/obj/HW_buttons.o
 .debug_macro   0x00003c96       0xc4 ./out/obj/HW_buttons.o
 .debug_macro   0x00003d5a       0x94 ./out/obj/HW_buttons.o
 .debug_macro   0x00003dee       0xb8 ./out/obj/HW_buttons.o
 .debug_macro   0x00003ea6       0x4c ./out/obj/HW_buttons.o
 .debug_macro   0x00003ef2       0x16 ./out/obj/HW_buttons.o
 .debug_macro   0x00003f08      0x328 ./out/obj/HW_buttons.o
 .debug_macro   0x00004230       0x3a ./out/obj/HW_buttons.o
 .debug_macro   0x0000426a       0xd0 ./out/obj/HW_buttons.o
 .debug_macro   0x0000433a       0x18 ./out/obj/HW_buttons.o
 .debug_macro   0x00004352       0x22 ./out/obj/HW_buttons.o
 .debug_macro   0x00004374       0x40 ./out/obj/HW_buttons.o
 .debug_macro   0x000043b4       0x28 ./out/obj/HW_buttons.o
 .debug_macro   0x000043dc      0x375 ./out/obj/main.o
 .debug_macro   0x00004751       0xb8 ./out/obj/main.o
 .debug_macro   0x00004809       0x2e ./out/obj/main.o
 .debug_macro   0x00004837       0x10 ./out/obj/main.o
 .debug_macro   0x00004847       0x22 ./out/obj/main.o
 .debug_macro   0x00004869       0x3b ./out/obj/main.o
 .debug_macro   0x000048a4       0x6b ./out/obj/main.o
 .debug_macro   0x0000490f       0x71 ./out/obj/main.o
 .debug_macro   0x00004980       0x28 ./out/obj/main.o
 .debug_macro   0x000049a8      0x155 ./out/obj/main.o
 .debug_macro   0x00004afd      0x2ea ./out/obj/DRIVER_GPIO.o
 .debug_macro   0x00004de7      0x2fd ./out/obj/HW_leds.o
 .debug_macro   0x000050e4       0x17 ./out/obj/crp.o
 .debug_macro   0x000050fb       0x9d ./out/lib/rtos.a(SetEvent.o)
 .debug_macro   0x00005198       0x12 ./out/lib/rtos.a(SetEvent.o)
 .debug_macro   0x000051aa       0x82 ./out/lib/rtos.a(SetEvent.o)
 .debug_macro   0x0000522c       0x9c ./out/lib/rtos.a(SetEvent.o)
 .debug_macro   0x000052c8       0x84 ./out/lib/rtos.a(SetEvent.o)
 .debug_macro   0x0000534c       0x90 ./out/lib/rtos.a(SetEvent.o)
 .debug_macro   0x000053dc       0x9d ./out/lib/rtos.a(StartOS.o)
 .debug_macro   0x00005479       0x9d ./out/lib/rtos.a(Os_Internal.o)
 .debug_macro   0x00005516       0x9d ./out/lib/rtos.a(GetAlarm.o)
 .debug_macro   0x000055b3       0x9d ./out/lib/rtos.a(Schedule.o)
 .debug_macro   0x00005650       0x9d ./out/lib/rtos.a(ClearEvent.o)
 .debug_macro   0x000056ed       0x9d ./out/lib/rtos.a(ActivateTask.o)
 .debug_macro   0x0000578a       0x9d ./out/lib/rtos.a(Os.o)
 .debug_macro   0x00005827       0x9d ./out/lib/rtos.a(TerminateTask.o)
 .debug_macro   0x000058c4       0x9d ./out/lib/rtos.a(CancelAlarm.o)
 .debug_macro   0x00005961       0x9d ./out/lib/rtos.a(ShutdownOS.o)
 .debug_macro   0x000059fe       0x9d ./out/lib/rtos.a(SetRelAlarm.o)
 .debug_macro   0x00005a9b       0x9d ./out/lib/rtos.a(WaitEvent.o)
 .debug_macro   0x00005b38       0xa1 ./out/lib/rtos.a(StartOs_Arch.o)
 .debug_macro   0x00005bd9       0x9d ./out/lib/rtos.a(Os_Internal_Arch.o)
 .debug_macro   0x00005c76       0x9d ./out/lib/rtos.a(Os_Cfg.o)
 .debug_macro   0x00005d13       0x9d ./out/lib/rtos.a(Os_Internal_Cfg.o)
 .debug_macro   0x00005db0      0x378 ./out/lib/rtos.a(Os_Internal_Arch_Cfg.o)
 .debug_macro   0x00006128       0x59 ./out/lib/rtos.a(Os_Internal_Arch_Cfg.o)
 .debug_macro   0x00006181      0x2f3 ./out/lib/rtos.a(StartOs_Arch_SysTick.o)
 .debug_macro   0x00006474      0x2f0 ./out/lib/ciaa_driver.a(ciaaIO.o)
 .debug_macro   0x00006764      0x2e0 ./out/lib/ext_drivers.a(gpio_18xx_43xx.o)
 .debug_macro   0x00006a44      0x2e0 ./out/lib/ext_drivers.a(chip_18xx_43xx.o)
 .debug_macro   0x00006d24      0x2e6 ./out/lib/ext_drivers.a(clock_18xx_43xx.o)
 .debug_macro   0x0000700a      0x2e0 ./out/lib/ext_drivers.a(sysinit.o)
 .debug_macro   0x000072ea       0x23 ./out/lib/ext_drivers.a(cr_startup_lpc43xx.o)
 .debug_macro   0x0000730d       0xc6 ./out/lib/ext_drivers.a(fpu_init.o)
 .debug_macro   0x000073d3      0x2e0 ./out/lib/ext_drivers.a(sysinit_18xx_43xx.o)

.debug_line     0x00000000     0x99dc
 .debug_line    0x00000000      0x749 ./out/obj/HW_buttons.o
 .debug_line    0x00000749      0x7d8 ./out/obj/main.o
 .debug_line    0x00000f21      0x77b ./out/obj/DRIVER_GPIO.o
 .debug_line    0x0000169c      0x6e3 ./out/obj/HW_leds.o
 .debug_line    0x00001d7f       0x4a ./out/obj/crp.o
 .debug_line    0x00001dc9      0x205 ./out/lib/rtos.a(SetEvent.o)
 .debug_line    0x00001fce      0x1df ./out/lib/rtos.a(StartOS.o)
 .debug_line    0x000021ad      0x281 ./out/lib/rtos.a(Os_Internal.o)
 .debug_line    0x0000242e      0x1b8 ./out/lib/rtos.a(GetAlarm.o)
 .debug_line    0x000025e6      0x22c ./out/lib/rtos.a(Schedule.o)
 .debug_line    0x00002812      0x1c7 ./out/lib/rtos.a(ClearEvent.o)
 .debug_line    0x000029d9      0x1d6 ./out/lib/rtos.a(ActivateTask.o)
 .debug_line    0x00002baf      0x18e ./out/lib/rtos.a(Os.o)
 .debug_line    0x00002d3d      0x1d0 ./out/lib/rtos.a(TerminateTask.o)
 .debug_line    0x00002f0d      0x1bb ./out/lib/rtos.a(CancelAlarm.o)
 .debug_line    0x000030c8      0x1ad ./out/lib/rtos.a(ShutdownOS.o)
 .debug_line    0x00003275      0x1d6 ./out/lib/rtos.a(SetRelAlarm.o)
 .debug_line    0x0000344b      0x1fb ./out/lib/rtos.a(WaitEvent.o)
 .debug_line    0x00003646      0x1f2 ./out/lib/rtos.a(StartOs_Arch.o)
 .debug_line    0x00003838      0x206 ./out/lib/rtos.a(Os_Internal_Arch.o)
 .debug_line    0x00003a3e      0x18d ./out/lib/rtos.a(Os_Cfg.o)
 .debug_line    0x00003bcb      0x196 ./out/lib/rtos.a(Os_Internal_Cfg.o)
 .debug_line    0x00003d61     0x2485 ./out/lib/rtos.a(Os_Internal_Arch_Cfg.o)
 .debug_line    0x000061e6      0x6ee ./out/lib/rtos.a(StartOs_Arch_SysTick.o)
 .debug_line    0x000068d4       0x7b ./out/lib/rtos.a(PendSV.o)
 .debug_line    0x0000694f      0x739 ./out/lib/ciaa_driver.a(ciaaIO.o)
 .debug_line    0x00007088      0x70e ./out/lib/ext_drivers.a(gpio_18xx_43xx.o)
 .debug_line    0x00007796      0x6bd ./out/lib/ext_drivers.a(chip_18xx_43xx.o)
 .debug_line    0x00007e53      0xaaf ./out/lib/ext_drivers.a(clock_18xx_43xx.o)
 .debug_line    0x00008902      0x655 ./out/lib/ext_drivers.a(sysinit.o)
 .debug_line    0x00008f57       0xe9 ./out/lib/ext_drivers.a(cr_startup_lpc43xx.o)
 .debug_line    0x00009040      0x26d ./out/lib/ext_drivers.a(fpu_init.o)
 .debug_line    0x000092ad      0x72f ./out/lib/ext_drivers.a(sysinit_18xx_43xx.o)

.debug_str      0x00000000    0x1c52d
 .debug_str     0x00000000    0x142a4 ./out/obj/HW_buttons.o
                              0x14474 (size before relaxing)
 .debug_str     0x000142a4     0x1a03 ./out/obj/main.o
                              0x15d91 (size before relaxing)
 .debug_str     0x00015ca7      0x1d0 ./out/obj/DRIVER_GPIO.o
                              0x144ad (size before relaxing)
 .debug_str     0x00015e77       0x74 ./out/obj/HW_leds.o
                              0x14f2a (size before relaxing)
 .debug_str     0x00015eeb       0x49 ./out/obj/crp.o
                               0x2446 (size before relaxing)
 .debug_str     0x00015f34     0x1204 ./out/lib/rtos.a(SetEvent.o)
                               0x43a1 (size before relaxing)
 .debug_str     0x00017138      0x116 ./out/lib/rtos.a(StartOS.o)
                               0x42ac (size before relaxing)
 .debug_str     0x0001724e      0x2c4 ./out/lib/rtos.a(Os_Internal.o)
                               0x467a (size before relaxing)
 .debug_str     0x00017512       0x31 ./out/lib/rtos.a(GetAlarm.o)
                               0x4246 (size before relaxing)
 .debug_str     0x00017543       0x8f ./out/lib/rtos.a(Schedule.o)
                               0x43fd (size before relaxing)
 .debug_str     0x000175d2       0x29 ./out/lib/rtos.a(ClearEvent.o)
                               0x43b3 (size before relaxing)
 .debug_str     0x000175fb       0x2d ./out/lib/rtos.a(ActivateTask.o)
                               0x4385 (size before relaxing)
 .debug_str     0x00017628       0x4f ./out/lib/rtos.a(Os.o)
                               0x419b (size before relaxing)
 .debug_str     0x00017677       0x2f ./out/lib/rtos.a(TerminateTask.o)
                               0x42d4 (size before relaxing)
 .debug_str     0x000176a6       0x2b ./out/lib/rtos.a(CancelAlarm.o)
                               0x4221 (size before relaxing)
 .debug_str     0x000176d1       0x2f ./out/lib/rtos.a(ShutdownOS.o)
                               0x4154 (size before relaxing)
 .debug_str     0x00017700       0x3c ./out/lib/rtos.a(SetRelAlarm.o)
                               0x43c7 (size before relaxing)
 .debug_str     0x0001773c       0x2c ./out/lib/rtos.a(WaitEvent.o)
                               0x43ca (size before relaxing)
 .debug_str     0x00017768       0x47 ./out/lib/rtos.a(StartOs_Arch.o)
                               0x416e (size before relaxing)
 .debug_str     0x000177af       0x93 ./out/lib/rtos.a(Os_Internal_Arch.o)
                               0x43e7 (size before relaxing)
 .debug_str     0x00017842       0x15 ./out/lib/rtos.a(Os_Cfg.o)
                               0x417e (size before relaxing)
 .debug_str     0x00017857       0xee ./out/lib/rtos.a(Os_Internal_Cfg.o)
                               0x4689 (size before relaxing)
 .debug_str     0x00017945     0x3b16 ./out/lib/rtos.a(Os_Internal_Arch_Cfg.o)
                              0x1a71f (size before relaxing)
 .debug_str     0x0001b45b      0x42a ./out/lib/rtos.a(StartOs_Arch_SysTick.o)
                              0x14854 (size before relaxing)
 .debug_str     0x0001b885       0x8e ./out/lib/ciaa_driver.a(ciaaIO.o)
                              0x14f32 (size before relaxing)
 .debug_str     0x0001b913       0xb6 ./out/lib/ext_drivers.a(gpio_18xx_43xx.o)
                              0x14413 (size before relaxing)
 .debug_str     0x0001b9c9      0x19f ./out/lib/ext_drivers.a(chip_18xx_43xx.o)
                              0x15007 (size before relaxing)
 .debug_str     0x0001bb68      0x652 ./out/lib/ext_drivers.a(clock_18xx_43xx.o)
                              0x15594 (size before relaxing)
 .debug_str     0x0001c1ba       0x3b ./out/lib/ext_drivers.a(sysinit.o)
                              0x14d10 (size before relaxing)
 .debug_str     0x0001c1f5      0x15c ./out/lib/ext_drivers.a(cr_startup_lpc43xx.o)
                               0x257b (size before relaxing)
 .debug_str     0x0001c351       0xd5 ./out/lib/ext_drivers.a(fpu_init.o)
                               0x8ba6 (size before relaxing)
 .debug_str     0x0001c426      0x107 ./out/lib/ext_drivers.a(sysinit_18xx_43xx.o)
                              0x14fd6 (size before relaxing)

.comment        0x00000000       0x70
 .comment       0x00000000       0x70 ./out/obj/HW_buttons.o
                                 0x71 (size before relaxing)
 .comment       0x00000000       0x71 ./out/obj/main.o
 .comment       0x00000000       0x71 ./out/obj/DRIVER_GPIO.o
 .comment       0x00000000       0x71 ./out/obj/HW_leds.o
 .comment       0x00000000       0x71 ./out/obj/crp.o
 .comment       0x00000000       0x71 ./out/lib/rtos.a(SetEvent.o)
 .comment       0x00000000       0x71 ./out/lib/rtos.a(StartOS.o)
 .comment       0x00000000       0x71 ./out/lib/rtos.a(Os_Internal.o)
 .comment       0x00000000       0x71 ./out/lib/rtos.a(GetAlarm.o)
 .comment       0x00000000       0x71 ./out/lib/rtos.a(Schedule.o)
 .comment       0x00000000       0x71 ./out/lib/rtos.a(ClearEvent.o)
 .comment       0x00000000       0x71 ./out/lib/rtos.a(ActivateTask.o)
 .comment       0x00000000       0x71 ./out/lib/rtos.a(Os.o)
 .comment       0x00000000       0x71 ./out/lib/rtos.a(TerminateTask.o)
 .comment       0x00000000       0x71 ./out/lib/rtos.a(CancelAlarm.o)
 .comment       0x00000000       0x71 ./out/lib/rtos.a(ShutdownOS.o)
 .comment       0x00000000       0x71 ./out/lib/rtos.a(SetRelAlarm.o)
 .comment       0x00000000       0x71 ./out/lib/rtos.a(WaitEvent.o)
 .comment       0x00000000       0x71 ./out/lib/rtos.a(StartOs_Arch.o)
 .comment       0x00000000       0x71 ./out/lib/rtos.a(Os_Internal_Arch.o)
 .comment       0x00000000       0x71 ./out/lib/rtos.a(Os_Cfg.o)
 .comment       0x00000000       0x71 ./out/lib/rtos.a(Os_Internal_Cfg.o)
 .comment       0x00000000       0x71 ./out/lib/rtos.a(Os_Internal_Arch_Cfg.o)
 .comment       0x00000000       0x71 ./out/lib/rtos.a(StartOs_Arch_SysTick.o)
 .comment       0x00000000       0x71 ./out/lib/ciaa_driver.a(ciaaIO.o)
 .comment       0x00000000       0x71 ./out/lib/ext_drivers.a(gpio_18xx_43xx.o)
 .comment       0x00000000       0x71 ./out/lib/ext_drivers.a(chip_18xx_43xx.o)
 .comment       0x00000000       0x71 ./out/lib/ext_drivers.a(clock_18xx_43xx.o)
 .comment       0x00000000       0x71 ./out/lib/ext_drivers.a(sysinit.o)
 .comment       0x00000000       0x71 ./out/lib/ext_drivers.a(cr_startup_lpc43xx.o)
 .comment       0x00000000       0x71 ./out/lib/ext_drivers.a(fpu_init.o)
 .comment       0x00000000       0x71 ./out/lib/ext_drivers.a(sysinit_18xx_43xx.o)

.ARM.attributes
                0x00000000       0x35
 .ARM.attributes
                0x00000000       0x37 ./out/obj/HW_buttons.o
 .ARM.attributes
                0x00000037       0x37 ./out/obj/main.o
 .ARM.attributes
                0x0000006e       0x37 ./out/obj/DRIVER_GPIO.o
 .ARM.attributes
                0x000000a5       0x37 ./out/obj/HW_leds.o
 .ARM.attributes
                0x000000dc       0x37 ./out/obj/crp.o
 .ARM.attributes
                0x00000113       0x37 ./out/lib/rtos.a(SetEvent.o)
 .ARM.attributes
                0x0000014a       0x37 ./out/lib/rtos.a(StartOS.o)
 .ARM.attributes
                0x00000181       0x37 ./out/lib/rtos.a(Os_Internal.o)
 .ARM.attributes
                0x000001b8       0x37 ./out/lib/rtos.a(GetAlarm.o)
 .ARM.attributes
                0x000001ef       0x37 ./out/lib/rtos.a(Schedule.o)
 .ARM.attributes
                0x00000226       0x37 ./out/lib/rtos.a(ClearEvent.o)
 .ARM.attributes
                0x0000025d       0x37 ./out/lib/rtos.a(ActivateTask.o)
 .ARM.attributes
                0x00000294       0x37 ./out/lib/rtos.a(Os.o)
 .ARM.attributes
                0x000002cb       0x37 ./out/lib/rtos.a(TerminateTask.o)
 .ARM.attributes
                0x00000302       0x37 ./out/lib/rtos.a(CancelAlarm.o)
 .ARM.attributes
                0x00000339       0x37 ./out/lib/rtos.a(ShutdownOS.o)
 .ARM.attributes
                0x00000370       0x37 ./out/lib/rtos.a(SetRelAlarm.o)
 .ARM.attributes
                0x000003a7       0x37 ./out/lib/rtos.a(WaitEvent.o)
 .ARM.attributes
                0x000003de       0x37 ./out/lib/rtos.a(StartOs_Arch.o)
 .ARM.attributes
                0x00000415       0x37 ./out/lib/rtos.a(Os_Internal_Arch.o)
 .ARM.attributes
                0x0000044c       0x37 ./out/lib/rtos.a(Os_Cfg.o)
 .ARM.attributes
                0x00000483       0x37 ./out/lib/rtos.a(Os_Internal_Cfg.o)
 .ARM.attributes
                0x000004ba       0x37 ./out/lib/rtos.a(Os_Internal_Arch_Cfg.o)
 .ARM.attributes
                0x000004f1       0x37 ./out/lib/rtos.a(StartOs_Arch_SysTick.o)
 .ARM.attributes
                0x00000528       0x25 ./out/lib/rtos.a(PendSV.o)
 .ARM.attributes
                0x0000054d       0x37 ./out/lib/ciaa_driver.a(ciaaIO.o)
 .ARM.attributes
                0x00000584       0x37 ./out/lib/ext_drivers.a(gpio_18xx_43xx.o)
 .ARM.attributes
                0x000005bb       0x37 ./out/lib/ext_drivers.a(chip_18xx_43xx.o)
 .ARM.attributes
                0x000005f2       0x37 ./out/lib/ext_drivers.a(clock_18xx_43xx.o)
 .ARM.attributes
                0x00000629       0x37 ./out/lib/ext_drivers.a(sysinit.o)
 .ARM.attributes
                0x00000660       0x37 ./out/lib/ext_drivers.a(cr_startup_lpc43xx.o)
 .ARM.attributes
                0x00000697       0x37 ./out/lib/ext_drivers.a(fpu_init.o)
 .ARM.attributes
                0x000006ce       0x37 ./out/lib/ext_drivers.a(sysinit_18xx_43xx.o)
 .ARM.attributes
                0x00000705       0x32 c:/ciaa/cygwin/usr/arm-none-eabi/bin/../lib/gcc/arm-none-eabi/4.8.4/../../../../arm-none-eabi/lib/armv7e-m/softfp\libc.a(lib_a-memset.o)

.debug_frame    0x00000000     0x3940
 .debug_frame   0x00000000      0x114 ./out/obj/HW_buttons.o
 .debug_frame   0x00000114       0xa0 ./out/obj/main.o
 .debug_frame   0x000001b4      0x1b8 ./out/obj/DRIVER_GPIO.o
 .debug_frame   0x0000036c       0xa8 ./out/obj/HW_leds.o
 .debug_frame   0x00000414       0x30 ./out/lib/rtos.a(SetEvent.o)
 .debug_frame   0x00000444       0x30 ./out/lib/rtos.a(StartOS.o)
 .debug_frame   0x00000474       0xbc ./out/lib/rtos.a(Os_Internal.o)
 .debug_frame   0x00000530       0x30 ./out/lib/rtos.a(GetAlarm.o)
 .debug_frame   0x00000560       0x30 ./out/lib/rtos.a(Schedule.o)
 .debug_frame   0x00000590       0x30 ./out/lib/rtos.a(ClearEvent.o)
 .debug_frame   0x000005c0       0x30 ./out/lib/rtos.a(ActivateTask.o)
 .debug_frame   0x000005f0       0x30 ./out/lib/rtos.a(TerminateTask.o)
 .debug_frame   0x00000620       0x30 ./out/lib/rtos.a(CancelAlarm.o)
 .debug_frame   0x00000650       0x2c ./out/lib/rtos.a(ShutdownOS.o)
 .debug_frame   0x0000067c       0x30 ./out/lib/rtos.a(SetRelAlarm.o)
 .debug_frame   0x000006ac       0x30 ./out/lib/rtos.a(WaitEvent.o)
 .debug_frame   0x000006dc       0x4c ./out/lib/rtos.a(StartOs_Arch.o)
 .debug_frame   0x00000728       0x80 ./out/lib/rtos.a(Os_Internal_Arch.o)
 .debug_frame   0x000007a8     0x2854 ./out/lib/rtos.a(Os_Internal_Arch_Cfg.o)
 .debug_frame   0x00002ffc       0x68 ./out/lib/rtos.a(StartOs_Arch_SysTick.o)
 .debug_frame   0x00003064      0x138 ./out/lib/ciaa_driver.a(ciaaIO.o)
 .debug_frame   0x0000319c      0x130 ./out/lib/ext_drivers.a(gpio_18xx_43xx.o)
 .debug_frame   0x000032cc       0x98 ./out/lib/ext_drivers.a(chip_18xx_43xx.o)
 .debug_frame   0x00003364      0x41c ./out/lib/ext_drivers.a(clock_18xx_43xx.o)
 .debug_frame   0x00003780       0x30 ./out/lib/ext_drivers.a(sysinit.o)
 .debug_frame   0x000037b0       0x68 ./out/lib/ext_drivers.a(cr_startup_lpc43xx.o)
 .debug_frame   0x00003818       0x2c ./out/lib/ext_drivers.a(fpu_init.o)
 .debug_frame   0x00003844       0xd0 ./out/lib/ext_drivers.a(sysinit_18xx_43xx.o)
 .debug_frame   0x00003914       0x2c c:/ciaa/cygwin/usr/arm-none-eabi/bin/../lib/gcc/arm-none-eabi/4.8.4/../../../../arm-none-eabi/lib/armv7e-m/softfp\libc.a(lib_a-memset.o)
