Archive member included because of file (symbol)

./out/lib/posix.a(ciaaPOSIX_stdio.o)
                              ./out/obj/blinking.o (ciaaPOSIX_open)
./out/lib/posix.a(ciaaPOSIX_assert.o)
                              ./out/lib/posix.a(ciaaPOSIX_stdio.o) (ciaaPOSIX_assert_msg)
./out/lib/posix.a(ciaaPOSIX_string.o)
                              ./out/lib/posix.a(ciaaPOSIX_stdio.o) (ciaaPOSIX_strlen)
./out/lib/posix.a(ciaaDevices.o)
                              ./out/lib/posix.a(ciaaPOSIX_stdio.o) (ciaaDevices_getDevice)
./out/lib/ciaak.a(ciaak_main.o)
                              ./out/obj/blinking.o (ciaak_start)
./out/lib/drivers.a(ciaaDriverUart.o)
                              ./out/lib/ciaak.a(ciaak_main.o) (ciaaDriverUart_init)
./out/lib/drivers.a(ciaaDriverDio.o)
                              ./out/lib/ciaak.a(ciaak_main.o) (ciaaDriverDio_init)
./out/lib/drivers.a(ciaaDriverFlash.o)
                              ./out/lib/ciaak.a(ciaak_main.o) (ciaaDriverFlash_init)
./out/lib/drivers.a(ciaaDriverAio.o)
                              ./out/lib/ciaak.a(ciaak_main.o) (ciaaDriverAio_init)
./out/lib/ext_drivers.a(gpio_18xx_43xx.o)
                              ./out/lib/drivers.a(ciaaDriverDio.o) (Chip_GPIO_Init)
./out/lib/ext_drivers.a(uart_18xx_43xx.o)
                              ./out/lib/drivers.a(ciaaDriverUart.o) (Chip_UART_Init)
./out/lib/ext_drivers.a(cr_startup_lpc43xx.o)
                              (ResetISR)
./out/lib/ext_drivers.a(adc_18xx_43xx.o)
                              ./out/lib/drivers.a(ciaaDriverAio.o) (Chip_ADC_Init)
./out/lib/ext_drivers.a(gpdma_18xx_43xx.o)
                              ./out/lib/drivers.a(ciaaDriverAio.o) (Chip_GPDMA_Init)
./out/lib/ext_drivers.a(dac_18xx_43xx.o)
                              ./out/lib/drivers.a(ciaaDriverAio.o) (Chip_DAC_Init)
./out/lib/ext_drivers.a(clock_18xx_43xx.o)
                              ./out/lib/ext_drivers.a(uart_18xx_43xx.o) (Chip_Clock_EnableOpts)
./out/lib/ext_drivers.a(ring_buffer.o)
                              ./out/lib/ext_drivers.a(uart_18xx_43xx.o) (RingBuffer_Insert)
./out/lib/ext_drivers.a(sysinit.o)
                              ./out/lib/ext_drivers.a(clock_18xx_43xx.o) (ExtRateIn)
./out/lib/ext_drivers.a(fpu_init.o)
                              ./out/lib/ext_drivers.a(sysinit.o) (fpuInit)
./out/lib/ext_drivers.a(sysinit_18xx_43xx.o)
                              ./out/lib/ext_drivers.a(sysinit.o) (Chip_SystemInit)
./out/lib/rtos.a(StartOS.o)   ./out/obj/blinking.o (StartOS)
./out/lib/rtos.a(Os_Internal.o)
                              ./out/lib/rtos.a(StartOS.o) (RunningTask)
./out/lib/rtos.a(Schedule.o)  ./out/lib/rtos.a(StartOS.o) (Schedule_Int)
./out/lib/rtos.a(ActivateTask.o)
                              ./out/lib/rtos.a(StartOS.o) (ActivateTask)
./out/lib/rtos.a(Os.o)        ./out/lib/rtos.a(StartOS.o) (SuspendAllInterrupts_Counter)
./out/lib/rtos.a(TerminateTask.o)
                              ./out/obj/blinking.o (TerminateTask)
./out/lib/rtos.a(ShutdownOS.o)
                              ./out/obj/blinking.o (ShutdownOS)
./out/lib/rtos.a(GetResource.o)
                              ./out/lib/posix.a(ciaaPOSIX_stdio.o) (GetResource)
./out/lib/rtos.a(ReleaseResource.o)
                              ./out/lib/posix.a(ciaaPOSIX_stdio.o) (ReleaseResource)
./out/lib/rtos.a(SetRelAlarm.o)
                              ./out/obj/blinking.o (SetRelAlarm)
./out/lib/rtos.a(StartOs_Arch.o)
                              ./out/lib/rtos.a(StartOS.o) (StartOs_Arch)
./out/lib/rtos.a(Os_Internal_Arch.o)
                              ./out/lib/rtos.a(Schedule.o) (Osek_NewTaskPtr_Arch)
./out/lib/rtos.a(Os_Cfg.o)    ./out/obj/blinking.o (Osek_ErrorApi)
./out/lib/rtos.a(Os_Internal_Cfg.o)
                              ./out/lib/rtos.a(Os_Internal.o) (TasksConst)
./out/lib/rtos.a(Os_Internal_Arch_Cfg.o)
                              ./out/lib/ext_drivers.a(cr_startup_lpc43xx.o) (g_pfnVectors)
./out/lib/rtos.a(SetEvent.o)  ./out/lib/rtos.a(Os_Internal.o) (SetEvent)
./out/lib/rtos.a(StartOs_Arch_SysTick.o)
                              ./out/lib/rtos.a(StartOs_Arch.o) (StartOs_Arch_SysTick)
./out/lib/rtos.a(PendSV.o)    ./out/lib/rtos.a(Os_Internal_Arch_Cfg.o) (PendSV_Handler)
./out/lib/posix.a(ciaaSerialDevices.o)
                              ./out/lib/ciaak.a(ciaak_main.o) (ciaaSerialDevices_init)
./out/lib/posix.a(ciaaBlockDevices.o)
                              ./out/lib/ciaak.a(ciaak_main.o) (ciaaBlockDevices_init)
./out/lib/posix.a(ciaaPOSIX_stdlib.o)
                              ./out/lib/ciaak.a(ciaak_main.o) (ciaaPOSIX_stdlib_init)
./out/lib/posix.a(ciaaPOSIX_semaphore.o)
                              ./out/lib/posix.a(ciaaPOSIX_stdlib.o) (ciaaPOSIX_sem_init)
./out/lib/posix.a(ciaaDioDevices.o)
                              ./out/lib/drivers.a(ciaaDriverDio.o) (ciaaDioDevices_addDriver)
./out/lib/posix.a(ciaaPOSIX_errno.o)
[...]
Memory Configuration

Name             Origin             Length             Attributes
MFlashA512       0x1a000000         0x00080000         xr
MFlashB512       0x1b000000         0x00080000         xr
RamLoc32         0x10000000         0x00008000         xrw
RamLoc40         0x10080000         0x0000a000         xrw
RamAHB32         0x20000000         0x00008000         xrw
RamAHB16         0x20008000         0x00004000         xrw
RamAHB_ETB16     0x2000c000         0x00004000         xrw
*default*        0x00000000         0xffffffff

Linker script and memory map

LOAD ./out/obj/blinking.o
LOAD ./out/obj/crp.o
START GROUP
LOAD ./out/lib/posix.a
LOAD ./out/lib/ciaak.a
LOAD ./out/lib/drivers.a
LOAD ./out/lib/ext_drivers.a
LOAD ./out/lib/rtos.a
LOAD ./out/lib/libs.a
LOAD ./out/lib/ext_base.a
END GROUP
START GROUP
LOAD c:/ciaa/cygwin/usr/arm-none-eabi/bin/../lib/gcc/arm-none-eabi/4.8.4/armv7e-m/softfp\libgcc.a
LOAD c:/ciaa/cygwin/usr/arm-none-eabi/bin/../lib/gcc/arm-none-eabi/4.8.4/../../../../arm-none-eabi/lib/armv7e-m/softfp\libc.a
LOAD c:/ciaa/cygwin/usr/arm-none-eabi/bin/../lib/gcc/arm-none-eabi/4.8.4/../../../../arm-none-eabi/lib/armv7e-m/softfp\libm.a
END GROUP
                0x1a080000                __top_MFlashA512 = 0x1a080000
                0x1b080000                __top_MFlashB512 = 0x1b080000
                0x10008000                __top_RamLoc32 = 0x10008000
                0x1008a000                __top_RamLoc40 = 0x1008a000
                0x20008000                __top_RamAHB32 = 0x20008000
                0x2000c000                __top_RamAHB16 = 0x2000c000
                0x20010000                __top_RamAHB_ETB16 = 0x20010000

.text_Flash2    0x1b000000        0x0
 FILL mask 0xff
 *(.text_Flash2*)
 *(.text_MFlashB512*)
 *(.text.$Flash2*)
 *(.text.$MFlashB512*)
 *(.rodata.$Flash2*)
 *(.rodata.$MFlashB512*)

.text           0x1a000000     0x5f14
 FILL mask 0xff
                0x1a000000                __vectors_start__ = ABSOLUTE (.)
 *(.isr_vector)
 .isr_vector    0x1a000000      0x114 ./out/lib/rtos.a(Os_Internal_Arch_Cfg.o)
                0x1a000000                g_pfnVectors
                0x1a000114                . = ALIGN (0x4)
                0x1a000114                __section_table_start = .
                0x1a000114                __data_section_table = .
                0x1a000114        0x4 LONG 0x1a005f14 LOADADDR (.data)
                0x1a000118        0x4 LONG 0x10000000 ADDR (.data)
                0x1a00011c        0x4 LONG 0x1c0 SIZEOF (.data)
                0x1a000120        0x4 LONG 0x1a005f14 LOADADDR (.data_RAM2)
                0x1a000124        0x4 LONG 0x10080000 ADDR (.data_RAM2)
                0x1a000128        0x4 LONG 0x0 SIZEOF (.data_RAM2)
                0x1a00012c        0x4 LONG 0x1a005f14 LOADADDR (.data_RAM3)
                0x1a000130        0x4 LONG 0x20000000 ADDR (.data_RAM3)
                0x1a000134        0x4 LONG 0x0 SIZEOF (.data_RAM3)
                0x1a000138        0x4 LONG 0x1a005f14 LOADADDR (.data_RAM4)
                0x1a00013c        0x4 LONG 0x20008000 ADDR (.data_RAM4)
                0x1a000140        0x4 LONG 0x0 SIZEOF (.data_RAM4)
                0x1a000144        0x4 LONG 0x1a005f14 LOADADDR (.data_RAM5)
                0x1a000148        0x4 LONG 0x2000c000 ADDR (.data_RAM5)
                0x1a00014c        0x4 LONG 0x0 SIZEOF (.data_RAM5)
                0x1a000150                __data_section_table_end = .
                0x1a000150                __bss_section_table = .
                0x1a000150        0x4 LONG 0x100001c0 ADDR (.bss)
                0x1a000154        0x4 LONG 0x3270 SIZEOF (.bss)
                0x1a000158        0x4 LONG 0x10080000 ADDR (.bss_RAM2)
                0x1a00015c        0x4 LONG 0x0 SIZEOF (.bss_RAM2)
                0x1a000160        0x4 LONG 0x20000000 ADDR (.bss_RAM3)
                0x1a000164        0x4 LONG 0x0 SIZEOF (.bss_RAM3)
                0x1a000168        0x4 LONG 0x20008000 ADDR (.bss_RAM4)
                0x1a00016c        0x4 LONG 0x0 SIZEOF (.bss_RAM4)
                0x1a000170        0x4 LONG 0x2000c000 ADDR (.bss_RAM5)
                0x1a000174        0x4 LONG 0x0 SIZEOF (.bss_RAM5)
                0x1a000178                __bss_section_table_end = .
                0x1a000178                __section_table_end = .
 *(.after_vectors*)
 .after_vectors
                0x1a000178       0x7c ./out/lib/ext_drivers.a(cr_startup_lpc43xx.o)
                0x1a000178                data_init
                0x1a0001bc                bss_init
 .after_vectors
                0x1a0001f4       0x38 ./out/lib/rtos.a(Os_Internal_Arch_Cfg.o)
                0x1a0001f4                NMI_Handler
                0x1a0001fc                HardFault_Handler
                0x1a000204                MemManage_Handler
                0x1a00020c                BusFault_Handler
                0x1a000214                UsageFault_Handler
                0x1a00021c                SVC_Handler
                0x1a000224                DebugMon_Handler
                0x000002fc                . = 0x2fc
 *fill*         0x1a00022c       0xd0 ff
                0x1a0002fc                PROVIDE (__CRP_WORD_START__, .)
 *(.crp)
 .crp           0x1a0002fc        0x4 ./out/obj/crp.o
                0x1a0002fc                CRP_WORD
                0x1a000300                PROVIDE (__CRP_WORD_END__, .)
                0x00000001                ASSERT (! ((__CRP_WORD_START__ == __CRP_WORD_END__)), Linker CRP Enabled, but no CRP_WORD provided within application)
 *(.text*)
 .text.main     0x1a000300       0x10 ./out/obj/blinking.o
                0x1a000300                main
 .text.ErrorHook
                0x1a000310       0x54 ./out/obj/blinking.o
                0x1a000310                ErrorHook
 .text.OSEK_TASK_InitTask
                0x1a000364       0x48 ./out/obj/blinking.o
                0x1a000364                OSEK_TASK_InitTask
 .text.OSEK_TASK_PeriodicTask
                0x1a0003ac       0x68 ./out/obj/blinking.o
                0x1a0003ac                OSEK_TASK_PeriodicTask
 .text.OSEK_CALLBACK_tickHook
                0x1a000414        0xc ./out/obj/blinking.o
                0x1a000414                OSEK_CALLBACK_tickHook
 .text.ciaaPOSIX_open
                0x1a000420      0x108 ./out/lib/posix.a(ciaaPOSIX_stdio.o)
                0x1a000420                ciaaPOSIX_open
 .text.ciaaPOSIX_read
                0x1a000528       0x54 ./out/lib/posix.a(ciaaPOSIX_stdio.o)
                0x1a000528                ciaaPOSIX_read
 .text.ciaaPOSIX_write
                0x1a00057c       0x54 ./out/lib/posix.a(ciaaPOSIX_stdio.o)
                0x1a00057c                ciaaPOSIX_write
 .text.ciaaPOSIX_printf
                0x1a0005d0       0x20 ./out/lib/posix.a(ciaaPOSIX_stdio.o)
                0x1a0005d0                ciaaPOSIX_printf
 .text.ciaaPOSIX_strlen
                0x1a0005f0       0x30 ./out/lib/posix.a(ciaaPOSIX_string.o)
                0x1a0005f0                ciaaPOSIX_strlen
 .text.ciaaPOSIX_strcat
                0x1a000620       0x4c ./out/lib/posix.a(ciaaPOSIX_string.o)
                0x1a000620                ciaaPOSIX_strcat
 .text.ciaaPOSIX_strncmp
                0x1a00066c       0xa4 ./out/lib/posix.a(ciaaPOSIX_string.o)
                0x1a00066c                ciaaPOSIX_strncmp
 .text.ciaaPOSIX_memcpy
                0x1a000710       0x38 ./out/lib/posix.a(ciaaPOSIX_string.o)
                0x1a000710                ciaaPOSIX_memcpy
 .text.ciaaPOSIX_memset
                0x1a000748       0x34 ./out/lib/posix.a(ciaaPOSIX_string.o)
                0x1a000748                ciaaPOSIX_memset
 .text.ciaaDevices_init
                0x1a00077c       0x18 ./out/lib/posix.a(ciaaDevices.o)
                0x1a00077c                ciaaDevices_init
 .text.ciaaDevices_addDevice
                0x1a000794       0x40 ./out/lib/posix.a(ciaaDevices.o)
                0x1a000794                ciaaDevices_addDevice
 .text.ciaaDevices_getDevice
                0x1a0007d4       0x7c ./out/lib/posix.a(ciaaDevices.o)
                0x1a0007d4                ciaaDevices_getDevice
 .text.ciaak_start
                0x1a000850       0x28 ./out/lib/ciaak.a(ciaak_main.o)
                0x1a000850                ciaak_start
 .text.ciaak_malloc
                0x1a000878       0x2c ./out/lib/ciaak.a(ciaak_main.o)
                0x1a000878                ciaak_malloc
 .text.Chip_SCU_PinMuxSet
                0x1a0008a4       0x30 ./out/lib/drivers.a(ciaaDriverUart.o)
 .text.Chip_SCU_PinMux
                0x1a0008d4       0x2c ./out/lib/drivers.a(ciaaDriverUart.o)
 .text.Chip_UART_TXEnable
                0x1a000900       0x18 ./out/lib/drivers.a(ciaaDriverUart.o)
 .text.Chip_UART_SendByte
                0x1a000918       0x1c ./out/lib/drivers.a(ciaaDriverUart.o)
 .text.Chip_UART_ReadByte
                0x1a000934       0x1c ./out/lib/drivers.a(ciaaDriverUart.o)
 .text.Chip_UART_IntEnable
                0x1a000950       0x20 ./out/lib/drivers.a(ciaaDriverUart.o)
 .text.Chip_UART_IntDisable
                0x1a000970       0x24 ./out/lib/drivers.a(ciaaDriverUart.o)
 .text.Chip_UART_SetupFIFOS
                0x1a000994       0x1c ./out/lib/drivers.a(ciaaDriverUart.o)
 .text.Chip_UART_ReadLineStatus
                0x1a0009b0       0x18 ./out/lib/drivers.a(ciaaDriverUart.o)
 .text.Chip_UART_SetRS485Flags
                0x1a0009c8       0x20 ./out/lib/drivers.a(ciaaDriverUart.o)
 .text.ciaaDriverUart_txConfirmation
                0x1a0009e8       0x1c ./out/lib/drivers.a(ciaaDriverUart.o)
 .text.ciaaDriverUart_hwInit
                0x1a000a04       0xc8 ./out/lib/drivers.a(ciaaDriverUart.o)
 .text.ciaaDriverUart_open
                0x1a000acc       0x3c ./out/lib/drivers.a(ciaaDriverUart.o)
                0x1a000acc                ciaaDriverUart_open
 .text.ciaaDriverUart_close
                0x1a000b08       0x20 ./out/lib/drivers.a(ciaaDriverUart.o)
                0x1a000b08                ciaaDriverUart_close
 .text.ciaaDriverUart_ioctl
                0x1a000b28      0x100 ./out/lib/drivers.a(ciaaDriverUart.o)
                0x1a000b28                ciaaDriverUart_ioctl
 .text.ciaaDriverUart_read
                0x1a000c28       0xd0 ./out/lib/drivers.a(ciaaDriverUart.o)
                0x1a000c28                ciaaDriverUart_read
 .text.ciaaDriverUart_write
                0x1a000cf8       0x78 ./out/lib/drivers.a(ciaaDriverUart.o)
                0x1a000cf8                ciaaDriverUart_write
 .text.ciaaDriverUart_init
                0x1a000d70       0x38 ./out/lib/drivers.a(ciaaDriverUart.o)
                0x1a000d70                ciaaDriverUart_init
 .text.Chip_SCU_PinMuxSet
                0x1a000da8       0x30 ./out/lib/drivers.a(ciaaDriverDio.o)
 .text.Chip_SCU_PinMux
                0x1a000dd8       0x2c ./out/lib/drivers.a(ciaaDriverDio.o)
 .text.Chip_GPIO_SetPinState
                0x1a000e04       0x28 ./out/lib/drivers.a(ciaaDriverDio.o)
 .text.Chip_GPIO_GetPinState
                0x1a000e2c       0x38 ./out/lib/drivers.a(ciaaDriverDio.o)
 .text.Chip_GPIO_ClearValue
                0x1a000e64       0x28 ./out/lib/drivers.a(ciaaDriverDio.o)
 .text.ciaa_lpc4337_gpio_init
                0x1a000e8c      0x128 ./out/lib/drivers.a(ciaaDriverDio.o)
 .text.ciaa_lpc4337_writeOutput
                0x1a000fb4       0x48 ./out/lib/drivers.a(ciaaDriverDio.o)
 .text.ciaa_lpc4337_readInput
                0x1a000ffc       0x4c ./out/lib/drivers.a(ciaaDriverDio.o)
 .text.ciaa_lpc4337_readOutput
                0x1a001048       0x4c ./out/lib/drivers.a(ciaaDriverDio.o)
 .text.ciaa_lpc4337_readPins
                0x1a001094       0xb8 ./out/lib/drivers.a(ciaaDriverDio.o)
 .text.ciaaDriverDio_open
                0x1a00114c       0x1c ./out/lib/drivers.a(ciaaDriverDio.o)
                0x1a00114c                ciaaDriverDio_open
 .text.ciaaDriverDio_close
                0x1a001168       0x18 ./out/lib/drivers.a(ciaaDriverDio.o)
                0x1a001168                ciaaDriverDio_close
 .text.ciaaDriverDio_ioctl
                0x1a001180       0x1c ./out/lib/drivers.a(ciaaDriverDio.o)
                0x1a001180                ciaaDriverDio_ioctl
 .text.ciaaDriverDio_read
                0x1a00119c       0x64 ./out/lib/drivers.a(ciaaDriverDio.o)
                0x1a00119c                ciaaDriverDio_read
 .text.ciaaDriverDio_write
                0x1a001200       0xb4 ./out/lib/drivers.a(ciaaDriverDio.o)
                0x1a001200                ciaaDriverDio_write
 .text.ciaaDriverDio_init
                0x1a0012b4       0x38 ./out/lib/drivers.a(ciaaDriverDio.o)
                0x1a0012b4                ciaaDriverDio_init
 .text.ciaaDriverFlash_init
                0x1a0012ec        0xc ./out/lib/drivers.a(ciaaDriverFlash.o)
                0x1a0012ec                ciaaDriverFlash_init
 .text.NVIC_EnableIRQ
                0x1a0012f8       0x30 ./out/lib/drivers.a(ciaaDriverAio.o)
 .text.NVIC_DisableIRQ
                0x1a001328       0x34 ./out/lib/drivers.a(ciaaDriverAio.o)
 .text.NVIC_SetPriority
                0x1a00135c       0x54 ./out/lib/drivers.a(ciaaDriverAio.o)
 .text.Chip_SCU_DAC_Analog_Config
                0x1a0013b0       0x20 ./out/lib/drivers.a(ciaaDriverAio.o)
 .text.Chip_DAC_ConfigDAConverterControl
                0x1a0013d0       0x28 ./out/lib/drivers.a(ciaaDriverAio.o)
 .text.Chip_DAC_SetDMATimeOut
                0x1a0013f8       0x1c ./out/lib/drivers.a(ciaaDriverAio.o)
 .text.ciaaDriverAio_txConfirmation
                0x1a001414       0x1c ./out/lib/drivers.a(ciaaDriverAio.o)
 .text.ciaa_lpc4337_aio_init
                0x1a001430      0x108 ./out/lib/drivers.a(ciaaDriverAio.o)
                0x1a001430                ciaa_lpc4337_aio_init
 .text.ciaaDriverAio_open
                0x1a001538       0x1c ./out/lib/drivers.a(ciaaDriverAio.o)
                0x1a001538                ciaaDriverAio_open
 .text.ciaaDriverAio_close
                0x1a001554       0x70 ./out/lib/drivers.a(ciaaDriverAio.o)
                0x1a001554                ciaaDriverAio_close
 .text.ciaaDriverAio_ioctl
                0x1a0015c4      0x364 ./out/lib/drivers.a(ciaaDriverAio.o)
                0x1a0015c4                ciaaDriverAio_ioctl
 .text.ciaaDriverAio_read
                0x1a001928       0xdc ./out/lib/drivers.a(ciaaDriverAio.o)
                0x1a001928                ciaaDriverAio_read
 .text.ciaaDriverAio_write
                0x1a001a04      0x10c ./out/lib/drivers.a(ciaaDriverAio.o)
                0x1a001a04                ciaaDriverAio_write
 .text.ciaaDriverAio_init
                0x1a001b10       0x38 ./out/lib/drivers.a(ciaaDriverAio.o)
                0x1a001b10                ciaaDriverAio_init
 .text.Chip_GPIO_Init
                0x1a001b48       0x14 ./out/lib/ext_drivers.a(gpio_18xx_43xx.o)
                0x1a001b48                Chip_GPIO_Init
 .text.Chip_GPIO_SetDir
                0x1a001b5c       0x5c ./out/lib/ext_drivers.a(gpio_18xx_43xx.o)
                0x1a001b5c                Chip_GPIO_SetDir
 .text.Chip_UART_TXDisable
                0x1a001bb8       0x18 ./out/lib/ext_drivers.a(uart_18xx_43xx.o)
 .text.Chip_UART_SetupFIFOS
                0x1a001bd0       0x1c ./out/lib/ext_drivers.a(uart_18xx_43xx.o)
 .text.Chip_UART_ConfigData
                0x1a001bec       0x1c ./out/lib/ext_drivers.a(uart_18xx_43xx.o)
 .text.Chip_UART_EnableDivisorAccess
                0x1a001c08       0x20 ./out/lib/ext_drivers.a(uart_18xx_43xx.o)
 .text.Chip_UART_DisableDivisorAccess
                0x1a001c28       0x20 ./out/lib/ext_drivers.a(uart_18xx_43xx.o)
 .text.Chip_UART_SetDivisorLatches
                0x1a001c48       0x28 ./out/lib/ext_drivers.a(uart_18xx_43xx.o)
 .text.Chip_UART_GetIndex
                0x1a001c70       0x60 ./out/lib/ext_drivers.a(uart_18xx_43xx.o)
 .text.Chip_UART_Init
                0x1a001cd0       0x84 ./out/lib/ext_drivers.a(uart_18xx_43xx.o)
                0x1a001cd0                Chip_UART_Init
 .text.Chip_UART_SetBaud
                0x1a001d54       0x70 ./out/lib/ext_drivers.a(uart_18xx_43xx.o)
                0x1a001d54                Chip_UART_SetBaud
 .text.ResetISR
                0x1a001dc4       0xe4 ./out/lib/ext_drivers.a(cr_startup_lpc43xx.o)
                0x1a001dc4                ResetISR
 .text.getFullConvClk
                0x1a001ea8       0x10 ./out/lib/ext_drivers.a(adc_18xx_43xx.o)
 .text.Chip_ADC_GetClockIndex
                0x1a001eb8       0x2c ./out/lib/ext_drivers.a(adc_18xx_43xx.o)
 .text.getClkDiv
                0x1a001ee4       0x60 ./out/lib/ext_drivers.a(adc_18xx_43xx.o)
 .text.setStartMode
                0x1a001f44       0x2c ./out/lib/ext_drivers.a(adc_18xx_43xx.o)
                0x1a001f44                setStartMode
 .text.Chip_ADC_Init
                0x1a001f70       0x84 ./out/lib/ext_drivers.a(adc_18xx_43xx.o)
                0x1a001f70                Chip_ADC_Init
 .text.Chip_ADC_Int_SetChannelCmd
                0x1a001ff4       0x48 ./out/lib/ext_drivers.a(adc_18xx_43xx.o)
                0x1a001ff4                Chip_ADC_Int_SetChannelCmd
 .text.Chip_ADC_SetStartMode
                0x1a00203c       0x4c ./out/lib/ext_drivers.a(adc_18xx_43xx.o)
                0x1a00203c                Chip_ADC_SetStartMode
 .text.Chip_ADC_SetSampleRate
                0x1a002088       0x64 ./out/lib/ext_drivers.a(adc_18xx_43xx.o)
                0x1a002088                Chip_ADC_SetSampleRate
 .text.Chip_ADC_SetResolution
                0x1a0020ec       0x28 ./out/lib/ext_drivers.a(adc_18xx_43xx.o)
                0x1a0020ec                Chip_ADC_SetResolution
 .text.Chip_ADC_EnableChannel
                0x1a002114       0x54 ./out/lib/ext_drivers.a(adc_18xx_43xx.o)
                0x1a002114                Chip_ADC_EnableChannel
 .text.Chip_ADC_SetBurstCmd
                0x1a002168       0x3c ./out/lib/ext_drivers.a(adc_18xx_43xx.o)
                0x1a002168                Chip_ADC_SetBurstCmd
 .text.configDMAMux
                0x1a0021a4      0x1fc ./out/lib/ext_drivers.a(gpdma_18xx_43xx.o)
 .text.makeCtrlWord
                0x1a0023a0      0x128 ./out/lib/ext_drivers.a(gpdma_18xx_43xx.o)
                0x1a0023a0                makeCtrlWord
 .text.setupChannel
                0x1a0024c8       0xc0 ./out/lib/ext_drivers.a(gpdma_18xx_43xx.o)
                0x1a0024c8                setupChannel
 .text.Chip_GPDMA_Init
                0x1a002588       0x68 ./out/lib/ext_drivers.a(gpdma_18xx_43xx.o)
                0x1a002588                Chip_GPDMA_Init
 .text.Chip_GPDMA_InitChannelCfg
                0x1a0025f0       0xe4 ./out/lib/ext_drivers.a(gpdma_18xx_43xx.o)
                0x1a0025f0                Chip_GPDMA_InitChannelCfg
 .text.Chip_GPDMA_IntGetStatus
                0x1a0026d4       0xc0 ./out/lib/ext_drivers.a(gpdma_18xx_43xx.o)
                0x1a0026d4                Chip_GPDMA_IntGetStatus
 .text.Chip_GPDMA_ChannelCmd
                0x1a002794       0x48 ./out/lib/ext_drivers.a(gpdma_18xx_43xx.o)
                0x1a002794                Chip_GPDMA_ChannelCmd
 .text.Chip_GPDMA_Transfer
                0x1a0027dc       0xf8 ./out/lib/ext_drivers.a(gpdma_18xx_43xx.o)
                0x1a0027dc                Chip_GPDMA_Transfer
 .text.Chip_GPDMA_GetFreeChannel
                0x1a0028d4       0x58 ./out/lib/ext_drivers.a(gpdma_18xx_43xx.o)
                0x1a0028d4                Chip_GPDMA_GetFreeChannel
 .text.Chip_DAC_Init
                0x1a00292c       0x24 ./out/lib/ext_drivers.a(dac_18xx_43xx.o)
                0x1a00292c                Chip_DAC_Init
 .text.Chip_DAC_SetBias
                0x1a002950       0x34 ./out/lib/ext_drivers.a(dac_18xx_43xx.o)
                0x1a002950                Chip_DAC_SetBias
 .text.ABS      0x1a002984       0x24 ./out/lib/ext_drivers.a(clock_18xx_43xx.o)
 .text.pll_calc_divs
                0x1a0029a8      0x11c ./out/lib/ext_drivers.a(clock_18xx_43xx.o)
 .text.pll_get_frac
                0x1a002ac4      0x178 ./out/lib/ext_drivers.a(clock_18xx_43xx.o)
 .text.Chip_Clock_GetDivRate
                0x1a002c3c       0x40 ./out/lib/ext_drivers.a(clock_18xx_43xx.o)
 .text.Chip_Clock_FindBaseClock
                0x1a002c7c       0x88 ./out/lib/ext_drivers.a(clock_18xx_43xx.o)
 .text.Chip_Clock_EnableCrystal
                0x1a002d04       0x6c ./out/lib/ext_drivers.a(clock_18xx_43xx.o)
                0x1a002d04                Chip_Clock_EnableCrystal
 .text.Chip_Clock_CalcMainPLLValue
                0x1a002d70       0xd4 ./out/lib/ext_drivers.a(clock_18xx_43xx.o)
                0x1a002d70                Chip_Clock_CalcMainPLLValue
 .text.Chip_Clock_GetMainPLLHz
                0x1a002e44       0xc0 ./out/lib/ext_drivers.a(clock_18xx_43xx.o)
                0x1a002e44                Chip_Clock_GetMainPLLHz
 .text.Chip_Clock_GetDividerSource
                0x1a002f04       0x40 ./out/lib/ext_drivers.a(clock_18xx_43xx.o)
                0x1a002f04                Chip_Clock_GetDividerSource
 .text.Chip_Clock_GetDividerDivisor
                0x1a002f44       0x38 ./out/lib/ext_drivers.a(clock_18xx_43xx.o)
                0x1a002f44                Chip_Clock_GetDividerDivisor
 .text.Chip_Clock_GetClockInputHz
                0x1a002f7c      0x140 ./out/lib/ext_drivers.a(clock_18xx_43xx.o)
                0x1a002f7c                Chip_Clock_GetClockInputHz
 .text.Chip_Clock_GetBaseClocktHz
                0x1a0030bc       0x24 ./out/lib/ext_drivers.a(clock_18xx_43xx.o)
                0x1a0030bc                Chip_Clock_GetBaseClocktHz
 .text.Chip_Clock_SetBaseClock
                0x1a0030e0       0x8c ./out/lib/ext_drivers.a(clock_18xx_43xx.o)
                0x1a0030e0                Chip_Clock_SetBaseClock
 .text.Chip_Clock_GetBaseClock
                0x1a00316c       0x4c ./out/lib/ext_drivers.a(clock_18xx_43xx.o)
                0x1a00316c                Chip_Clock_GetBaseClock
 .text.Chip_Clock_EnableOpts
                0x1a0031b8       0x7c ./out/lib/ext_drivers.a(clock_18xx_43xx.o)
                0x1a0031b8                Chip_Clock_EnableOpts
 .text.Chip_Clock_GetRate
                0x1a003234       0x88 ./out/lib/ext_drivers.a(clock_18xx_43xx.o)
                0x1a003234                Chip_Clock_GetRate
 .text.SystemInit
                0x1a0032bc       0x1c ./out/lib/ext_drivers.a(sysinit.o)
                0x1a0032bc                SystemInit
 .text.fpuInit  0x1a0032d8       0x74 ./out/lib/ext_drivers.a(fpu_init.o)
                0x1a0032d8                fpuInit
 .text.Chip_Clock_DisableMainPLL
                0x1a00334c       0x1c ./out/lib/ext_drivers.a(sysinit_18xx_43xx.o)
 .text.Chip_Clock_SetupMainPLL
                0x1a003368       0x40 ./out/lib/ext_drivers.a(sysinit_18xx_43xx.o)
 .text.Chip_Clock_MainPLLLocked
                0x1a0033a8       0x24 ./out/lib/ext_drivers.a(sysinit_18xx_43xx.o)
 .text.Chip_SetupCoreClock
                0x1a0033cc      0x15c ./out/lib/ext_drivers.a(sysinit_18xx_43xx.o)
                0x1a0033cc                Chip_SetupCoreClock
 .text.Chip_SetupIrcClocking
                0x1a003528       0x14 ./out/lib/ext_drivers.a(sysinit_18xx_43xx.o)
                0x1a003528                Chip_SetupIrcClocking
 .text.Chip_SystemInit
                0x1a00353c        0xc ./out/lib/ext_drivers.a(sysinit_18xx_43xx.o)
                0x1a00353c                Chip_SystemInit
 .text.StartOS  0x1a003548      0x124 ./out/lib/rtos.a(StartOS.o)
                0x1a003548                StartOS
 .text.AddReady
                0x1a00366c       0xb0 ./out/lib/rtos.a(Os_Internal.o)
                0x1a00366c                AddReady
 .text.RemoveTask
                0x1a00371c       0x98 ./out/lib/rtos.a(Os_Internal.o)
                0x1a00371c                RemoveTask
 .text.GetNextTask
                0x1a0037b4       0xe8 ./out/lib/rtos.a(Os_Internal.o)
                0x1a0037b4                GetNextTask
 .text.OSEK_ISR_NoHandler
                0x1a00389c        0x8 ./out/lib/rtos.a(Os_Internal.o)
                0x1a00389c                OSEK_ISR_NoHandler
 .text.IncrementAlarm
                0x1a0038a4      0x228 ./out/lib/rtos.a(Os_Internal.o)
                0x1a0038a4                IncrementAlarm
 .text.IncrementCounter
                0x1a003acc       0xe8 ./out/lib/rtos.a(Os_Internal.o)
                0x1a003acc                IncrementCounter
 .text.Schedule_Int
                0x1a003bb4      0x2bc ./out/lib/rtos.a(Schedule.o)
                0x1a003bb4                Schedule_Int
 .text.ActivateTask
                0x1a003e70      0x190 ./out/lib/rtos.a(ActivateTask.o)
                0x1a003e70                ActivateTask
 .text.TerminateTask
                0x1a004000      0x158 ./out/lib/rtos.a(TerminateTask.o)
                0x1a004000                TerminateTask
 .text.ShutdownOS
                0x1a004158        0xc ./out/lib/rtos.a(ShutdownOS.o)
                0x1a004158                ShutdownOS
 .text.GetResource
                0x1a004164      0x168 ./out/lib/rtos.a(GetResource.o)
                0x1a004164                GetResource
 .text.ReleaseResource
                0x1a0042cc      0x188 ./out/lib/rtos.a(ReleaseResource.o)
                0x1a0042cc                ReleaseResource
 .text.SetRelAlarm
                0x1a004454      0x194 ./out/lib/rtos.a(SetRelAlarm.o)
                0x1a004454                SetRelAlarm
 .text.StartOs_Arch_Cpu
                0x1a0045e8       0x10 ./out/lib/rtos.a(StartOs_Arch.o)
                0x1a0045e8                StartOs_Arch_Cpu
 .text.StartOs_Arch
                0x1a0045f8       0x2c ./out/lib/rtos.a(StartOs_Arch.o)
                0x1a0045f8                StartOs_Arch
 .text.ReturnHook_Arch
                0x1a004624        0x8 ./out/lib/rtos.a(Os_Internal_Arch.o)
                0x1a004624                ReturnHook_Arch
 .text.CheckTerminatingTask_Arch
                0x1a00462c       0x24 ./out/lib/rtos.a(Os_Internal_Arch.o)
                0x1a00462c                CheckTerminatingTask_Arch
 .text.InitStack_Arch
                0x1a004650       0xc4 ./out/lib/rtos.a(Os_Internal_Arch.o)
                0x1a004650                InitStack_Arch
 .text.SysTick_Handler
                0x1a004714       0x68 ./out/lib/rtos.a(Os_Internal_Arch.o)
                0x1a004714                SysTick_Handler
 .text.Enable_User_ISRs
                0x1a00477c        0xc ./out/lib/rtos.a(Os_Internal_Arch_Cfg.o)
                0x1a00477c                Enable_User_ISRs
 .text.SetEvent
                0x1a004788      0x228 ./out/lib/rtos.a(SetEvent.o)
                0x1a004788                SetEvent
 .text.NVIC_SetPriority
                0x1a0049b0       0x54 ./out/lib/rtos.a(StartOs_Arch_SysTick.o)
 .text.SysTick_Config
                0x1a004a04       0x44 ./out/lib/rtos.a(StartOs_Arch_SysTick.o)
 .text.StartOs_Arch_SysTick
                0x1a004a48       0x48 ./out/lib/rtos.a(StartOs_Arch_SysTick.o)
                0x1a004a48                StartOs_Arch_SysTick
 .text          0x1a004a90       0x7c ./out/lib/rtos.a(PendSV.o)
                0x1a004a90                PendSV_Handler
 .text.ciaaSerialDevices_init
                0x1a004b0c       0x58 ./out/lib/posix.a(ciaaSerialDevices.o)
                0x1a004b0c                ciaaSerialDevices_init
 .text.ciaaSerialDevices_addDriver
                0x1a004b64      0x170 ./out/lib/posix.a(ciaaSerialDevices.o)
                0x1a004b64                ciaaSerialDevices_addDriver
 .text.ciaaSerialDevices_open
                0x1a004cd4       0x74 ./out/lib/posix.a(ciaaSerialDevices.o)
                0x1a004cd4                ciaaSerialDevices_open
 .text.ciaaSerialDevices_close
                0x1a004d48       0x20 ./out/lib/posix.a(ciaaSerialDevices.o)
                0x1a004d48                ciaaSerialDevices_close
 .text.ciaaSerialDevices_ioctl
                0x1a004d68       0xe8 ./out/lib/posix.a(ciaaSerialDevices.o)
                0x1a004d68                ciaaSerialDevices_ioctl
 .text.ciaaSerialDevices_read
                0x1a004e50       0xb8 ./out/lib/posix.a(ciaaSerialDevices.o)
                0x1a004e50                ciaaSerialDevices_read
 .text.ciaaSerialDevices_write
                0x1a004f08       0xd4 ./out/lib/posix.a(ciaaSerialDevices.o)
                0x1a004f08                ciaaSerialDevices_write
 .text.ciaaSerialDevices_txConfirmation
                0x1a004fdc      0x12c ./out/lib/posix.a(ciaaSerialDevices.o)
                0x1a004fdc                ciaaSerialDevices_txConfirmation
 .text.ciaaBlockDevices_init
                0x1a005108       0x4c ./out/lib/posix.a(ciaaBlockDevices.o)
                0x1a005108                ciaaBlockDevices_init
 .text.ciaaPOSIX_chunk_partition
                0x1a005154       0x5c ./out/lib/posix.a(ciaaPOSIX_stdlib.o)
 .text.ciaaPOSIX_stdlib_init
                0x1a0051b0       0x44 ./out/lib/posix.a(ciaaPOSIX_stdlib.o)
                0x1a0051b0                ciaaPOSIX_stdlib_init
 .text.ciaaPOSIX_malloc
                0x1a0051f4       0x60 ./out/lib/posix.a(ciaaPOSIX_stdlib.o)
                0x1a0051f4                ciaaPOSIX_malloc
 .text.ciaaPOSIX_sem_init
                0x1a005254       0x18 ./out/lib/posix.a(ciaaPOSIX_semaphore.o)
                0x1a005254                ciaaPOSIX_sem_init
 .text.ciaaPOSIX_sem_wait
                0x1a00526c       0x18 ./out/lib/posix.a(ciaaPOSIX_semaphore.o)
                0x1a00526c                ciaaPOSIX_sem_wait
 .text.ciaaPOSIX_sem_post
                0x1a005284       0x18 ./out/lib/posix.a(ciaaPOSIX_semaphore.o)
                0x1a005284                ciaaPOSIX_sem_post
 .text.ciaaDioDevices_addDriver
                0x1a00529c       0xf8 ./out/lib/posix.a(ciaaDioDevices.o)
                0x1a00529c                ciaaDioDevices_addDriver
 .text.ciaaDioDevices_open
                0x1a005394       0x50 ./out/lib/posix.a(ciaaDioDevices.o)
                0x1a005394                ciaaDioDevices_open
 .text.ciaaDioDevices_close
                0x1a0053e4       0x20 ./out/lib/posix.a(ciaaDioDevices.o)
                0x1a0053e4                ciaaDioDevices_close
 .text.ciaaDioDevices_ioctl
                0x1a005404       0x2c ./out/lib/posix.a(ciaaDioDevices.o)
                0x1a005404                ciaaDioDevices_ioctl
 .text.ciaaDioDevices_read
                0x1a005430       0x2c ./out/lib/posix.a(ciaaDioDevices.o)
                0x1a005430                ciaaDioDevices_read
 .text.ciaaDioDevices_write
                0x1a00545c       0x2c ./out/lib/posix.a(ciaaDioDevices.o)
                0x1a00545c                ciaaDioDevices_write
 .text.SystemCoreClockUpdate
                0x1a005488       0x18 ./out/lib/ext_drivers.a(chip_18xx_43xx.o)
                0x1a005488                SystemCoreClockUpdate
 .text.GetTaskID
                0x1a0054a0       0x24 ./out/lib/rtos.a(GetTaskID.o)
                0x1a0054a0                GetTaskID
 .text.ClearEvent
                0x1a0054c4      0x11c ./out/lib/rtos.a(ClearEvent.o)
                0x1a0054c4                ClearEvent
 .text.WaitEvent
                0x1a0055e0      0x22c ./out/lib/rtos.a(WaitEvent.o)
                0x1a0055e0                WaitEvent
 .text.ciaaLibs_circBufInit
                0x1a00580c       0x5c ./out/lib/libs.a(ciaaLibs_CircBuf.o)
                0x1a00580c                ciaaLibs_circBufInit
 .text.ciaaLibs_circBufPut
                0x1a005868       0xcc ./out/lib/libs.a(ciaaLibs_CircBuf.o)
                0x1a005868                ciaaLibs_circBufPut
 .text.ciaaLibs_circBufGet
                0x1a005934       0xc8 ./out/lib/libs.a(ciaaLibs_CircBuf.o)
                0x1a005934                ciaaLibs_circBufGet
 .text.memset   0x1a0059fc       0x94 c:/ciaa/cygwin/usr/arm-none-eabi/bin/../lib/gcc/arm-none-eabi/4.8.4/../../../../arm-none-eabi/lib/armv7e-m/softfp\libc.a(lib_a-memset.o)
                0x1a0059fc                memset
 *(.rodata .rodata.* .constdata .constdata.*)
 .rodata        0x1a005a90       0x68 ./out/obj/blinking.o
 .rodata        0x1a005af8       0x30 ./out/lib/posix.a(ciaaPOSIX_stdio.o)
 .rodata        0x1a005b28       0x2c ./out/lib/posix.a(ciaaPOSIX_assert.o)
 .rodata.ciaaPOSIX_assert_msg
                0x1a005b54        0x4 ./out/lib/posix.a(ciaaPOSIX_assert.o)
                0x1a005b54                ciaaPOSIX_assert_msg
 .rodata        0x1a005b58       0x20 ./out/lib/ciaak.a(ciaak_main.o)
 .rodata        0x1a005b78       0x18 ./out/lib/drivers.a(ciaaDriverUart.o)
 .rodata.ciaaUartDevices
                0x1a005b90        0xc ./out/lib/drivers.a(ciaaDriverUart.o)
 .rodata.ciaaDriverDio_Inputs
                0x1a005b9c       0x20 ./out/lib/drivers.a(ciaaDriverDio.o)
                0x1a005b9c                ciaaDriverDio_Inputs
 .rodata.ciaaDriverDio_Outputs
                0x1a005bbc       0x48 ./out/lib/drivers.a(ciaaDriverDio.o)
                0x1a005bbc                ciaaDriverDio_Outputs
 .rodata        0x1a005c04       0x10 ./out/lib/drivers.a(ciaaDriverDio.o)
 .rodata.ciaaDioDevices
                0x1a005c14        0x8 ./out/lib/drivers.a(ciaaDriverDio.o)
 .rodata        0x1a005c1c       0x24 ./out/lib/drivers.a(ciaaDriverAio.o)
 .rodata.ciaaAioDevices
                0x1a005c40        0xc ./out/lib/drivers.a(ciaaDriverAio.o)
 .rodata.UART_PClock
                0x1a005c4c        0x8 ./out/lib/ext_drivers.a(uart_18xx_43xx.o)
 .rodata.UART_BClock
                0x1a005c54        0x8 ./out/lib/ext_drivers.a(uart_18xx_43xx.o)
 .rodata.GPDMA_LUTPerBurst
                0x1a005c5c       0x20 ./out/lib/ext_drivers.a(gpdma_18xx_43xx.o)
 .rodata.GPDMA_LUTPerWid
                0x1a005c7c       0x20 ./out/lib/ext_drivers.a(gpdma_18xx_43xx.o)
 .rodata.periph_to_base
                0x1a005c9c       0x6c ./out/lib/ext_drivers.a(clock_18xx_43xx.o)
 .rodata        0x1a005d08        0xc ./out/lib/ext_drivers.a(clock_18xx_43xx.o)
 .rodata.ExtRateIn
                0x1a005d14        0x4 ./out/lib/ext_drivers.a(sysinit.o)
                0x1a005d14                ExtRateIn
 .rodata.OscRateIn
                0x1a005d18        0x4 ./out/lib/ext_drivers.a(sysinit.o)
                0x1a005d18                OscRateIn
 .rodata.InitClkStates
                0x1a005d1c       0x48 ./out/lib/ext_drivers.a(sysinit_18xx_43xx.o)
 .rodata.OSEK_ALARMLIST_HardwareCounter
                0x1a005d64        0x4 ./out/lib/rtos.a(Os_Internal_Cfg.o)
                0x1a005d64                OSEK_ALARMLIST_HardwareCounter
 .rodata.TasksConst
                0x1a005d68       0x38 ./out/lib/rtos.a(Os_Internal_Cfg.o)
                0x1a005d68                TasksConst
 .rodata.TasksAppModeAppMode1
                0x1a005da0        0x4 ./out/lib/rtos.a(Os_Internal_Cfg.o)
                0x1a005da0                TasksAppModeAppMode1
 .rodata.AutoStart
                0x1a005da4       0x18 ./out/lib/rtos.a(Os_Internal_Cfg.o)
                0x1a005da4                AutoStart
 .rodata.ReadyConst
                0x1a005dbc       0x10 ./out/lib/rtos.a(Os_Internal_Cfg.o)
                0x1a005dbc                ReadyConst
 .rodata.ResourcesPriority
                0x1a005dcc        0x4 ./out/lib/rtos.a(Os_Internal_Cfg.o)
                0x1a005dcc                ResourcesPriority
 .rodata.AlarmsConst
                0x1a005dd0       0x28 ./out/lib/rtos.a(Os_Internal_Cfg.o)
                0x1a005dd0                AlarmsConst
 .rodata.AutoStartAlarm
                0x1a005df8        0xc ./out/lib/rtos.a(Os_Internal_Cfg.o)
                0x1a005df8                AutoStartAlarm
 .rodata.CountersConst
                0x1a005e04       0x14 ./out/lib/rtos.a(Os_Internal_Cfg.o)
                0x1a005e04                CountersConst
 .rodata        0x1a005e18       0xa0 ./out/lib/posix.a(ciaaSerialDevices.o)
 .rodata        0x1a005eb8       0x5c ./out/lib/posix.a(ciaaDioDevices.o)
                0x1a005f14                . = ALIGN (0x4)

.glue_7         0x1a005f14        0x0
 .glue_7        0x00000000        0x0 linker stubs

.glue_7t        0x1a005f14        0x0
 .glue_7t       0x00000000        0x0 linker stubs

.vfp11_veneer   0x1a005f14        0x0
 .vfp11_veneer  0x00000000        0x0 linker stubs

.v4_bx          0x1a005f14        0x0
 .v4_bx         0x00000000        0x0 linker stubs

.iplt           0x1a005f14        0x0
 .iplt          0x00000000        0x0 ./out/obj/blinking.o

.rel.dyn        0x1a005f14        0x0
 .rel.iplt      0x00000000        0x0 ./out/obj/blinking.o

.ARM.extab
 *(.ARM.extab* .gnu.linkonce.armextab.*)
                0x1a005f14                __exidx_start = .

.ARM.exidx
 *(.ARM.exidx* .gnu.linkonce.armexidx.*)
                0x1a005f14                __exidx_end = .
                0x1a005f14                _etext = .

.data_RAM2      0x10080000        0x0 load address 0x1a005f14
 FILL mask 0xff
 *(.ramfunc.$RAM2)
 *(.ramfunc.$RamLoc40)
 *(.data.$RAM2*)
 *(.data.$RamLoc40*)
                0x10080000                . = ALIGN (0x4)

.data_RAM3      0x20000000        0x0 load address 0x1a005f14
 FILL mask 0xff
 *(.ramfunc.$RAM3)
 *(.ramfunc.$RamAHB32)
 *(.data.$RAM3*)
 *(.data.$RamAHB32*)
                0x20000000                . = ALIGN (0x4)

.data_RAM4      0x20008000        0x0 load address 0x1a005f14
 FILL mask 0xff
 *(.ramfunc.$RAM4)
 *(.ramfunc.$RamAHB16)
 *(.data.$RAM4*)
 *(.data.$RamAHB16*)
                0x20008000                . = ALIGN (0x4)

.data_RAM5      0x2000c000        0x0 load address 0x1a005f14
 FILL mask 0xff
 *(.ramfunc.$RAM5)
 *(.ramfunc.$RamAHB_ETB16)
 *(.data.$RAM5*)
 *(.data.$RamAHB_ETB16*)
                0x2000c000                . = ALIGN (0x4)

.uninit_RESERVED
                0x10000000        0x0
 *(.bss.$RESERVED*)
                0x10000000                . = ALIGN (0x4)
                0x10000000                _end_uninit_RESERVED = .

.data           0x10000000      0x1c0 load address 0x1a005f14
 FILL mask 0xff
                0x10000000                _data = .
 *(vtable)
 *(.ramfunc*)
 *(.data*)
 .data.ciaaDriverUart_device0
                0x10000000       0x28 ./out/lib/drivers.a(ciaaDriverUart.o)
 .data.ciaaDriverUart_device1
                0x10000028       0x28 ./out/lib/drivers.a(ciaaDriverUart.o)
 .data.ciaaDriverUart_device2
                0x10000050       0x28 ./out/lib/drivers.a(ciaaDriverUart.o)
 .data.ciaaDriverDio_in0
                0x10000078       0x28 ./out/lib/drivers.a(ciaaDriverDio.o)
 .data.ciaaDriverDio_out0
                0x100000a0       0x28 ./out/lib/drivers.a(ciaaDriverDio.o)
 .data.ciaaDriverAio_in0
                0x100000c8       0x28 ./out/lib/drivers.a(ciaaDriverAio.o)
 .data.ciaaDriverAio_in1
                0x100000f0       0x28 ./out/lib/drivers.a(ciaaDriverAio.o)
 .data.ciaaDriverAio_out0
                0x10000118       0x28 ./out/lib/drivers.a(ciaaDriverAio.o)
 .data.GPDMA_LUTPerAddr
                0x10000140       0x78 ./out/lib/ext_drivers.a(gpdma_18xx_43xx.o)
 .data.TerminatingTask
                0x100001b8        0x1 ./out/lib/rtos.a(Os_Internal_Arch.o)
                0x100001b8                TerminatingTask
 .data.WaitingTask
                0x100001b9        0x1 ./out/lib/rtos.a(Os_Internal_Arch.o)
                0x100001b9                WaitingTask
 *fill*         0x100001ba        0x2 
 .data.CounterIncrement.4318
                0x100001bc        0x4 ./out/lib/rtos.a(Os_Internal_Arch.o)
                0x100001c0                . = ALIGN (0x4)
                0x100001c0                _edata = .

.igot.plt       0x100001c0        0x0 load address 0x1a0060d4
 .igot.plt      0x00000000        0x0 ./out/obj/blinking.o

.bss_RAM2       0x10080000        0x0
 *(.bss.$RAM2*)
 *(.bss.$RamLoc40*)
                0x10080000                . = ALIGN (0x4)

.bss_RAM3       0x20000000        0x0
 *(.bss.$RAM3*)
 *(.bss.$RamAHB32*)
                0x20000000                . = ALIGN (0x4)

.bss_RAM4       0x20008000        0x0
 *(.bss.$RAM4*)
 *(.bss.$RamAHB16*)
                0x20008000                . = ALIGN (0x4)

.bss_RAM5       0x2000c000        0x0
 *(.bss.$RAM5*)
 *(.bss.$RamAHB_ETB16*)
                0x2000c000                . = ALIGN (0x4)

.bss            0x100001c0     0x3270
                0x100001c0                _bss = .
 *(.bss*)
 .bss.fd_out    0x100001c0        0x4 ./out/obj/blinking.o
 .bss.fd_in     0x100001c4        0x4 ./out/obj/blinking.o
 .bss.ciaaDevices
                0x100001c8       0x54 ./out/lib/posix.a(ciaaDevices.o)
 .bss.ChannelHandlerArray
                0x1000021c        0x8 ./out/lib/ext_drivers.a(gpdma_18xx_43xx.o)
 .bss.audio_usb_pll_freq
                0x10000224        0x8 ./out/lib/ext_drivers.a(clock_18xx_43xx.o)
 .bss.ciaaPOSIX_buffer
                0x1000022c     0x2710 ./out/lib/posix.a(ciaaPOSIX_stdlib.o)
 *(COMMON)
 COMMON         0x1000293c       0x50 ./out/lib/posix.a(ciaaPOSIX_stdio.o)
                0x1000293c                ciaaPOSIX_stdio_fildes
 COMMON         0x1000298c       0x33 ./out/lib/drivers.a(ciaaDriverUart.o)
                0x1000298c                uartControl
 *fill*         0x100029bf        0x1 
 COMMON         0x100029c0       0x84 ./out/lib/drivers.a(ciaaDriverAio.o)
                0x100029c0                aioControl
 COMMON         0x10002a44        0x2 ./out/lib/rtos.a(Os_Internal.o)
                0x10002a44                RunningTask
                0x10002a45                ActualContext
 COMMON         0x10002a46        0x3 ./out/lib/rtos.a(Os.o)
                0x10002a46                DisableAllInterrupts_Counter
                0x10002a47                SuspendAllInterrupts_Counter
                0x10002a48                SuspendOSInterrupts_Counter
 *fill*         0x10002a49        0x3 
 COMMON         0x10002a4c        0x8 ./out/lib/rtos.a(Os_Internal_Arch.o)
                0x10002a4c                Osek_OldTaskPtr_Arch
                0x10002a50                Osek_NewTaskPtr_Arch
 COMMON         0x10002a54       0x14 ./out/lib/rtos.a(Os_Cfg.o)
                0x10002a54                Osek_ErrorRet
                0x10002a58                Osek_ErrorApi
                0x10002a5c                Osek_ErrorParam3
                0x10002a60                Osek_ErrorParam1
                0x10002a64                Osek_ErrorParam2
 COMMON         0x10002a68      0x45c ./out/lib/rtos.a(Os_Internal_Cfg.o)
                0x10002a68                ReadyList0
                0x10002a69                ApplicationMode
                0x10002a6c                StackTaskInitTask
                0x10002c6c                ReadyVar
                0x10002c70                AlarmsVar
                0x10002c88                ReadyList1
                0x10002c8c                ContextTaskInitTask
                0x10002c90                ErrorHookRunning
                0x10002c94                CountersVar
                0x10002c98                TasksVar
                0x10002cc0                ContextTaskPeriodicTask
                0x10002cc4                StackTaskPeriodicTask
 COMMON         0x10002ec4      0x3c4 ./out/lib/posix.a(ciaaSerialDevices.o)
                0x10002ec4                ciaaSerialDevices
 COMMON         0x10003288      0x144 ./out/lib/posix.a(ciaaBlockDevices.o)
                0x10003288                ciaaBlockDevices
 COMMON         0x100033cc        0x5 ./out/lib/posix.a(ciaaPOSIX_stdlib.o)
                0x100033cc                first_chunk_header
                0x100033d0                ciaaPOSIX_stdlib_sem
 *fill*         0x100033d1        0x3 
 COMMON         0x100033d4       0x54 ./out/lib/posix.a(ciaaDioDevices.o)
                0x100033d4                ciaaDioDevices
 COMMON         0x10003428        0x2 ./out/lib/posix.a(ciaaPOSIX_errno.o)
                0x10003428                ciaaPOSIX_errno
 *fill*         0x1000342a        0x2 
 COMMON         0x1000342c        0x4 ./out/lib/ext_drivers.a(chip_18xx_43xx.o)
                0x1000342c                SystemCoreClock
                0x10003430                . = ALIGN (0x4)
                0x10003430                _ebss = .
                0x10003430                PROVIDE (end, .)

.noinit_RAM2    0x10080000        0x0
 *(.noinit.$RAM2*)
 *(.noinit.$RamLoc40*)
                0x10080000                . = ALIGN (0x4)

.noinit_RAM3    0x20000000        0x0
 *(.noinit.$RAM3*)
 *(.noinit.$RamAHB32*)
                0x20000000                . = ALIGN (0x4)

.noinit_RAM4    0x20008000        0x0
 *(.noinit.$RAM4*)
 *(.noinit.$RamAHB16*)
                0x20008000                . = ALIGN (0x4)

.noinit_RAM5    0x2000c000        0x0
 *(.noinit.$RAM5*)
 *(.noinit.$RamAHB_ETB16*)
                0x2000c000                . = ALIGN (0x4)

.noinit         0x10003430        0x0
                0x10003430                _noinit = .
 *(.noinit*)
                0x10003430                . = ALIGN (0x4)
                0x10003430                _end_noinit = .
                0x10003430                PROVIDE (_pvHeapStart, .)
                0x10008000                PROVIDE (_vStackTop, (__top_RamLoc32 - 0x0))
OUTPUT(./out/bin/blinkingHook.axf elf32-littlearm)

.debug_info     0x00000000    0x10fef
 .debug_info    0x00000000      0x17d ./out/obj/blinking.o
 .debug_info    0x0000017d       0x3f ./out/obj/crp.o
 .debug_info    0x000001bc      0x5aa ./out/lib/posix.a(ciaaPOSIX_stdio.o)
 .debug_info    0x00000766       0x4a ./out/lib/posix.a(ciaaPOSIX_assert.o)
 .debug_info    0x000007b0      0x312 ./out/lib/posix.a(ciaaPOSIX_string.o)
 .debug_info    0x00000ac2      0x390 ./out/lib/posix.a(ciaaDevices.o)
 .debug_info    0x00000e52       0xce ./out/lib/ciaak.a(ciaak_main.o)
 .debug_info    0x00000f20     0x10a6 ./out/lib/drivers.a(ciaaDriverUart.o)
 .debug_info    0x00001fc6      0xf6c ./out/lib/drivers.a(ciaaDriverDio.o)
 .debug_info    0x00002f32      0x423 ./out/lib/drivers.a(ciaaDriverFlash.o)
 .debug_info    0x00003355     0x177c ./out/lib/drivers.a(ciaaDriverAio.o)
 .debug_info    0x00004ad1      0x44c ./out/lib/ext_drivers.a(gpio_18xx_43xx.o)
 .debug_info    0x00004f1d     0x10d8 ./out/lib/ext_drivers.a(uart_18xx_43xx.o)
 .debug_info    0x00005ff5      0x1c3 ./out/lib/ext_drivers.a(cr_startup_lpc43xx.o)
 .debug_info    0x000061b8      0x982 ./out/lib/ext_drivers.a(adc_18xx_43xx.o)
 .debug_info    0x00006b3a     0x160a ./out/lib/ext_drivers.a(gpdma_18xx_43xx.o)
 .debug_info    0x00008144      0x3d1 ./out/lib/ext_drivers.a(dac_18xx_43xx.o)
 .debug_info    0x00008515     0x158f ./out/lib/ext_drivers.a(clock_18xx_43xx.o)
 .debug_info    0x00009aa4      0x5c0 ./out/lib/ext_drivers.a(sysinit.o)
 .debug_info    0x0000a064      0x145 ./out/lib/ext_drivers.a(fpu_init.o)
 .debug_info    0x0000a1a9      0x902 ./out/lib/ext_drivers.a(sysinit_18xx_43xx.o)
 .debug_info    0x0000aaab      0x226 ./out/lib/rtos.a(StartOS.o)
 .debug_info    0x0000acd1      0x7aa ./out/lib/rtos.a(Os_Internal.o)
 .debug_info    0x0000b47b      0x375 ./out/lib/rtos.a(Schedule.o)
 .debug_info    0x0000b7f0      0x2f2 ./out/lib/rtos.a(ActivateTask.o)
 .debug_info    0x0000bae2       0x99 ./out/lib/rtos.a(Os.o)
 .debug_info    0x0000bb7b      0x214 ./out/lib/rtos.a(TerminateTask.o)
 .debug_info    0x0000bd8f       0x8d ./out/lib/rtos.a(ShutdownOS.o)
 .debug_info    0x0000be1c      0x32a ./out/lib/rtos.a(GetResource.o)
 .debug_info    0x0000c146      0x346 ./out/lib/rtos.a(ReleaseResource.o)
 .debug_info    0x0000c48c      0x351 ./out/lib/rtos.a(SetRelAlarm.o)
 .debug_info    0x0000c7dd       0x9e ./out/lib/rtos.a(StartOs_Arch.o)
 .debug_info    0x0000c87b      0x315 ./out/lib/rtos.a(Os_Internal_Arch.o)
 .debug_info    0x0000cb90       0xaf ./out/lib/rtos.a(Os_Cfg.o)
 .debug_info    0x0000cc3f      0x76a ./out/lib/rtos.a(Os_Internal_Cfg.o)
 .debug_info    0x0000d3a9      0x646 ./out/lib/rtos.a(Os_Internal_Arch_Cfg.o)
 .debug_info    0x0000d9ef      0x317 ./out/lib/rtos.a(SetEvent.o)
 .debug_info    0x0000dd06      0x601 ./out/lib/rtos.a(StartOs_Arch_SysTick.o)
 .debug_info    0x0000e307       0x5f ./out/lib/rtos.a(PendSV.o)
 .debug_info    0x0000e366      0x818 ./out/lib/posix.a(ciaaSerialDevices.o)
 .debug_info    0x0000eb7e      0x6dd ./out/lib/posix.a(ciaaBlockDevices.o)
 .debug_info    0x0000f25b      0x262 ./out/lib/posix.a(ciaaPOSIX_stdlib.o)
 .debug_info    0x0000f4bd      0x13b ./out/lib/posix.a(ciaaPOSIX_semaphore.o)
 .debug_info    0x0000f5f8      0x559 ./out/lib/posix.a(ciaaDioDevices.o)
 .debug_info    0x0000fb51       0x8f ./out/lib/posix.a(ciaaPOSIX_errno.o)
 .debug_info    0x0000fbe0      0xa3b ./out/lib/ext_drivers.a(chip_18xx_43xx.o)
 .debug_info    0x0001061b       0xbe ./out/lib/rtos.a(GetTaskID.o)
 .debug_info    0x000106d9      0x31f ./out/lib/rtos.a(ClearEvent.o)
 .debug_info    0x000109f8      0x35d ./out/lib/rtos.a(WaitEvent.o)
 .debug_info    0x00010d55      0x29a ./out/lib/libs.a(ciaaLibs_CircBuf.o)

.debug_abbrev   0x00000000     0x392b
 .debug_abbrev  0x00000000       0xbe ./out/obj/blinking.o
 .debug_abbrev  0x000000be       0x36 ./out/obj/crp.o
 .debug_abbrev  0x000000f4      0x1a1 ./out/lib/posix.a(ciaaPOSIX_stdio.o)
 .debug_abbrev  0x00000295       0x3f ./out/lib/posix.a(ciaaPOSIX_assert.o)
 .debug_abbrev  0x000002d4      0x102 ./out/lib/posix.a(ciaaPOSIX_string.o)
 .debug_abbrev  0x000003d6      0x11b ./out/lib/posix.a(ciaaDevices.o)
 .debug_abbrev  0x000004f1       0x91 ./out/lib/ciaak.a(ciaak_main.o)
 .debug_abbrev  0x00000582      0x2a7 ./out/lib/drivers.a(ciaaDriverUart.o)
 .debug_abbrev  0x00000829      0x298 ./out/lib/drivers.a(ciaaDriverDio.o)
 .debug_abbrev  0x00000ac1       0xd3 ./out/lib/drivers.a(ciaaDriverFlash.o)
 .debug_abbrev  0x00000b94      0x2e8 ./out/lib/drivers.a(ciaaDriverAio.o)
 .debug_abbrev  0x00000e7c      0x111 ./out/lib/ext_drivers.a(gpio_18xx_43xx.o)
 .debug_abbrev  0x00000f8d      0x2ac ./out/lib/ext_drivers.a(uart_18xx_43xx.o)
 .debug_abbrev  0x00001239       0xc0 ./out/lib/ext_drivers.a(cr_startup_lpc43xx.o)
 .debug_abbrev  0x000012f9      0x1b2 ./out/lib/ext_drivers.a(adc_18xx_43xx.o)
 .debug_abbrev  0x000014ab      0x225 ./out/lib/ext_drivers.a(gpdma_18xx_43xx.o)
 .debug_abbrev  0x000016d0       0xf0 ./out/lib/ext_drivers.a(dac_18xx_43xx.o)
 .debug_abbrev  0x000017c0      0x2c0 ./out/lib/ext_drivers.a(clock_18xx_43xx.o)
 .debug_abbrev  0x00001a80       0xc1 ./out/lib/ext_drivers.a(sysinit.o)
 .debug_abbrev  0x00001b41       0x84 ./out/lib/ext_drivers.a(fpu_init.o)
 .debug_abbrev  0x00001bc5      0x181 ./out/lib/ext_drivers.a(sysinit_18xx_43xx.o)
 .debug_abbrev  0x00001d46       0xfb ./out/lib/rtos.a(StartOS.o)
 .debug_abbrev  0x00001e41      0x1c6 ./out/lib/rtos.a(Os_Internal.o)
 .debug_abbrev  0x00002007      0x11c ./out/lib/rtos.a(Schedule.o)
 .debug_abbrev  0x00002123       0xfd ./out/lib/rtos.a(ActivateTask.o)
 .debug_abbrev  0x00002220       0x47 ./out/lib/rtos.a(Os.o)
 .debug_abbrev  0x00002267       0xd7 ./out/lib/rtos.a(TerminateTask.o)
 .debug_abbrev  0x0000233e       0x61 ./out/lib/rtos.a(ShutdownOS.o)
 .debug_abbrev  0x0000239f       0xfd ./out/lib/rtos.a(GetResource.o)
 .debug_abbrev  0x0000249c      0x10c ./out/lib/rtos.a(ReleaseResource.o)
 .debug_abbrev  0x000025a8       0xfe ./out/lib/rtos.a(SetRelAlarm.o)
 .debug_abbrev  0x000026a6       0x79 ./out/lib/rtos.a(StartOs_Arch.o)
 .debug_abbrev  0x0000271f      0x15d ./out/lib/rtos.a(Os_Internal_Arch.o)
 .debug_abbrev  0x0000287c       0x3a ./out/lib/rtos.a(Os_Cfg.o)
 .debug_abbrev  0x000028b6       0xfa ./out/lib/rtos.a(Os_Internal_Cfg.o)
 .debug_abbrev  0x000029b0       0xc9 ./out/lib/rtos.a(Os_Internal_Arch_Cfg.o)
 .debug_abbrev  0x00002a79       0xfd ./out/lib/rtos.a(SetEvent.o)
 .debug_abbrev  0x00002b76      0x157 ./out/lib/rtos.a(StartOs_Arch_SysTick.o)
 .debug_abbrev  0x00002ccd       0x14 ./out/lib/rtos.a(PendSV.o)
 .debug_abbrev  0x00002ce1      0x1e9 ./out/lib/posix.a(ciaaSerialDevices.o)
 .debug_abbrev  0x00002eca      0x1f8 ./out/lib/posix.a(ciaaBlockDevices.o)
 .debug_abbrev  0x000030c2      0x11c ./out/lib/posix.a(ciaaPOSIX_stdlib.o)
 .debug_abbrev  0x000031de       0xab ./out/lib/posix.a(ciaaPOSIX_semaphore.o)
 .debug_abbrev  0x00003289      0x14c ./out/lib/posix.a(ciaaDioDevices.o)
 .debug_abbrev  0x000033d5       0x47 ./out/lib/posix.a(ciaaPOSIX_errno.o)
 .debug_abbrev  0x0000341c      0x148 ./out/lib/ext_drivers.a(chip_18xx_43xx.o)
 .debug_abbrev  0x00003564       0x8c ./out/lib/rtos.a(GetTaskID.o)
 .debug_abbrev  0x000035f0       0xfd ./out/lib/rtos.a(ClearEvent.o)
 .debug_abbrev  0x000036ed      0x11c ./out/lib/rtos.a(WaitEvent.o)
 .debug_abbrev  0x00003809      0x122 ./out/lib/libs.a(ciaaLibs_CircBuf.o)

.debug_aranges  0x00000000      0xdf8
 .debug_aranges
                0x00000000       0x40 ./out/obj/blinking.o
 .debug_aranges
                0x00000040       0x18 ./out/obj/crp.o
 .debug_aranges
                0x00000058       0x58 ./out/lib/posix.a(ciaaPOSIX_stdio.o)
 .debug_aranges
                0x000000b0       0x18 ./out/lib/posix.a(ciaaPOSIX_assert.o)
 .debug_aranges
                0x000000c8       0x58 ./out/lib/posix.a(ciaaPOSIX_string.o)
 .debug_aranges
                0x00000120       0x30 ./out/lib/posix.a(ciaaDevices.o)
 .debug_aranges
                0x00000150       0x28 ./out/lib/ciaak.a(ciaak_main.o)
 .debug_aranges
                0x00000178       0xd0 ./out/lib/drivers.a(ciaaDriverUart.o)
 .debug_aranges
                0x00000248       0x98 ./out/lib/drivers.a(ciaaDriverDio.o)
 .debug_aranges
                0x000002e0       0x48 ./out/lib/drivers.a(ciaaDriverFlash.o)
 .debug_aranges
                0x00000328       0xb8 ./out/lib/drivers.a(ciaaDriverAio.o)
 .debug_aranges
                0x000003e0       0x68 ./out/lib/ext_drivers.a(gpio_18xx_43xx.o)
 .debug_aranges
                0x00000448      0x118 ./out/lib/ext_drivers.a(uart_18xx_43xx.o)
 .debug_aranges
                0x00000560       0x30 ./out/lib/ext_drivers.a(cr_startup_lpc43xx.o)
 .debug_aranges
                0x00000590       0x98 ./out/lib/ext_drivers.a(adc_18xx_43xx.o)
 .debug_aranges
                0x00000628       0x90 ./out/lib/ext_drivers.a(gpdma_18xx_43xx.o)
 .debug_aranges
                0x000006b8       0x38 ./out/lib/ext_drivers.a(dac_18xx_43xx.o)
 .debug_aranges
                0x000006f0      0x138 ./out/lib/ext_drivers.a(clock_18xx_43xx.o)
 .debug_aranges
                0x00000828       0x20 ./out/lib/ext_drivers.a(sysinit.o)
 .debug_aranges
                0x00000848       0x20 ./out/lib/ext_drivers.a(fpu_init.o)
 .debug_aranges
                0x00000868       0x50 ./out/lib/ext_drivers.a(sysinit_18xx_43xx.o)
 .debug_aranges
                0x000008b8       0x20 ./out/lib/rtos.a(StartOS.o)
 .debug_aranges
                0x000008d8       0x48 ./out/lib/rtos.a(Os_Internal.o)
 .debug_aranges
                0x00000920       0x20 ./out/lib/rtos.a(Schedule.o)
 .debug_aranges
                0x00000940       0x20 ./out/lib/rtos.a(ActivateTask.o)
 .debug_aranges
                0x00000960       0x18 ./out/lib/rtos.a(Os.o)
 .debug_aranges
                0x00000978       0x20 ./out/lib/rtos.a(TerminateTask.o)
 .debug_aranges
                0x00000998       0x20 ./out/lib/rtos.a(ShutdownOS.o)
 .debug_aranges
                0x000009b8       0x20 ./out/lib/rtos.a(GetResource.o)
 .debug_aranges
                0x000009d8       0x20 ./out/lib/rtos.a(ReleaseResource.o)
 .debug_aranges
                0x000009f8       0x20 ./out/lib/rtos.a(SetRelAlarm.o)
 .debug_aranges
                0x00000a18       0x28 ./out/lib/rtos.a(StartOs_Arch.o)
 .debug_aranges
                0x00000a40       0x38 ./out/lib/rtos.a(Os_Internal_Arch.o)
 .debug_aranges
                0x00000a78       0x18 ./out/lib/rtos.a(Os_Cfg.o)
 .debug_aranges
                0x00000a90       0x18 ./out/lib/rtos.a(Os_Internal_Cfg.o)
 .debug_aranges
                0x00000aa8       0x68 ./out/lib/rtos.a(Os_Internal_Arch_Cfg.o)
 .debug_aranges
                0x00000b10       0x20 ./out/lib/rtos.a(SetEvent.o)
 .debug_aranges
                0x00000b30       0x30 ./out/lib/rtos.a(StartOs_Arch_SysTick.o)
 .debug_aranges
                0x00000b60       0x20 ./out/lib/rtos.a(PendSV.o)
 .debug_aranges
                0x00000b80       0x60 ./out/lib/posix.a(ciaaSerialDevices.o)
 .debug_aranges
                0x00000be0       0x68 ./out/lib/posix.a(ciaaBlockDevices.o)
 .debug_aranges
                0x00000c48       0x38 ./out/lib/posix.a(ciaaPOSIX_stdlib.o)
 .debug_aranges
                0x00000c80       0x30 ./out/lib/posix.a(ciaaPOSIX_semaphore.o)
 .debug_aranges
                0x00000cb0       0x50 ./out/lib/posix.a(ciaaDioDevices.o)
 .debug_aranges
                0x00000d00       0x18 ./out/lib/posix.a(ciaaPOSIX_errno.o)
 .debug_aranges
                0x00000d18       0x40 ./out/lib/ext_drivers.a(chip_18xx_43xx.o)
 .debug_aranges
                0x00000d58       0x20 ./out/lib/rtos.a(GetTaskID.o)
 .debug_aranges
                0x00000d78       0x20 ./out/lib/rtos.a(ClearEvent.o)
 .debug_aranges
                0x00000d98       0x20 ./out/lib/rtos.a(WaitEvent.o)
 .debug_aranges
                0x00000db8       0x40 ./out/lib/libs.a(ciaaLibs_CircBuf.o)

.debug_ranges   0x00000000      0xa98
 .debug_ranges  0x00000000       0x30 ./out/obj/blinking.o
 .debug_ranges  0x00000030       0x48 ./out/lib/posix.a(ciaaPOSIX_stdio.o)
 .debug_ranges  0x00000078       0x48 ./out/lib/posix.a(ciaaPOSIX_string.o)
 .debug_ranges  0x000000c0       0x20 ./out/lib/posix.a(ciaaDevices.o)
 .debug_ranges  0x000000e0       0x18 ./out/lib/ciaak.a(ciaak_main.o)
 .debug_ranges  0x000000f8       0xc0 ./out/lib/drivers.a(ciaaDriverUart.o)
 .debug_ranges  0x000001b8       0x88 ./out/lib/drivers.a(ciaaDriverDio.o)
 .debug_ranges  0x00000240       0x38 ./out/lib/drivers.a(ciaaDriverFlash.o)
 .debug_ranges  0x00000278       0xa8 ./out/lib/drivers.a(ciaaDriverAio.o)
 .debug_ranges  0x00000320       0x58 ./out/lib/ext_drivers.a(gpio_18xx_43xx.o)
 .debug_ranges  0x00000378      0x108 ./out/lib/ext_drivers.a(uart_18xx_43xx.o)
 .debug_ranges  0x00000480       0x20 ./out/lib/ext_drivers.a(cr_startup_lpc43xx.o)
 .debug_ranges  0x000004a0       0x88 ./out/lib/ext_drivers.a(adc_18xx_43xx.o)
 .debug_ranges  0x00000528       0x80 ./out/lib/ext_drivers.a(gpdma_18xx_43xx.o)
 .debug_ranges  0x000005a8       0x28 ./out/lib/ext_drivers.a(dac_18xx_43xx.o)
 .debug_ranges  0x000005d0      0x128 ./out/lib/ext_drivers.a(clock_18xx_43xx.o)
 .debug_ranges  0x000006f8       0x10 ./out/lib/ext_drivers.a(sysinit.o)
 .debug_ranges  0x00000708       0x10 ./out/lib/ext_drivers.a(fpu_init.o)
 .debug_ranges  0x00000718       0x40 ./out/lib/ext_drivers.a(sysinit_18xx_43xx.o)
 .debug_ranges  0x00000758       0x10 ./out/lib/rtos.a(StartOS.o)
 .debug_ranges  0x00000768       0x38 ./out/lib/rtos.a(Os_Internal.o)
 .debug_ranges  0x000007a0       0x10 ./out/lib/rtos.a(Schedule.o)
 .debug_ranges  0x000007b0       0x10 ./out/lib/rtos.a(ActivateTask.o)
 .debug_ranges  0x000007c0       0x10 ./out/lib/rtos.a(TerminateTask.o)
 .debug_ranges  0x000007d0       0x10 ./out/lib/rtos.a(ShutdownOS.o)
 .debug_ranges  0x000007e0       0x10 ./out/lib/rtos.a(GetResource.o)
 .debug_ranges  0x000007f0       0x10 ./out/lib/rtos.a(ReleaseResource.o)
 .debug_ranges  0x00000800       0x10 ./out/lib/rtos.a(SetRelAlarm.o)
 .debug_ranges  0x00000810       0x18 ./out/lib/rtos.a(StartOs_Arch.o)
 .debug_ranges  0x00000828       0x28 ./out/lib/rtos.a(Os_Internal_Arch.o)
 .debug_ranges  0x00000850       0x58 ./out/lib/rtos.a(Os_Internal_Arch_Cfg.o)
 .debug_ranges  0x000008a8       0x10 ./out/lib/rtos.a(SetEvent.o)
 .debug_ranges  0x000008b8       0x20 ./out/lib/rtos.a(StartOs_Arch_SysTick.o)
 .debug_ranges  0x000008d8       0x50 ./out/lib/posix.a(ciaaSerialDevices.o)
 .debug_ranges  0x00000928       0x58 ./out/lib/posix.a(ciaaBlockDevices.o)
 .debug_ranges  0x00000980       0x28 ./out/lib/posix.a(ciaaPOSIX_stdlib.o)
 .debug_ranges  0x000009a8       0x20 ./out/lib/posix.a(ciaaPOSIX_semaphore.o)
 .debug_ranges  0x000009c8       0x40 ./out/lib/posix.a(ciaaDioDevices.o)
 .debug_ranges  0x00000a08       0x30 ./out/lib/ext_drivers.a(chip_18xx_43xx.o)
 .debug_ranges  0x00000a38       0x10 ./out/lib/rtos.a(GetTaskID.o)
 .debug_ranges  0x00000a48       0x10 ./out/lib/rtos.a(ClearEvent.o)
 .debug_ranges  0x00000a58       0x10 ./out/lib/rtos.a(WaitEvent.o)
 .debug_ranges  0x00000a68       0x30 ./out/lib/libs.a(ciaaLibs_CircBuf.o)

.debug_macro    0x00000000     0x970c
 .debug_macro   0x00000000      0x1a4 ./out/obj/blinking.o
 .debug_macro   0x000001a4      0x868 ./out/obj/blinking.o
 .debug_macro   0x00000a0c       0x22 ./out/obj/blinking.o
 .debug_macro   0x00000a2e       0x3b ./out/obj/blinking.o
 .debug_macro   0x00000a69       0x6b ./out/obj/blinking.o
 .debug_macro   0x00000ad4       0x12 ./out/obj/blinking.o
 .debug_macro   0x00000ae6       0x7d ./out/obj/blinking.o
 .debug_macro   0x00000b63       0x28 ./out/obj/blinking.o
 .debug_macro   0x00000b8b      0x155 ./out/obj/blinking.o
 .debug_macro   0x00000ce0       0x84 ./out/obj/blinking.o
 .debug_macro   0x00000d64       0x16 ./out/obj/blinking.o
 .debug_macro   0x00000d7a       0x44 ./out/obj/blinking.o
 .debug_macro   0x00000dbe      0x209 ./out/obj/blinking.o
 .debug_macro   0x00000fc7      0x166 ./out/obj/blinking.o
 .debug_macro   0x0000112d       0x58 ./out/obj/blinking.o
 .debug_macro   0x00001185       0x35 ./out/obj/blinking.o
 .debug_macro   0x000011ba       0xa2 ./out/obj/blinking.o
 .debug_macro   0x0000125c       0x52 ./out/obj/blinking.o
 .debug_macro   0x000012ae       0x16 ./out/obj/blinking.o
 .debug_macro   0x000012c4       0x43 ./out/obj/blinking.o
 .debug_macro   0x00001307       0x22 ./out/obj/blinking.o
 .debug_macro   0x00001329       0xbd ./out/obj/blinking.o
 .debug_macro   0x000013e6       0x1c ./out/obj/blinking.o
 .debug_macro   0x00001402       0xc8 ./out/obj/blinking.o
 .debug_macro   0x000014ca       0x16 ./out/obj/blinking.o
 .debug_macro   0x000014e0       0x84 ./out/obj/blinking.o
 .debug_macro   0x00001564       0x17 ./out/obj/crp.o
 .debug_macro   0x0000157b      0x1c6 ./out/lib/posix.a(ciaaPOSIX_stdio.o)
 .debug_macro   0x00001741       0x22 ./out/lib/posix.a(ciaaPOSIX_stdio.o)
 .debug_macro   0x00001763       0x16 ./out/lib/posix.a(ciaaPOSIX_stdio.o)
 .debug_macro   0x00001779       0x11 ./out/lib/posix.a(ciaaPOSIX_assert.o)
 .debug_macro   0x0000178a      0x111 ./out/lib/posix.a(ciaaPOSIX_string.o)
 .debug_macro   0x0000189b      0x14f ./out/lib/posix.a(ciaaDevices.o)
 .debug_macro   0x000019ea      0x19d ./out/lib/ciaak.a(ciaak_main.o)
 .debug_macro   0x00001b87       0x10 ./out/lib/ciaak.a(ciaak_main.o)
 .debug_macro   0x00001b97       0x10 ./out/lib/ciaak.a(ciaak_main.o)
 .debug_macro   0x00001ba7      0x459 ./out/lib/drivers.a(ciaaDriverUart.o)
 .debug_macro   0x00002000       0x10 ./out/lib/drivers.a(ciaaDriverUart.o)
 .debug_macro   0x00002010       0x22 ./out/lib/drivers.a(ciaaDriverUart.o)
 .debug_macro   0x00002032       0x60 ./out/lib/drivers.a(ciaaDriverUart.o)
 .debug_macro   0x00002092       0x28 ./out/lib/drivers.a(ciaaDriverUart.o)
 .debug_macro   0x000020ba       0x3b ./out/lib/drivers.a(ciaaDriverUart.o)
 .debug_macro   0x000020f5       0x2d ./out/lib/drivers.a(ciaaDriverUart.o)
 .debug_macro   0x00002122       0x42 ./out/lib/drivers.a(ciaaDriverUart.o)
 .debug_macro   0x00002164      0xd39 ./out/lib/drivers.a(ciaaDriverUart.o)
 .debug_macro   0x00002e9d      0x2bc ./out/lib/drivers.a(ciaaDriverUart.o)
 .debug_macro   0x00003159      0x112 ./out/lib/drivers.a(ciaaDriverUart.o)
 .debug_macro   0x0000326b       0x11 ./out/lib/drivers.a(ciaaDriverUart.o)
 .debug_macro   0x0000327c       0x2a ./out/lib/drivers.a(ciaaDriverUart.o)
 .debug_macro   0x000032a6       0x16 ./out/lib/drivers.a(ciaaDriverUart.o)
 .debug_macro   0x000032bc      0x2e6 ./out/lib/drivers.a(ciaaDriverUart.o)
 .debug_macro   0x000035a2       0x82 ./out/lib/drivers.a(ciaaDriverUart.o)
 .debug_macro   0x00003624      0x13d ./out/lib/drivers.a(ciaaDriverUart.o)
 .debug_macro   0x00003761      0x198 ./out/lib/drivers.a(ciaaDriverUart.o)
 .debug_macro   0x000038f9       0x34 ./out/lib/drivers.a(ciaaDriverUart.o)
 .debug_macro   0x0000392d       0x58 ./out/lib/drivers.a(ciaaDriverUart.o)
 .debug_macro   0x00003985      0x236 ./out/lib/drivers.a(ciaaDriverUart.o)
 .debug_macro   0x00003bbb      0x572 ./out/lib/drivers.a(ciaaDriverUart.o)
 .debug_macro   0x0000412d       0x16 ./out/lib/drivers.a(ciaaDriverUart.o)
 .debug_macro   0x00004143      0x18a ./out/lib/drivers.a(ciaaDriverUart.o)
 .debug_macro   0x000042cd       0x88 ./out/lib/drivers.a(ciaaDriverUart.o)
 .debug_macro   0x00004355      0x1b9 ./out/lib/drivers.a(ciaaDriverUart.o)
 .debug_macro   0x0000450e      0x1da ./out/lib/drivers.a(ciaaDriverUart.o)
 .debug_macro   0x000046e8       0x40 ./out/lib/drivers.a(ciaaDriverUart.o)
 .debug_macro   0x00004728       0x1c ./out/lib/drivers.a(ciaaDriverUart.o)
 .debug_macro   0x00004744       0x2e ./out/lib/drivers.a(ciaaDriverUart.o)
 .debug_macro   0x00004772       0x2e ./out/lib/drivers.a(ciaaDriverUart.o)
 .debug_macro   0x000047a0       0x22 ./out/lib/drivers.a(ciaaDriverUart.o)
 .debug_macro   0x000047c2      0x201 ./out/lib/drivers.a(ciaaDriverUart.o)
 .debug_macro   0x000049c3       0xe0 ./out/lib/drivers.a(ciaaDriverUart.o)
 .debug_macro   0x00004aa3      0x34c ./out/lib/drivers.a(ciaaDriverUart.o)
 .debug_macro   0x00004def       0xdc ./out/lib/drivers.a(ciaaDriverUart.o)
 .debug_macro   0x00004ecb       0xc4 ./out/lib/drivers.a(ciaaDriverUart.o)
 .debug_macro   0x00004f8f       0x94 ./out/lib/drivers.a(ciaaDriverUart.o)
 .debug_macro   0x00005023       0xb8 ./out/lib/drivers.a(ciaaDriverUart.o)
 .debug_macro   0x000050db       0x4c ./out/lib/drivers.a(ciaaDriverUart.o)
 .debug_macro   0x00005127       0x16 ./out/lib/drivers.a(ciaaDriverUart.o)
 .debug_macro   0x0000513d      0x328 ./out/lib/drivers.a(ciaaDriverUart.o)
 .debug_macro   0x00005465       0x3a ./out/lib/drivers.a(ciaaDriverUart.o)
 .debug_macro   0x0000549f       0xd0 ./out/lib/drivers.a(ciaaDriverUart.o)
 .debug_macro   0x0000556f       0x11 ./out/lib/drivers.a(ciaaDriverUart.o)
 .debug_macro   0x00005580       0x22 ./out/lib/drivers.a(ciaaDriverUart.o)
 .debug_macro   0x000055a2       0x40 ./out/lib/drivers.a(ciaaDriverUart.o)
 .debug_macro   0x000055e2      0x3ee ./out/lib/drivers.a(ciaaDriverDio.o)
 .debug_macro   0x000059d0      0x113 ./out/lib/drivers.a(ciaaDriverFlash.o)
 .debug_macro   0x00005ae3      0x463 ./out/lib/drivers.a(ciaaDriverAio.o)
 .debug_macro   0x00005f46      0x2e0 ./out/lib/ext_drivers.a(gpio_18xx_43xx.o)
 .debug_macro   0x00006226       0x67 ./out/lib/ext_drivers.a(gpio_18xx_43xx.o)
 .debug_macro   0x0000628d       0x18 ./out/lib/ext_drivers.a(gpio_18xx_43xx.o)
 .debug_macro   0x000062a5      0x2e0 ./out/lib/ext_drivers.a(uart_18xx_43xx.o)
 .debug_macro   0x00006585       0x23 ./out/lib/ext_drivers.a(cr_startup_lpc43xx.o)
 .debug_macro   0x000065a8      0x2e0 ./out/lib/ext_drivers.a(adc_18xx_43xx.o)
 .debug_macro   0x00006888      0x2e0 ./out/lib/ext_drivers.a(gpdma_18xx_43xx.o)
 .debug_macro   0x00006b68      0x2e0 ./out/lib/ext_drivers.a(dac_18xx_43xx.o)
 .debug_macro   0x00006e48      0x2e6 ./out/lib/ext_drivers.a(clock_18xx_43xx.o)
 .debug_macro   0x0000712e      0x2e0 ./out/lib/ext_drivers.a(sysinit.o)
 .debug_macro   0x0000740e       0xc6 ./out/lib/ext_drivers.a(fpu_init.o)
 .debug_macro   0x000074d4      0x2e0 ./out/lib/ext_drivers.a(sysinit_18xx_43xx.o)
 .debug_macro   0x000077b4       0x9d ./out/lib/rtos.a(StartOS.o)
 .debug_macro   0x00007851       0x82 ./out/lib/rtos.a(StartOS.o)
 .debug_macro   0x000078d3       0x9c ./out/lib/rtos.a(StartOS.o)
 .debug_macro   0x0000796f       0x90 ./out/lib/rtos.a(StartOS.o)
 .debug_macro   0x000079ff       0x9d ./out/lib/rtos.a(Os_Internal.o)
 .debug_macro   0x00007a9c       0x9d ./out/lib/rtos.a(Schedule.o)
 .debug_macro   0x00007b39       0x9d ./out/lib/rtos.a(ActivateTask.o)
 .debug_macro   0x00007bd6       0x9d ./out/lib/rtos.a(Os.o)
 .debug_macro   0x00007c73       0x9d ./out/lib/rtos.a(TerminateTask.o)
 .debug_macro   0x00007d10       0x9d ./out/lib/rtos.a(ShutdownOS.o)
 .debug_macro   0x00007dad       0x9d ./out/lib/rtos.a(GetResource.o)
 .debug_macro   0x00007e4a       0x9d ./out/lib/rtos.a(ReleaseResource.o)
 .debug_macro   0x00007ee7       0x9d ./out/lib/rtos.a(SetRelAlarm.o)
 .debug_macro   0x00007f84       0xa1 ./out/lib/rtos.a(StartOs_Arch.o)
 .debug_macro   0x00008025       0x9d ./out/lib/rtos.a(Os_Internal_Arch.o)
 .debug_macro   0x000080c2       0x9d ./out/lib/rtos.a(Os_Cfg.o)
 .debug_macro   0x0000815f       0x9d ./out/lib/rtos.a(Os_Internal_Cfg.o)
 .debug_macro   0x000081fc      0x378 ./out/lib/rtos.a(Os_Internal_Arch_Cfg.o)
 .debug_macro   0x00008574       0x9d ./out/lib/rtos.a(SetEvent.o)
 .debug_macro   0x00008611      0x2f3 ./out/lib/rtos.a(StartOs_Arch_SysTick.o)
 .debug_macro   0x00008904      0x1ff ./out/lib/posix.a(ciaaSerialDevices.o)
 .debug_macro   0x00008b03       0x16 ./out/lib/posix.a(ciaaSerialDevices.o)
 .debug_macro   0x00008b19       0x28 ./out/lib/posix.a(ciaaSerialDevices.o)
 .debug_macro   0x00008b41       0x4d ./out/lib/posix.a(ciaaSerialDevices.o)
 .debug_macro   0x00008b8e      0x1f3 ./out/lib/posix.a(ciaaBlockDevices.o)
 .debug_macro   0x00008d81      0x119 ./out/lib/posix.a(ciaaPOSIX_stdlib.o)
 .debug_macro   0x00008e9a       0x5f ./out/lib/posix.a(ciaaPOSIX_semaphore.o)
 .debug_macro   0x00008ef9      0x1bb ./out/lib/posix.a(ciaaDioDevices.o)
 .debug_macro   0x000090b4       0x64 ./out/lib/posix.a(ciaaPOSIX_errno.o)
 .debug_macro   0x00009118       0x10 ./out/lib/posix.a(ciaaPOSIX_errno.o)
 .debug_macro   0x00009128      0x2e0 ./out/lib/ext_drivers.a(chip_18xx_43xx.o)
 .debug_macro   0x00009408       0x9d ./out/lib/rtos.a(GetTaskID.o)
 .debug_macro   0x000094a5       0x9d ./out/lib/rtos.a(ClearEvent.o)
 .debug_macro   0x00009542       0x9d ./out/lib/rtos.a(WaitEvent.o)
 .debug_macro   0x000095df      0x12d ./out/lib/libs.a(ciaaLibs_CircBuf.o)

.debug_line     0x00000000     0xcf87
 .debug_line    0x00000000      0x44e ./out/obj/blinking.o
 .debug_line    0x0000044e       0x4a ./out/obj/crp.o
 .debug_line    0x00000498      0x52c ./out/lib/posix.a(ciaaPOSIX_stdio.o)
 .debug_line    0x000009c4       0x45 ./out/lib/posix.a(ciaaPOSIX_assert.o)
 .debug_line    0x00000a09      0x3e3 ./out/lib/posix.a(ciaaPOSIX_string.o)
 .debug_line    0x00000dec      0x363 ./out/lib/posix.a(ciaaDevices.o)
 .debug_line    0x0000114f      0x403 ./out/lib/ciaak.a(ciaak_main.o)
 .debug_line    0x00001552      0xb94 ./out/lib/drivers.a(ciaaDriverUart.o)
 .debug_line    0x000020e6      0x9dd ./out/lib/drivers.a(ciaaDriverDio.o)
 .debug_line    0x00002ac3      0x329 ./out/lib/drivers.a(ciaaDriverFlash.o)
 .debug_line    0x00002dec      0xb90 ./out/lib/drivers.a(ciaaDriverAio.o)
 .debug_line    0x0000397c      0x70e ./out/lib/ext_drivers.a(gpio_18xx_43xx.o)
 .debug_line    0x0000408a      0x998 ./out/lib/ext_drivers.a(uart_18xx_43xx.o)
 .debug_line    0x00004a22       0xe9 ./out/lib/ext_drivers.a(cr_startup_lpc43xx.o)
 .debug_line    0x00004b0b      0x7a5 ./out/lib/ext_drivers.a(adc_18xx_43xx.o)
 .debug_line    0x000052b0      0x889 ./out/lib/ext_drivers.a(gpdma_18xx_43xx.o)
 .debug_line    0x00005b39      0x691 ./out/lib/ext_drivers.a(dac_18xx_43xx.o)
 .debug_line    0x000061ca      0xaaf ./out/lib/ext_drivers.a(clock_18xx_43xx.o)
 .debug_line    0x00006c79      0x655 ./out/lib/ext_drivers.a(sysinit.o)
 .debug_line    0x000072ce      0x26d ./out/lib/ext_drivers.a(fpu_init.o)
 .debug_line    0x0000753b      0x72f ./out/lib/ext_drivers.a(sysinit_18xx_43xx.o)
 .debug_line    0x00007c6a      0x1ea ./out/lib/rtos.a(StartOS.o)
 .debug_line    0x00007e54      0x2a9 ./out/lib/rtos.a(Os_Internal.o)
 .debug_line    0x000080fd      0x22c ./out/lib/rtos.a(Schedule.o)
 .debug_line    0x00008329      0x1d6 ./out/lib/rtos.a(ActivateTask.o)
 .debug_line    0x000084ff      0x18e ./out/lib/rtos.a(Os.o)
 .debug_line    0x0000868d      0x1d5 ./out/lib/rtos.a(TerminateTask.o)
 .debug_line    0x00008862      0x1ad ./out/lib/rtos.a(ShutdownOS.o)
 .debug_line    0x00008a0f      0x1d4 ./out/lib/rtos.a(GetResource.o)
 .debug_line    0x00008be3      0x1e4 ./out/lib/rtos.a(ReleaseResource.o)
 .debug_line    0x00008dc7      0x1d6 ./out/lib/rtos.a(SetRelAlarm.o)
 .debug_line    0x00008f9d      0x1f2 ./out/lib/rtos.a(StartOs_Arch.o)
 .debug_line    0x0000918f      0x206 ./out/lib/rtos.a(Os_Internal_Arch.o)
 .debug_line    0x00009395      0x18d ./out/lib/rtos.a(Os_Cfg.o)
 .debug_line    0x00009522      0x196 ./out/lib/rtos.a(Os_Internal_Cfg.o)
 .debug_line    0x000096b8      0x7ff ./out/lib/rtos.a(Os_Internal_Arch_Cfg.o)
 .debug_line    0x00009eb7      0x205 ./out/lib/rtos.a(SetEvent.o)
 .debug_line    0x0000a0bc      0x6ee ./out/lib/rtos.a(StartOs_Arch_SysTick.o)
 .debug_line    0x0000a7aa       0x7b ./out/lib/rtos.a(PendSV.o)
 .debug_line    0x0000a825      0x650 ./out/lib/posix.a(ciaaSerialDevices.o)
 .debug_line    0x0000ae75      0x5ab ./out/lib/posix.a(ciaaBlockDevices.o)
 .debug_line    0x0000b420      0x32f ./out/lib/posix.a(ciaaPOSIX_stdlib.o)
 .debug_line    0x0000b74f      0x217 ./out/lib/posix.a(ciaaPOSIX_semaphore.o)
 .debug_line    0x0000b966      0x486 ./out/lib/posix.a(ciaaDioDevices.o)
 .debug_line    0x0000bdec      0x1d9 ./out/lib/posix.a(ciaaPOSIX_errno.o)
 .debug_line    0x0000bfc5      0x6bd ./out/lib/ext_drivers.a(chip_18xx_43xx.o)
 .debug_line    0x0000c682      0x1a8 ./out/lib/rtos.a(GetTaskID.o)
 .debug_line    0x0000c82a      0x1c7 ./out/lib/rtos.a(ClearEvent.o)
 .debug_line    0x0000c9f1      0x1fb ./out/lib/rtos.a(WaitEvent.o)
 .debug_line    0x0000cbec      0x39b ./out/lib/libs.a(ciaaLibs_CircBuf.o)

.debug_str      0x00000000    0x1c643
 .debug_str     0x00000000     0x5013 ./out/obj/blinking.o
                               0x5207 (size before relaxing)
 .debug_str     0x00005013       0x49 ./out/obj/crp.o
                               0x2446 (size before relaxing)
 .debug_str     0x0000505c      0x38f ./out/lib/posix.a(ciaaPOSIX_stdio.o)
                               0x54f0 (size before relaxing)
 .debug_str     0x000053eb       0x25 ./out/lib/posix.a(ciaaPOSIX_assert.o)
                               0x242f (size before relaxing)
 .debug_str     0x00005410       0xba ./out/lib/posix.a(ciaaPOSIX_string.o)
                               0x3f06 (size before relaxing)
 .debug_str     0x000054ca       0x90 ./out/lib/posix.a(ciaaDevices.o)
                               0x45e4 (size before relaxing)
 .debug_str     0x0000555a       0xdf ./out/lib/ciaak.a(ciaak_main.o)
                               0x4519 (size before relaxing)
 .debug_str     0x00005639    0x120ef ./out/lib/drivers.a(ciaaDriverUart.o)
                              0x1746e (size before relaxing)
 .debug_str     0x00017728      0x322 ./out/lib/drivers.a(ciaaDriverDio.o)
                              0x1613b (size before relaxing)
 .debug_str     0x00017a4a       0xc0 ./out/lib/drivers.a(ciaaDriverFlash.o)
                               0x4007 (size before relaxing)
 .debug_str     0x00017b0a      0xb3f ./out/lib/drivers.a(ciaaDriverAio.o)
                              0x17cea (size before relaxing)
 .debug_str     0x00018649      0x15c ./out/lib/ext_drivers.a(gpio_18xx_43xx.o)
                              0x14413 (size before relaxing)
 .debug_str     0x000187a5      0x356 ./out/lib/ext_drivers.a(uart_18xx_43xx.o)
                              0x1514f (size before relaxing)
 .debug_str     0x00018afb      0x173 ./out/lib/ext_drivers.a(cr_startup_lpc43xx.o)
                               0x257b (size before relaxing)
 .debug_str     0x00018c6e      0x228 ./out/lib/ext_drivers.a(adc_18xx_43xx.o)
                              0x14b34 (size before relaxing)
 .debug_str     0x00018e96      0x5a8 ./out/lib/ext_drivers.a(gpdma_18xx_43xx.o)
                              0x155aa (size before relaxing)
 .debug_str     0x0001943e       0x8a ./out/lib/ext_drivers.a(dac_18xx_43xx.o)
                              0x1475f (size before relaxing)
 .debug_str     0x000194c8      0x75d ./out/lib/ext_drivers.a(clock_18xx_43xx.o)
                              0x15594 (size before relaxing)
 .debug_str     0x00019c25       0x31 ./out/lib/ext_drivers.a(sysinit.o)
                              0x14d10 (size before relaxing)
 .debug_str     0x00019c56       0xd5 ./out/lib/ext_drivers.a(fpu_init.o)
                               0x8ba6 (size before relaxing)
 .debug_str     0x00019d2b      0x101 ./out/lib/ext_drivers.a(sysinit_18xx_43xx.o)
                              0x14fd6 (size before relaxing)
 .debug_str     0x00019e2c     0x1010 ./out/lib/rtos.a(StartOS.o)
                               0x42ce (size before relaxing)
 .debug_str     0x0001ae3c      0x455 ./out/lib/rtos.a(Os_Internal.o)
                               0x46a9 (size before relaxing)
 .debug_str     0x0001b291       0xa0 ./out/lib/rtos.a(Schedule.o)
                               0x441f (size before relaxing)
 .debug_str     0x0001b331       0x2d ./out/lib/rtos.a(ActivateTask.o)
                               0x43a7 (size before relaxing)
 .debug_str     0x0001b35e       0x4f ./out/lib/rtos.a(Os.o)
                               0x41bd (size before relaxing)
 .debug_str     0x0001b3ad       0x2f ./out/lib/rtos.a(TerminateTask.o)
                               0x42f6 (size before relaxing)
 .debug_str     0x0001b3dc       0x2f ./out/lib/rtos.a(ShutdownOS.o)
                               0x4176 (size before relaxing)
 .debug_str     0x0001b40b       0x43 ./out/lib/rtos.a(GetResource.o)
                               0x43cf (size before relaxing)
 .debug_str     0x0001b44e       0x33 ./out/lib/rtos.a(ReleaseResource.o)
                               0x43e6 (size before relaxing)
 .debug_str     0x0001b481       0x2b ./out/lib/rtos.a(SetRelAlarm.o)
                               0x43e9 (size before relaxing)
 .debug_str     0x0001b4ac       0x47 ./out/lib/rtos.a(StartOs_Arch.o)
                               0x4190 (size before relaxing)
 .debug_str     0x0001b4f3       0x93 ./out/lib/rtos.a(Os_Internal_Arch.o)
                               0x4409 (size before relaxing)
 .debug_str     0x0001b586       0x15 ./out/lib/rtos.a(Os_Cfg.o)
                               0x41a0 (size before relaxing)
 .debug_str     0x0001b59b       0xbc ./out/lib/rtos.a(Os_Internal_Cfg.o)
                               0x4698 (size before relaxing)
 .debug_str     0x0001b657       0xdc ./out/lib/rtos.a(Os_Internal_Arch_Cfg.o)
                              0x16a70 (size before relaxing)
 .debug_str     0x0001b733       0x25 ./out/lib/rtos.a(SetEvent.o)
                               0x43c3 (size before relaxing)
 .debug_str     0x0001b758       0x83 ./out/lib/rtos.a(StartOs_Arch_SysTick.o)
                              0x14854 (size before relaxing)
 .debug_str     0x0001b7db      0x7e8 ./out/lib/posix.a(ciaaSerialDevices.o)
                               0x5c21 (size before relaxing)
 .debug_str     0x0001bfc3      0x1cb ./out/lib/posix.a(ciaaBlockDevices.o)
                               0x5b66 (size before relaxing)
 .debug_str     0x0001c18e      0x177 ./out/lib/posix.a(ciaaPOSIX_stdlib.o)
                               0x3fa5 (size before relaxing)
 .debug_str     0x0001c305       0x61 ./out/lib/posix.a(ciaaPOSIX_semaphore.o)
                               0x308c (size before relaxing)
 .debug_str     0x0001c366      0x11f ./out/lib/posix.a(ciaaDioDevices.o)
                               0x54be (size before relaxing)
 .debug_str     0x0001c485       0x24 ./out/lib/posix.a(ciaaPOSIX_errno.o)
                               0x305e (size before relaxing)
 .debug_str     0x0001c4a9       0x93 ./out/lib/ext_drivers.a(chip_18xx_43xx.o)
                              0x15007 (size before relaxing)
 .debug_str     0x0001c53c       0x27 ./out/lib/rtos.a(GetTaskID.o)
                               0x4196 (size before relaxing)
 .debug_str     0x0001c563       0x29 ./out/lib/rtos.a(ClearEvent.o)
                               0x43d5 (size before relaxing)
 .debug_str     0x0001c58c       0x27 ./out/lib/rtos.a(WaitEvent.o)
                               0x43ec (size before relaxing)
 .debug_str     0x0001c5b3       0x90 ./out/lib/libs.a(ciaaLibs_CircBuf.o)
                               0x4445 (size before relaxing)

.comment        0x00000000       0x70
 .comment       0x00000000       0x70 ./out/obj/blinking.o
                                 0x71 (size before relaxing)
 .comment       0x00000000       0x71 ./out/obj/crp.o
 .comment       0x00000000       0x71 ./out/lib/posix.a(ciaaPOSIX_stdio.o)
 .comment       0x00000000       0x71 ./out/lib/posix.a(ciaaPOSIX_assert.o)
 .comment       0x00000000       0x71 ./out/lib/posix.a(ciaaPOSIX_string.o)
 .comment       0x00000000       0x71 ./out/lib/posix.a(ciaaDevices.o)
 .comment       0x00000000       0x71 ./out/lib/ciaak.a(ciaak_main.o)
 .comment       0x00000000       0x71 ./out/lib/drivers.a(ciaaDriverUart.o)
 .comment       0x00000000       0x71 ./out/lib/drivers.a(ciaaDriverDio.o)
 .comment       0x00000000       0x71 ./out/lib/drivers.a(ciaaDriverFlash.o)
 .comment       0x00000000       0x71 ./out/lib/drivers.a(ciaaDriverAio.o)
 .comment       0x00000000       0x71 ./out/lib/ext_drivers.a(gpio_18xx_43xx.o)
 .comment       0x00000000       0x71 ./out/lib/ext_drivers.a(uart_18xx_43xx.o)
 .comment       0x00000000       0x71 ./out/lib/ext_drivers.a(cr_startup_lpc43xx.o)
 .comment       0x00000000       0x71 ./out/lib/ext_drivers.a(adc_18xx_43xx.o)
 .comment       0x00000000       0x71 ./out/lib/ext_drivers.a(gpdma_18xx_43xx.o)
 .comment       0x00000000       0x71 ./out/lib/ext_drivers.a(dac_18xx_43xx.o)
 .comment       0x00000000       0x71 ./out/lib/ext_drivers.a(clock_18xx_43xx.o)
 .comment       0x00000000       0x71 ./out/lib/ext_drivers.a(sysinit.o)
 .comment       0x00000000       0x71 ./out/lib/ext_drivers.a(fpu_init.o)
 .comment       0x00000000       0x71 ./out/lib/ext_drivers.a(sysinit_18xx_43xx.o)
 .comment       0x00000000       0x71 ./out/lib/rtos.a(StartOS.o)
 .comment       0x00000000       0x71 ./out/lib/rtos.a(Os_Internal.o)
 .comment       0x00000000       0x71 ./out/lib/rtos.a(Schedule.o)
 .comment       0x00000000       0x71 ./out/lib/rtos.a(ActivateTask.o)
 .comment       0x00000000       0x71 ./out/lib/rtos.a(Os.o)
 .comment       0x00000000       0x71 ./out/lib/rtos.a(TerminateTask.o)
 .comment       0x00000000       0x71 ./out/lib/rtos.a(ShutdownOS.o)
 .comment       0x00000000       0x71 ./out/lib/rtos.a(GetResource.o)
 .comment       0x00000000       0x71 ./out/lib/rtos.a(ReleaseResource.o)
 .comment       0x00000000       0x71 ./out/lib/rtos.a(SetRelAlarm.o)
 .comment       0x00000000       0x71 ./out/lib/rtos.a(StartOs_Arch.o)
 .comment       0x00000000       0x71 ./out/lib/rtos.a(Os_Internal_Arch.o)
 .comment       0x00000000       0x71 ./out/lib/rtos.a(Os_Cfg.o)
 .comment       0x00000000       0x71 ./out/lib/rtos.a(Os_Internal_Cfg.o)
 .comment       0x00000000       0x71 ./out/lib/rtos.a(Os_Internal_Arch_Cfg.o)
 .comment       0x00000000       0x71 ./out/lib/rtos.a(SetEvent.o)
 .comment       0x00000000       0x71 ./out/lib/rtos.a(StartOs_Arch_SysTick.o)
 .comment       0x00000000       0x71 ./out/lib/posix.a(ciaaSerialDevices.o)
 .comment       0x00000000       0x71 ./out/lib/posix.a(ciaaBlockDevices.o)
 .comment       0x00000000       0x71 ./out/lib/posix.a(ciaaPOSIX_stdlib.o)
 .comment       0x00000000       0x71 ./out/lib/posix.a(ciaaPOSIX_semaphore.o)
 .comment       0x00000000       0x71 ./out/lib/posix.a(ciaaDioDevices.o)
 .comment       0x00000000       0x71 ./out/lib/posix.a(ciaaPOSIX_errno.o)
 .comment       0x00000000       0x71 ./out/lib/ext_drivers.a(chip_18xx_43xx.o)
 .comment       0x00000000       0x71 ./out/lib/rtos.a(GetTaskID.o)
 .comment       0x00000000       0x71 ./out/lib/rtos.a(ClearEvent.o)
 .comment       0x00000000       0x71 ./out/lib/rtos.a(WaitEvent.o)
 .comment       0x00000000       0x71 ./out/lib/libs.a(ciaaLibs_CircBuf.o)

.ARM.attributes
                0x00000000       0x35
 .ARM.attributes
                0x00000000       0x37 ./out/obj/blinking.o
 .ARM.attributes
                0x00000037       0x37 ./out/obj/crp.o
 .ARM.attributes
                0x0000006e       0x37 ./out/lib/posix.a(ciaaPOSIX_stdio.o)
 .ARM.attributes
                0x000000a5       0x37 ./out/lib/posix.a(ciaaPOSIX_assert.o)
 .ARM.attributes
                0x000000dc       0x37 ./out/lib/posix.a(ciaaPOSIX_string.o)
 .ARM.attributes
                0x00000113       0x37 ./out/lib/posix.a(ciaaDevices.o)
 .ARM.attributes
                0x0000014a       0x37 ./out/lib/ciaak.a(ciaak_main.o)
 .ARM.attributes
                0x00000181       0x37 ./out/lib/drivers.a(ciaaDriverUart.o)
 .ARM.attributes
                0x000001b8       0x37 ./out/lib/drivers.a(ciaaDriverDio.o)
 .ARM.attributes
                0x000001ef       0x37 ./out/lib/drivers.a(ciaaDriverFlash.o)
 .ARM.attributes
                0x00000226       0x37 ./out/lib/drivers.a(ciaaDriverAio.o)
 .ARM.attributes
                0x0000025d       0x37 ./out/lib/ext_drivers.a(gpio_18xx_43xx.o)
 .ARM.attributes
                0x00000294       0x37 ./out/lib/ext_drivers.a(uart_18xx_43xx.o)
 .ARM.attributes
                0x000002cb       0x37 ./out/lib/ext_drivers.a(cr_startup_lpc43xx.o)
 .ARM.attributes
                0x00000302       0x37 ./out/lib/ext_drivers.a(adc_18xx_43xx.o)
 .ARM.attributes
                0x00000339       0x37 ./out/lib/ext_drivers.a(gpdma_18xx_43xx.o)
 .ARM.attributes
                0x00000370       0x37 ./out/lib/ext_drivers.a(dac_18xx_43xx.o)
 .ARM.attributes
                0x000003a7       0x37 ./out/lib/ext_drivers.a(clock_18xx_43xx.o)
 .ARM.attributes
                0x000003de       0x37 ./out/lib/ext_drivers.a(sysinit.o)
 .ARM.attributes
                0x00000415       0x37 ./out/lib/ext_drivers.a(fpu_init.o)
 .ARM.attributes
                0x0000044c       0x37 ./out/lib/ext_drivers.a(sysinit_18xx_43xx.o)
 .ARM.attributes
                0x00000483       0x37 ./out/lib/rtos.a(StartOS.o)
 .ARM.attributes
                0x000004ba       0x37 ./out/lib/rtos.a(Os_Internal.o)
 .ARM.attributes
                0x000004f1       0x37 ./out/lib/rtos.a(Schedule.o)
 .ARM.attributes
                0x00000528       0x37 ./out/lib/rtos.a(ActivateTask.o)
 .ARM.attributes
                0x0000055f       0x37 ./out/lib/rtos.a(Os.o)
 .ARM.attributes
                0x00000596       0x37 ./out/lib/rtos.a(TerminateTask.o)
 .ARM.attributes
                0x000005cd       0x37 ./out/lib/rtos.a(ShutdownOS.o)
 .ARM.attributes
                0x00000604       0x37 ./out/lib/rtos.a(GetResource.o)
 .ARM.attributes
                0x0000063b       0x37 ./out/lib/rtos.a(ReleaseResource.o)
 .ARM.attributes
                0x00000672       0x37 ./out/lib/rtos.a(SetRelAlarm.o)
 .ARM.attributes
                0x000006a9       0x37 ./out/lib/rtos.a(StartOs_Arch.o)
 .ARM.attributes
                0x000006e0       0x37 ./out/lib/rtos.a(Os_Internal_Arch.o)
 .ARM.attributes
                0x00000717       0x37 ./out/lib/rtos.a(Os_Cfg.o)
 .ARM.attributes
                0x0000074e       0x37 ./out/lib/rtos.a(Os_Internal_Cfg.o)
 .ARM.attributes
                0x00000785       0x37 ./out/lib/rtos.a(Os_Internal_Arch_Cfg.o)
 .ARM.attributes
                0x000007bc       0x37 ./out/lib/rtos.a(SetEvent.o)
 .ARM.attributes
                0x000007f3       0x37 ./out/lib/rtos.a(StartOs_Arch_SysTick.o)
 .ARM.attributes
                0x0000082a       0x25 ./out/lib/rtos.a(PendSV.o)
 .ARM.attributes
                0x0000084f       0x37 ./out/lib/posix.a(ciaaSerialDevices.o)
 .ARM.attributes
                0x00000886       0x37 ./out/lib/posix.a(ciaaBlockDevices.o)
 .ARM.attributes
                0x000008bd       0x37 ./out/lib/posix.a(ciaaPOSIX_stdlib.o)
 .ARM.attributes
                0x000008f4       0x37 ./out/lib/posix.a(ciaaPOSIX_semaphore.o)
 .ARM.attributes
                0x0000092b       0x37 ./out/lib/posix.a(ciaaDioDevices.o)
 .ARM.attributes
                0x00000962       0x37 ./out/lib/posix.a(ciaaPOSIX_errno.o)
 .ARM.attributes
                0x00000999       0x37 ./out/lib/ext_drivers.a(chip_18xx_43xx.o)
 .ARM.attributes
                0x000009d0       0x37 ./out/lib/rtos.a(GetTaskID.o)
 .ARM.attributes
                0x00000a07       0x37 ./out/lib/rtos.a(ClearEvent.o)
 .ARM.attributes
                0x00000a3e       0x37 ./out/lib/rtos.a(WaitEvent.o)
 .ARM.attributes
                0x00000a75       0x37 ./out/lib/libs.a(ciaaLibs_CircBuf.o)
 .ARM.attributes
                0x00000aac       0x32 c:/ciaa/cygwin/usr/arm-none-eabi/bin/../lib/gcc/arm-none-eabi/4.8.4/../../../../arm-none-eabi/lib/armv7e-m/softfp\libc.a(lib_a-memset.o)

.debug_frame    0x00000000     0x2508
 .debug_frame   0x00000000       0xa0 ./out/obj/blinking.o
 .debug_frame   0x000000a0      0x114 ./out/lib/posix.a(ciaaPOSIX_stdio.o)
 .debug_frame   0x000001b4       0xf4 ./out/lib/posix.a(ciaaPOSIX_string.o)
 .debug_frame   0x000002a8       0x64 ./out/lib/posix.a(ciaaDevices.o)
 .debug_frame   0x0000030c       0x4c ./out/lib/ciaak.a(ciaak_main.o)
 .debug_frame   0x00000358      0x2c0 ./out/lib/drivers.a(ciaaDriverUart.o)
 .debug_frame   0x00000618      0x1f4 ./out/lib/drivers.a(ciaaDriverDio.o)
 .debug_frame   0x0000080c       0xb4 ./out/lib/drivers.a(ciaaDriverFlash.o)
 .debug_frame   0x000008c0      0x260 ./out/lib/drivers.a(ciaaDriverAio.o)
 .debug_frame   0x00000b20      0x130 ./out/lib/ext_drivers.a(gpio_18xx_43xx.o)
 .debug_frame   0x00000c50      0x3d4 ./out/lib/ext_drivers.a(uart_18xx_43xx.o)
 .debug_frame   0x00001024       0x68 ./out/lib/ext_drivers.a(cr_startup_lpc43xx.o)
 .debug_frame   0x0000108c      0x1f0 ./out/lib/ext_drivers.a(adc_18xx_43xx.o)
 .debug_frame   0x0000127c      0x1d4 ./out/lib/ext_drivers.a(gpdma_18xx_43xx.o)
 .debug_frame   0x00001450       0x88 ./out/lib/ext_drivers.a(dac_18xx_43xx.o)
 .debug_frame   0x000014d8      0x41c ./out/lib/ext_drivers.a(clock_18xx_43xx.o)
 .debug_frame   0x000018f4       0x30 ./out/lib/ext_drivers.a(sysinit.o)
 .debug_frame   0x00001924       0x2c ./out/lib/ext_drivers.a(fpu_init.o)
 .debug_frame   0x00001950       0xd0 ./out/lib/ext_drivers.a(sysinit_18xx_43xx.o)
 .debug_frame   0x00001a20       0x30 ./out/lib/rtos.a(StartOS.o)
 .debug_frame   0x00001a50       0xbc ./out/lib/rtos.a(Os_Internal.o)
 .debug_frame   0x00001b0c       0x30 ./out/lib/rtos.a(Schedule.o)
 .debug_frame   0x00001b3c       0x30 ./out/lib/rtos.a(ActivateTask.o)
 .debug_frame   0x00001b6c       0x30 ./out/lib/rtos.a(TerminateTask.o)
 .debug_frame   0x00001b9c       0x2c ./out/lib/rtos.a(ShutdownOS.o)
 .debug_frame   0x00001bc8       0x30 ./out/lib/rtos.a(GetResource.o)
 .debug_frame   0x00001bf8       0x30 ./out/lib/rtos.a(ReleaseResource.o)
 .debug_frame   0x00001c28       0x30 ./out/lib/rtos.a(SetRelAlarm.o)
 .debug_frame   0x00001c58       0x4c ./out/lib/rtos.a(StartOs_Arch.o)
 .debug_frame   0x00001ca4       0x80 ./out/lib/rtos.a(Os_Internal_Arch.o)
 .debug_frame   0x00001d24      0x100 ./out/lib/rtos.a(Os_Internal_Arch_Cfg.o)
 .debug_frame   0x00001e24       0x30 ./out/lib/rtos.a(SetEvent.o)
 .debug_frame   0x00001e54       0x68 ./out/lib/rtos.a(StartOs_Arch_SysTick.o)
 .debug_frame   0x00001ebc      0x12c ./out/lib/posix.a(ciaaSerialDevices.o)
 .debug_frame   0x00001fe8      0x14c ./out/lib/posix.a(ciaaBlockDevices.o)
 .debug_frame   0x00002134       0x8c ./out/lib/posix.a(ciaaPOSIX_stdlib.o)
 .debug_frame   0x000021c0       0x64 ./out/lib/posix.a(ciaaPOSIX_semaphore.o)
 .debug_frame   0x00002224       0xe8 ./out/lib/posix.a(ciaaDioDevices.o)
 .debug_frame   0x0000230c       0x98 ./out/lib/ext_drivers.a(chip_18xx_43xx.o)
 .debug_frame   0x000023a4       0x2c ./out/lib/rtos.a(GetTaskID.o)
 .debug_frame   0x000023d0       0x30 ./out/lib/rtos.a(ClearEvent.o)
 .debug_frame   0x00002400       0x30 ./out/lib/rtos.a(WaitEvent.o)
 .debug_frame   0x00002430       0xac ./out/lib/libs.a(ciaaLibs_CircBuf.o)
 .debug_frame   0x000024dc       0x2c c:/ciaa/cygwin/usr/arm-none-eabi/bin/../lib/gcc/arm-none-eabi/4.8.4/../../../../arm-none-eabi/lib/armv7e-m/softfp\libc.a(lib_a-memset.o)